Analyzing aelmamclinic...

   info - Use 'package:' imports for files in the 'lib' directory - lib\core\constants.dart:3:8 - always_use_package_imports
   info - Type could be non-nullable - lib\core\constants.dart:123:21 - unnecessary_nullable_for_final_variable_declarations
   info - Type could be non-nullable - lib\core\constants.dart:124:21 - unnecessary_nullable_for_final_variable_declarations
   info - Missing a required trailing comma - lib\core\constants_supabase_override_loader_io.dart:58:55 - require_trailing_commas
   info - Missing a required trailing comma - lib\core\constants_supabase_override_loader_io.dart:61:60 - require_trailing_commas
   info - Use 'package:' imports for files in the 'lib' directory - lib\core\features.dart:23:8 - always_use_package_imports
   info - 'surfaceVariant' is deprecated and shouldn't be used. Use surfaceContainerHighest instead. This feature was deprecated
          after v3.18.0-0.1.pre - lib\core\features.dart:303:23 - deprecated_member_use
   info - 'withOpacity' is deprecated and shouldn't be used. Use .withValues() to avoid precision loss -
          lib\core\features.dart:303:38 - deprecated_member_use
   info - 'withOpacity' is deprecated and shouldn't be used. Use .withValues() to avoid precision loss -
          lib\core\features.dart:305:50 - deprecated_member_use
   info - Unnecessary 'this.' qualifier - lib\core\features.dart:340:18 - unnecessary_this
   info - Missing a required trailing comma - lib\core\formatters.dart:30:5 - require_trailing_commas
   info - Missing a required trailing comma - lib\core\formatters.dart:42:5 - require_trailing_commas
   info - Missing a required trailing comma - lib\core\formatters.dart:65:5 - require_trailing_commas
   info - Missing a required trailing comma - lib\core\formatters.dart:89:5 - require_trailing_commas
   info - Use 'package:' imports for files in the 'lib' directory - lib\core\neumorphism.dart:3:8 - always_use_package_imports
   info - 'withOpacity' is deprecated and shouldn't be used. Use .withValues() to avoid precision loss -
          lib\core\neumorphism.dart:9:25 - deprecated_member_use
   info - 'withOpacity' is deprecated and shouldn't be used. Use .withValues() to avoid precision loss -
          lib\core\neumorphism.dart:19:22 - deprecated_member_use
   info - 'withOpacity' is deprecated and shouldn't be used. Use .withValues() to avoid precision loss -
          lib\core\neumorphism.dart:20:33 - deprecated_member_use
   info - 'withOpacity' is deprecated and shouldn't be used. Use .withValues() to avoid precision loss -
          lib\core\neumorphism.dart:285:43 - deprecated_member_use
   info - 'withOpacity' is deprecated and shouldn't be used. Use .withValues() to avoid precision loss -
          lib\core\neumorphism.dart:318:43 - deprecated_member_use
   info - 'withOpacity' is deprecated and shouldn't be used. Use .withValues() to avoid precision loss -
          lib\core\neumorphism.dart:321:62 - deprecated_member_use
   info - Use 'package:' imports for files in the 'lib' directory - lib\core\storage_service.dart:31:8 - always_use_package_imports
   info - Angle brackets will be interpreted as HTML - lib\core\storage_service.dart:241:43 - unintended_html_in_doc_comment
   info - Angle brackets will be interpreted as HTML - lib\core\storage_service.dart:241:60 - unintended_html_in_doc_comment
   info - Angle brackets will be interpreted as HTML - lib\core\storage_service.dart:241:72 - unintended_html_in_doc_comment
   info - Angle brackets will be interpreted as HTML - lib\core\storage_service.dart:242:41 - unintended_html_in_doc_comment
   info - Angle brackets will be interpreted as HTML - lib\core\storage_service.dart:242:58 - unintended_html_in_doc_comment
   info - Angle brackets will be interpreted as HTML - lib\core\storage_service.dart:242:70 - unintended_html_in_doc_comment
   info - Angle brackets will be interpreted as HTML - lib\core\storage_service.dart:331:55 - unintended_html_in_doc_comment
   info - Angle brackets will be interpreted as HTML - lib\core\storage_service.dart:331:62 - unintended_html_in_doc_comment
   info - Use 'package:' imports for files in the 'lib' directory - lib\core\tbian_ui.dart:2:8 - always_use_package_imports
   info - Use 'package:' imports for files in the 'lib' directory - lib\core\tbian_ui.dart:3:8 - always_use_package_imports
   info - 'withOpacity' is deprecated and shouldn't be used. Use .withValues() to avoid precision loss - lib\core\tbian_ui.dart:30:58
          - deprecated_member_use
   info - Missing a required trailing comma - lib\core\tbian_ui.dart:53:26 - require_trailing_commas
   info - 'withOpacity' is deprecated and shouldn't be used. Use .withValues() to avoid precision loss - lib\core\tbian_ui.dart:64:36
          - deprecated_member_use
   info - Missing a required trailing comma - lib\core\tbian_ui.dart:91:74 - require_trailing_commas
   info - Missing a required trailing comma - lib\core\tbian_ui.dart:107:74 - require_trailing_commas
   info - 'withOpacity' is deprecated and shouldn't be used. Use .withValues() to avoid precision loss -
          lib\core\tbian_ui.dart:113:48 - deprecated_member_use
   info - 'withOpacity' is deprecated and shouldn't be used. Use .withValues() to avoid precision loss -
          lib\core\tbian_ui.dart:117:55 - deprecated_member_use
   info - 'withOpacity' is deprecated and shouldn't be used. Use .withValues() to avoid precision loss -
          lib\core\tbian_ui.dart:170:52 - deprecated_member_use
   info - 'withOpacity' is deprecated and shouldn't be used. Use .withValues() to avoid precision loss - lib\core\theme.dart:35:39 -
          deprecated_member_use
   info - 'withOpacity' is deprecated and shouldn't be used. Use .withValues() to avoid precision loss - lib\core\theme.dart:93:33 -
          deprecated_member_use
   info - 'withOpacity' is deprecated and shouldn't be used. Use .withValues() to avoid precision loss - lib\core\theme.dart:139:54 -
          deprecated_member_use
   info - 'withOpacity' is deprecated and shouldn't be used. Use .withValues() to avoid precision loss - lib\core\theme.dart:140:55 -
          deprecated_member_use
   info - 'withOpacity' is deprecated and shouldn't be used. Use .withValues() to avoid precision loss - lib\core\theme.dart:141:43 -
          deprecated_member_use
   info - 'withOpacity' is deprecated and shouldn't be used. Use .withValues() to avoid precision loss - lib\core\theme.dart:142:43 -
          deprecated_member_use
   info - Use 'package:' imports for files in the 'lib' directory - lib\core\validators.dart:3:8 - always_use_package_imports
   info - Missing a required trailing comma - lib\core\validators.dart:67:37 - require_trailing_commas
   info - Use 'package:' imports for files in the 'lib' directory - lib\local\chat_local_store.dart:17:8 - always_use_package_imports
   info - Missing a required trailing comma - lib\local\chat_local_store.dart:381:6 - require_trailing_commas
   info - Missing a required trailing comma - lib\local\chat_local_store.dart:390:32 - require_trailing_commas
   info - Missing a required trailing comma - lib\local\chat_local_store.dart:408:6 - require_trailing_commas
   info - Use 'package:' imports for files in the 'lib' directory - lib\main.dart:27:8 - always_use_package_imports
   info - Use 'package:' imports for files in the 'lib' directory - lib\main.dart:28:8 - always_use_package_imports
   info - Use 'package:' imports for files in the 'lib' directory - lib\main.dart:29:8 - always_use_package_imports
   info - Use 'package:' imports for files in the 'lib' directory - lib\main.dart:30:8 - always_use_package_imports
   info - Use 'package:' imports for files in the 'lib' directory - lib\main.dart:31:8 - always_use_package_imports
   info - Use 'package:' imports for files in the 'lib' directory - lib\main.dart:32:8 - always_use_package_imports
   info - Use 'package:' imports for files in the 'lib' directory - lib\main.dart:35:8 - always_use_package_imports
   info - Use 'package:' imports for files in the 'lib' directory - lib\main.dart:36:8 - always_use_package_imports
   info - Use 'package:' imports for files in the 'lib' directory - lib\main.dart:37:8 - always_use_package_imports
   info - Use 'package:' imports for files in the 'lib' directory - lib\main.dart:38:8 - always_use_package_imports
   info - Use 'package:' imports for files in the 'lib' directory - lib\main.dart:41:8 - always_use_package_imports
   info - Use 'package:' imports for files in the 'lib' directory - lib\main.dart:42:8 - always_use_package_imports
   info - Use 'package:' imports for files in the 'lib' directory - lib\main.dart:43:8 - always_use_package_imports
   info - Use 'package:' imports for files in the 'lib' directory - lib\main.dart:44:8 - always_use_package_imports
   info - Use 'package:' imports for files in the 'lib' directory - lib\main.dart:45:8 - always_use_package_imports
   info - Use 'package:' imports for files in the 'lib' directory - lib\main.dart:46:8 - always_use_package_imports
   info - Use 'package:' imports for files in the 'lib' directory - lib\main.dart:47:8 - always_use_package_imports
   info - Use 'package:' imports for files in the 'lib' directory - lib\main.dart:48:8 - always_use_package_imports
   info - Use 'package:' imports for files in the 'lib' directory - lib\main.dart:49:8 - always_use_package_imports
   info - Use 'package:' imports for files in the 'lib' directory - lib\main.dart:50:8 - always_use_package_imports
   info - Use 'package:' imports for files in the 'lib' directory - lib\main.dart:51:8 - always_use_package_imports
   info - Use 'package:' imports for files in the 'lib' directory - lib\main.dart:52:8 - always_use_package_imports
   info - Use 'package:' imports for files in the 'lib' directory - lib\main.dart:53:8 - always_use_package_imports
   info - Use 'package:' imports for files in the 'lib' directory - lib\main.dart:54:8 - always_use_package_imports
   info - Use 'package:' imports for files in the 'lib' directory - lib\main.dart:57:8 - always_use_package_imports
   info - Use 'package:' imports for files in the 'lib' directory - lib\main.dart:58:8 - always_use_package_imports
   info - Use 'package:' imports for files in the 'lib' directory - lib\main.dart:61:8 - always_use_package_imports
   info - Use 'package:' imports for files in the 'lib' directory - lib\main.dart:62:8 - always_use_package_imports
   info - Use 'package:' imports for files in the 'lib' directory - lib\main.dart:63:8 - always_use_package_imports
   info - Missing a required trailing comma - lib\main.dart:102:66 - require_trailing_commas
   info - Missing a required trailing comma - lib\main.dart:180:71 - require_trailing_commas
   info - Missing a required trailing comma - lib\main.dart:183:63 - require_trailing_commas
   info - Missing a required trailing comma - lib\main.dart:252:63 - require_trailing_commas
   info - Missing a required trailing comma - lib\main.dart:399:55 - require_trailing_commas
   info - Use 'package:' imports for files in the 'lib' directory - lib\models\alert_setting.dart:2:8 - always_use_package_imports
   info - Unnecessary escape in string literal - lib\models\attachment.dart:51:46 - unnecessary_string_escapes
   info - Use 'package:' imports for files in the 'lib' directory - lib\models\chat_attachment.dart:10:8 - always_use_package_imports
   info - Use 'package:' imports for files in the 'lib' directory - lib\models\chat_attachment.dart:11:8 - always_use_package_imports
   info - Use 'package:' imports for files in the 'lib' directory - lib\models\chat_attachment_record.dart:11:8 -
          always_use_package_imports
   info - Library names are not necessary - lib\models\chat_conversation.dart:7:9 - unnecessary_library_name
   info - Use 'package:' imports for files in the 'lib' directory - lib\models\chat_conversation_record.dart:6:8 -
          always_use_package_imports
   info - Use 'package:' imports for files in the 'lib' directory - lib\models\chat_conversation_record.dart:7:8 -
          always_use_package_imports
   info - The local variable '_toBool' starts with an underscore - lib\models\chat_conversation_record.dart:114:10 -
          no_leading_underscores_for_local_identifiers
   info - Library names are not necessary - lib\models\chat_message.dart:10:9 - unnecessary_library_name
   info - Use 'package:' imports for files in the 'lib' directory - lib\models\chat_message.dart:13:8 - always_use_package_imports
   info - Library names are not necessary - lib\models\chat_participant.dart:38:9 - unnecessary_library_name
   info - Use 'package:' imports for files in the 'lib' directory - lib\models\chat_participant.dart:40:8 -
          always_use_package_imports
   info - Library names are not necessary - lib\models\chat_participant_record.dart:14:9 - unnecessary_library_name
   info - Use 'package:' imports for files in the 'lib' directory - lib\models\chat_participant_record.dart:16:8 -
          always_use_package_imports
   info - Library names are not necessary - lib\models\chat_reaction.dart:19:9 - unnecessary_library_name
   info - Use 'package:' imports for files in the 'lib' directory - lib\models\chat_reaction.dart:21:8 - always_use_package_imports
   info - Use the null-aware operator '?.' rather than an explicit 'null' comparison - lib\models\drug.dart:69:40 -
          prefer_null_aware_operators
   info - Use 'package:' imports for files in the 'lib' directory - lib\models\item.dart:2:8 - always_use_package_imports
   info - Use the null-aware operator '?.' rather than an explicit 'null' comparison - lib\models\patient_service.dart:71:40 -
          prefer_null_aware_operators
   info - Use the null-aware operator '?.' rather than an explicit 'null' comparison - lib\models\prescription.dart:91:40 -
          prefer_null_aware_operators
   info - Use the null-aware operator '?.' rather than an explicit 'null' comparison - lib\models\prescription_item.dart:69:40 -
          prefer_null_aware_operators
   info - Use 'package:' imports for files in the 'lib' directory - lib\models\purchase.dart:2:8 - always_use_package_imports
   info - Use 'package:' imports for files in the 'lib' directory - lib\providers\appointment_provider.dart:3:8 -
          always_use_package_imports
   info - Use 'package:' imports for files in the 'lib' directory - lib\providers\appointment_provider.dart:4:8 -
          always_use_package_imports
   info - The import of 'package:meta/meta.dart' is unnecessary because all of the used elements are also provided by the import of
          'package:flutter/widgets.dart' - lib\providers\auth_provider.dart:15:8 - unnecessary_import
   info - The imported package 'meta' isn't a dependency of the importing package - lib\providers\auth_provider.dart:15:8 -
          depend_on_referenced_packages
   info - The import of 'package:postgrest/postgrest.dart' is unnecessary because all of the used elements are also provided by the
          import of 'package:supabase_flutter/supabase_flutter.dart' - lib\providers\auth_provider.dart:19:8 - unnecessary_import
   info - The imported package 'postgrest' isn't a dependency of the importing package - lib\providers\auth_provider.dart:19:8 -
          depend_on_referenced_packages
   info - Use 'package:' imports for files in the 'lib' directory - lib\providers\auth_provider.dart:21:8 -
          always_use_package_imports
   info - Use 'package:' imports for files in the 'lib' directory - lib\providers\auth_provider.dart:22:8 -
          always_use_package_imports
   info - Use 'package:' imports for files in the 'lib' directory - lib\providers\auth_provider.dart:23:8 -
          always_use_package_imports
   info - Use 'package:' imports for files in the 'lib' directory - lib\providers\auth_provider.dart:24:8 -
          always_use_package_imports
   info - Missing a required trailing comma - lib\providers\auth_provider.dart:241:6 - require_trailing_commas
   info - Unnecessary braces in a string interpolation - lib\providers\auth_provider.dart:439:28 -
          unnecessary_brace_in_string_interps
   info - Use 'package:' imports for files in the 'lib' directory - lib\providers\chat_provider.dart:18:8 -
          always_use_package_imports
   info - Use 'package:' imports for files in the 'lib' directory - lib\providers\chat_provider.dart:19:8 -
          always_use_package_imports
   info - The prefix 'CM' isn't a lower_case_with_underscores identifier - lib\providers\chat_provider.dart:19:40 - library_prefixes
   info - Use 'package:' imports for files in the 'lib' directory - lib\providers\chat_provider.dart:20:8 -
          always_use_package_imports
   info - Use 'package:' imports for files in the 'lib' directory - lib\providers\chat_provider.dart:21:8 -
          always_use_package_imports
   info - Use 'package:' imports for files in the 'lib' directory - lib\providers\chat_provider.dart:22:8 -
          always_use_package_imports
   info - Missing a required trailing comma - lib\providers\chat_provider.dart:152:76 - require_trailing_commas
   info - Unnecessary cascade expression - lib\providers\chat_provider.dart:357:11 - avoid_single_cascade_in_expression_statements
   info - Unnecessary cascade expression - lib\providers\chat_provider.dart:358:11 - avoid_single_cascade_in_expression_statements
   info - Unnecessary cascade expression - lib\providers\chat_provider.dart:359:11 - avoid_single_cascade_in_expression_statements
   info - Unnecessary cascade expression - lib\providers\chat_provider.dart:360:11 - avoid_single_cascade_in_expression_statements
   info - The local variable '_mergeConv' starts with an underscore - lib\providers\chat_provider.dart:449:27 -
          no_leading_underscores_for_local_identifiers
   info - Missing a required trailing comma - lib\providers\chat_provider.dart:935:48 - require_trailing_commas
   info - Missing a required trailing comma - lib\providers\chat_provider.dart:1151:43 - require_trailing_commas
   info - Missing a required trailing comma - lib\providers\chat_provider.dart:1202:77 - require_trailing_commas
   info - Missing a required trailing comma - lib\providers\chat_provider.dart:1287:51 - require_trailing_commas
   info - Missing a required trailing comma - lib\providers\chat_provider.dart:1376:28 - require_trailing_commas
   info - The local variable '_parse' starts with an underscore - lib\providers\chat_provider.dart:1542:15 -
          no_leading_underscores_for_local_identifiers
   info - Use 'package:' imports for files in the 'lib' directory - lib\providers\repository_provider.dart:6:8 -
          always_use_package_imports
   info - Use 'package:' imports for files in the 'lib' directory - lib\providers\repository_provider.dart:7:8 -
          always_use_package_imports
   info - Use 'package:' imports for files in the 'lib' directory - lib\providers\repository_provider.dart:8:8 -
          always_use_package_imports
   info - Use 'package:' imports for files in the 'lib' directory - lib\providers\repository_provider.dart:11:8 -
          always_use_package_imports
   info - Use 'package:' imports for files in the 'lib' directory - lib\providers\repository_provider.dart:12:8 -
          always_use_package_imports
   info - Use 'package:' imports for files in the 'lib' directory - lib\providers\statistics_provider.dart:8:8 -
          always_use_package_imports
   info - Use 'package:' imports for files in the 'lib' directory - lib\providers\statistics_provider.dart:9:8 -
          always_use_package_imports
   info - Use 'package:' imports for files in the 'lib' directory - lib\providers\statistics_provider.dart:10:8 -
          always_use_package_imports
   info - Missing a required trailing comma - lib\providers\statistics_provider.dart:127:57 - require_trailing_commas
   info - Missing a required trailing comma - lib\providers\statistics_provider.dart:127:58 - require_trailing_commas
   info - Missing a required trailing comma - lib\providers\statistics_provider.dart:132:57 - require_trailing_commas
   info - Missing a required trailing comma - lib\providers\statistics_provider.dart:132:58 - require_trailing_commas
   info - Missing a required trailing comma - lib\providers\statistics_provider.dart:137:57 - require_trailing_commas
   info - Missing a required trailing comma - lib\providers\statistics_provider.dart:137:58 - require_trailing_commas
   info - Missing a required trailing comma - lib\providers\statistics_provider.dart:206:10 - require_trailing_commas
   info - Missing a required trailing comma - lib\providers\statistics_provider.dart:213:10 - require_trailing_commas
   info - Missing a required trailing comma - lib\providers\statistics_provider.dart:219:80 - require_trailing_commas
   info - Missing a required trailing comma - lib\providers\statistics_provider.dart:219:81 - require_trailing_commas
   info - Use 'package:' imports for files in the 'lib' directory - lib\repositories\chat_repository.dart:12:8 -
          always_use_package_imports
   info - Use 'package:' imports for files in the 'lib' directory - lib\repositories\chat_repository.dart:14:8 -
          always_use_package_imports
   info - Use 'package:' imports for files in the 'lib' directory - lib\repositories\chat_repository.dart:15:8 -
          always_use_package_imports
   info - The local variable '_tick' starts with an underscore - lib\repositories\chat_repository.dart:43:18 -
          no_leading_underscores_for_local_identifiers
   info - The local variable '_start' starts with an underscore - lib\repositories\chat_repository.dart:65:10 -
          no_leading_underscores_for_local_identifiers
   info - The local variable '_stop' starts with an underscore - lib\repositories\chat_repository.dart:80:18 -
          no_leading_underscores_for_local_identifiers
   info - Use 'package:' imports for files in the 'lib' directory - lib\screens\activation_screen.dart:17:8 -
          always_use_package_imports
   info - Use 'package:' imports for files in the 'lib' directory - lib\screens\activation_screen.dart:18:8 -
          always_use_package_imports
   info - Use 'package:' imports for files in the 'lib' directory - lib\screens\activation_screen.dart:20:8 -
          always_use_package_imports
   info - Use 'package:' imports for files in the 'lib' directory - lib\screens\activation_screen.dart:21:8 -
          always_use_package_imports
   info - 'Share' is deprecated and shouldn't be used. Use SharePlus instead - lib\screens\activation_screen.dart:110:11 -
          deprecated_member_use
   info - 'share' is deprecated and shouldn't be used. Use SharePlus.instance.share() instead -
          lib\screens\activation_screen.dart:110:17 - deprecated_member_use
   info - Missing a required trailing comma - lib\screens\activation_screen.dart:119:107 - require_trailing_commas
   info - Missing a required trailing comma - lib\screens\activation_screen.dart:123:41 - require_trailing_commas
   info - Missing a required trailing comma - lib\screens\activation_screen.dart:126:41 - require_trailing_commas
   info - Don't use 'BuildContext's across async gaps - lib\screens\activation_screen.dart:168:28 - use_build_context_synchronously
   info - Don't use 'BuildContext's across async gaps - lib\screens\activation_screen.dart:192:45 - use_build_context_synchronously
   info - 'withOpacity' is deprecated and shouldn't be used. Use .withValues() to avoid precision loss -
          lib\screens\activation_screen.dart:283:53 - deprecated_member_use
   info - Missing a required trailing comma - lib\screens\activation_screen.dart:295:59 - require_trailing_commas
   info - Missing a required trailing comma - lib\screens\activation_screen.dart:375:53 - require_trailing_commas
   info - Missing a required trailing comma - lib\screens\activation_screen.dart:383:75 - require_trailing_commas
   info - Missing a required trailing comma - lib\screens\activation_screen.dart:390:48 - require_trailing_commas
   info - 'withOpacity' is deprecated and shouldn't be used. Use .withValues() to avoid precision loss -
          lib\screens\activation_screen.dart:406:41 - deprecated_member_use
   info - Use 'package:' imports for files in the 'lib' directory - lib\screens\admin\admin_dashboard_screen.dart:3:8 -
          always_use_package_imports
   info - Use 'package:' imports for files in the 'lib' directory - lib\screens\admin\admin_dashboard_screen.dart:4:8 -
          always_use_package_imports
   info - Use 'package:' imports for files in the 'lib' directory - lib\screens\admin\admin_dashboard_screen.dart:5:8 -
          always_use_package_imports
   info - Use 'package:' imports for files in the 'lib' directory - lib\screens\admin\admin_dashboard_screen.dart:6:8 -
          always_use_package_imports
   info - Use 'package:' imports for files in the 'lib' directory - lib\screens\admin\admin_dashboard_screen.dart:9:8 -
          always_use_package_imports
   info - Use 'package:' imports for files in the 'lib' directory - lib\screens\admin\admin_dashboard_screen.dart:10:8 -
          always_use_package_imports
   info - Use 'package:' imports for files in the 'lib' directory - lib\screens\admin\admin_dashboard_screen.dart:11:8 -
          always_use_package_imports
   info - 'withOpacity' is deprecated and shouldn't be used. Use .withValues() to avoid precision loss -
          lib\screens\admin\admin_dashboard_screen.dart:338:58 - deprecated_member_use
   info - Missing a required trailing comma - lib\screens\admin\admin_dashboard_screen.dart:447:68 - require_trailing_commas
   info - 'withOpacity' is deprecated and shouldn't be used. Use .withValues() to avoid precision loss -
          lib\screens\admin\admin_dashboard_screen.dart:462:43 - deprecated_member_use
   info - 'withOpacity' is deprecated and shouldn't be used. Use .withValues() to avoid precision loss -
          lib\screens\admin\admin_dashboard_screen.dart:467:54 - deprecated_member_use
   info - 'value' is deprecated and shouldn't be used. Use initialValue instead. This will set the initial value for the form field.
          This feature was deprecated after v3.33.0-1.0.pre - lib\screens\admin\admin_dashboard_screen.dart:477:19 -
          deprecated_member_use
   info - Missing a required trailing comma - lib\screens\admin\admin_dashboard_screen.dart:481:70 - require_trailing_commas
   info - Missing a required trailing comma - lib\screens\admin\admin_dashboard_screen.dart:536:48 - require_trailing_commas
   info - 'withOpacity' is deprecated and shouldn't be used. Use .withValues() to avoid precision loss -
          lib\screens\admin\admin_dashboard_screen.dart:560:42 - deprecated_member_use
   info - 'withOpacity' is deprecated and shouldn't be used. Use .withValues() to avoid precision loss -
          lib\screens\admin\admin_dashboard_screen.dart:581:45 - deprecated_member_use
   info - Missing a required trailing comma - lib\screens\admin\admin_dashboard_screen.dart:601:70 - require_trailing_commas
   info - Use 'package:' imports for files in the 'lib' directory - lib\screens\appointments\advanced_booking_screen.dart:5:8 -
          always_use_package_imports
   info - Use 'package:' imports for files in the 'lib' directory - lib\screens\appointments\advanced_booking_screen.dart:6:8 -
          always_use_package_imports
   info - Use 'package:' imports for files in the 'lib' directory - lib\screens\appointments\advanced_booking_screen.dart:9:8 -
          always_use_package_imports
   info - Use 'package:' imports for files in the 'lib' directory - lib\screens\appointments\advanced_booking_screen.dart:10:8 -
          always_use_package_imports
   info - Invalid use of a private type in a public API - lib\screens\appointments\advanced_booking_screen.dart:18:3 -
          library_private_types_in_public_api
   info - Don't use 'BuildContext's across async gaps - lib\screens\appointments\advanced_booking_screen.dart:79:9 -
          use_build_context_synchronously
   info - 'withOpacity' is deprecated and shouldn't be used. Use .withValues() to avoid precision loss -
          lib\screens\appointments\advanced_booking_screen.dart:148:46 - deprecated_member_use
   info - Missing a required trailing comma - lib\screens\appointments\advanced_booking_screen.dart:153:47 - require_trailing_commas
   info - 'withOpacity' is deprecated and shouldn't be used. Use .withValues() to avoid precision loss -
          lib\screens\appointments\advanced_booking_screen.dart:178:45 - deprecated_member_use
   info - 'withOpacity' is deprecated and shouldn't be used. Use .withValues() to avoid precision loss -
          lib\screens\appointments\advanced_booking_screen.dart:183:56 - deprecated_member_use
   info - 'value' is deprecated and shouldn't be used. Use initialValue instead. This will set the initial value for the form field.
          This feature was deprecated after v3.33.0-1.0.pre - lib\screens\appointments\advanced_booking_screen.dart:193:21 -
          deprecated_member_use
   info - Missing a required trailing comma - lib\screens\appointments\advanced_booking_screen.dart:203:73 - require_trailing_commas
   info - Use 'package:' imports for files in the 'lib' directory - lib\screens\audit\logs_screen.dart:17:8 -
          always_use_package_imports
   info - Use 'package:' imports for files in the 'lib' directory - lib\screens\audit\logs_screen.dart:18:8 -
          always_use_package_imports
   info - Use 'package:' imports for files in the 'lib' directory - lib\screens\audit\logs_screen.dart:19:8 -
          always_use_package_imports
   info - 'withOpacity' is deprecated and shouldn't be used. Use .withValues() to avoid precision loss -
          lib\screens\audit\logs_screen.dart:236:50 - deprecated_member_use
   info - Missing a required trailing comma - lib\screens\audit\logs_screen.dart:240:58 - require_trailing_commas
   info - 'withOpacity' is deprecated and shouldn't be used. Use .withValues() to avoid precision loss -
          lib\screens\audit\logs_screen.dart:268:49 - deprecated_member_use
   info - 'withOpacity' is deprecated and shouldn't be used. Use .withValues() to avoid precision loss -
          lib\screens\audit\logs_screen.dart:276:49 - deprecated_member_use
   info - Missing a required trailing comma - lib\screens\audit\logs_screen.dart:354:59 - require_trailing_commas
   info - 'withOpacity' is deprecated and shouldn't be used. Use .withValues() to avoid precision loss -
          lib\screens\audit\logs_screen.dart:359:56 - deprecated_member_use
   info - Missing a required trailing comma - lib\screens\audit\logs_screen.dart:364:67 - require_trailing_commas
   info - Missing a required trailing comma - lib\screens\audit\logs_screen.dart:392:59 - require_trailing_commas
   info - 'withOpacity' is deprecated and shouldn't be used. Use .withValues() to avoid precision loss -
          lib\screens\audit\logs_screen.dart:397:56 - deprecated_member_use
   info - Missing a required trailing comma - lib\screens\audit\logs_screen.dart:402:67 - require_trailing_commas
   info - Missing a required trailing comma - lib\screens\audit\logs_screen.dart:429:57 - require_trailing_commas
   info - Missing a required trailing comma - lib\screens\audit\logs_screen.dart:436:77 - require_trailing_commas
   info - Missing a required trailing comma - lib\screens\audit\logs_screen.dart:438:75 - require_trailing_commas
   info - Missing a required trailing comma - lib\screens\audit\logs_screen.dart:440:75 - require_trailing_commas
   info - Missing a required trailing comma - lib\screens\audit\logs_screen.dart:442:75 - require_trailing_commas
   info - Missing a required trailing comma - lib\screens\audit\logs_screen.dart:456:58 - require_trailing_commas
   info - Missing a required trailing comma - lib\screens\audit\logs_screen.dart:476:58 - require_trailing_commas
   info - 'withOpacity' is deprecated and shouldn't be used. Use .withValues() to avoid precision loss -
          lib\screens\audit\logs_screen.dart:672:49 - deprecated_member_use
   info - 'withOpacity' is deprecated and shouldn't be used. Use .withValues() to avoid precision loss -
          lib\screens\audit\logs_screen.dart:708:45 - deprecated_member_use
   info - 'withOpacity' is deprecated and shouldn't be used. Use .withValues() to avoid precision loss -
          lib\screens\audit\logs_screen.dart:722:53 - deprecated_member_use
   info - 'withOpacity' is deprecated and shouldn't be used. Use .withValues() to avoid precision loss -
          lib\screens\audit\logs_screen.dart:740:43 - deprecated_member_use
   info - 'withOpacity' is deprecated and shouldn't be used. Use .withValues() to avoid precision loss -
          lib\screens\audit\logs_screen.dart:775:39 - deprecated_member_use
   info - 'withOpacity' is deprecated and shouldn't be used. Use .withValues() to avoid precision loss -
          lib\screens\audit\logs_screen.dart:783:53 - deprecated_member_use
   info - 'withOpacity' is deprecated and shouldn't be used. Use .withValues() to avoid precision loss -
          lib\screens\audit\logs_screen.dart:793:41 - deprecated_member_use
   info - Use 'package:' imports for files in the 'lib' directory - lib\screens\audit\permissions_screen.dart:19:8 -
          always_use_package_imports
   info - Use 'package:' imports for files in the 'lib' directory - lib\screens\audit\permissions_screen.dart:20:8 -
          always_use_package_imports
   info - Use 'package:' imports for files in the 'lib' directory - lib\screens\audit\permissions_screen.dart:21:8 -
          always_use_package_imports
   info - Missing a required trailing comma - lib\screens\audit\permissions_screen.dart:67:10 - require_trailing_commas
   info - Missing a required trailing comma - lib\screens\audit\permissions_screen.dart:113:13 - require_trailing_commas
   info - Missing a required trailing comma - lib\screens\audit\permissions_screen.dart:119:77 - require_trailing_commas
   info - Missing a required trailing comma - lib\screens\audit\permissions_screen.dart:137:79 - require_trailing_commas
   info - Missing a required trailing comma - lib\screens\audit\permissions_screen.dart:137:80 - require_trailing_commas
   info - Missing a required trailing comma - lib\screens\audit\permissions_screen.dart:196:45 - require_trailing_commas
   info - Missing a required trailing comma - lib\screens\audit\permissions_screen.dart:211:73 - require_trailing_commas
   info - 'withOpacity' is deprecated and shouldn't be used. Use .withValues() to avoid precision loss -
          lib\screens\audit\permissions_screen.dart:367:47 - deprecated_member_use
   info - Missing a required trailing comma - lib\screens\audit\permissions_screen.dart:397:21 - require_trailing_commas
   info - Missing a required trailing comma - lib\screens\audit\permissions_screen.dart:523:81 - require_trailing_commas
   info - Missing a required trailing comma - lib\screens\audit\permissions_screen.dart:525:78 - require_trailing_commas
   info - Missing a required trailing comma - lib\screens\audit\permissions_screen.dart:528:68 - require_trailing_commas
   info - Missing a required trailing comma - lib\screens\audit\permissions_screen.dart:531:76 - require_trailing_commas
   info - Missing a required trailing comma - lib\screens\audit\permissions_screen.dart:534:73 - require_trailing_commas
   info - Missing a required trailing comma - lib\screens\audit\permissions_screen.dart:536:76 - require_trailing_commas
   info - Missing a required trailing comma - lib\screens\audit\permissions_screen.dart:541:75 - require_trailing_commas
   info - Missing a required trailing comma - lib\screens\audit\permissions_screen.dart:547:60 - require_trailing_commas
   info - Missing a required trailing comma - lib\screens\audit\permissions_screen.dart:552:60 - require_trailing_commas
   info - 'withOpacity' is deprecated and shouldn't be used. Use .withValues() to avoid precision loss -
          lib\screens\audit\permissions_screen.dart:599:36 - deprecated_member_use
   info - Missing a required trailing comma - lib\screens\audit\permissions_screen.dart:622:55 - require_trailing_commas
   info - 'withOpacity' is deprecated and shouldn't be used. Use .withValues() to avoid precision loss -
          lib\screens\audit\permissions_screen.dart:626:53 - deprecated_member_use
   info - 'withOpacity' is deprecated and shouldn't be used. Use .withValues() to avoid precision loss -
          lib\screens\audit\permissions_screen.dart:653:45 - deprecated_member_use
   info - 'withOpacity' is deprecated and shouldn't be used. Use .withValues() to avoid precision loss -
          lib\screens\audit\permissions_screen.dart:665:45 - deprecated_member_use
   info - 'withOpacity' is deprecated and shouldn't be used. Use .withValues() to avoid precision loss -
          lib\screens\audit\permissions_screen.dart:767:48 - deprecated_member_use
   info - 'withOpacity' is deprecated and shouldn't be used. Use .withValues() to avoid precision loss -
          lib\screens\audit\permissions_screen.dart:864:54 - deprecated_member_use
   info - 'withOpacity' is deprecated and shouldn't be used. Use .withValues() to avoid precision loss -
          lib\screens\audit\permissions_screen.dart:936:41 - deprecated_member_use
   info - Use 'package:' imports for files in the 'lib' directory - lib\screens\auth\login_screen.dart:8:8 -
          always_use_package_imports
   info - Use 'package:' imports for files in the 'lib' directory - lib\screens\auth\login_screen.dart:11:8 -
          always_use_package_imports
   info - Use 'package:' imports for files in the 'lib' directory - lib\screens\auth\login_screen.dart:12:8 -
          always_use_package_imports
   info - Use 'package:' imports for files in the 'lib' directory - lib\screens\auth\login_screen.dart:13:8 -
          always_use_package_imports
   info - Use 'package:' imports for files in the 'lib' directory - lib\screens\auth\login_screen.dart:16:8 -
          always_use_package_imports
   info - Use 'package:' imports for files in the 'lib' directory - lib\screens\auth\login_screen.dart:17:8 -
          always_use_package_imports
   info - Missing a required trailing comma - lib\screens\auth\login_screen.dart:174:65 - require_trailing_commas
   info - Use of 'return' in a 'finally' clause - lib\screens\auth\login_screen.dart:179:21 - control_flow_in_finally
   info - 'withOpacity' is deprecated and shouldn't be used. Use .withValues() to avoid precision loss -
          lib\screens\auth\login_screen.dart:223:50 - deprecated_member_use
   info - Missing a required trailing comma - lib\screens\auth\login_screen.dart:228:61 - require_trailing_commas
   info - Use 'package:' imports for files in the 'lib' directory - lib\screens\backup\backup_screen.dart:6:8 -
          always_use_package_imports
   info - Use 'package:' imports for files in the 'lib' directory - lib\screens\backup\backup_screen.dart:7:8 -
          always_use_package_imports
   info - Missing a required trailing comma - lib\screens\backup\backup_screen.dart:20:52 - require_trailing_commas
   info - Don't use 'BuildContext's across async gaps - lib\screens\backup\backup_screen.dart:24:28 - use_build_context_synchronously
   info - Missing a required trailing comma - lib\screens\backup\backup_screen.dart:26:79 - require_trailing_commas
   info - Don't use 'BuildContext's across async gaps - lib\screens\backup\backup_screen.dart:29:28 - use_build_context_synchronously
   info - Missing a required trailing comma - lib\screens\backup\backup_screen.dart:36:52 - require_trailing_commas
   info - Don't use 'BuildContext's across async gaps - lib\screens\backup\backup_screen.dart:56:28 - use_build_context_synchronously
   info - Don't use 'BuildContext's across async gaps - lib\screens\backup\backup_screen.dart:60:28 - use_build_context_synchronously
   info - Missing a required trailing comma - lib\screens\backup\backup_screen.dart:83:43 - require_trailing_commas
   info - Missing a required trailing comma - lib\screens\backup\backup_screen.dart:91:59 - require_trailing_commas
   info - 'withOpacity' is deprecated and shouldn't be used. Use .withValues() to avoid precision loss -
          lib\screens\backup\backup_screen.dart:120:38 - deprecated_member_use
   info - 'withOpacity' is deprecated and shouldn't be used. Use .withValues() to avoid precision loss -
          lib\screens\backup\backup_screen.dart:145:41 - deprecated_member_use
   info - Missing a required trailing comma - lib\screens\backup\backup_screen.dart:216:48 - require_trailing_commas
   info - Use 'package:' imports for files in the 'lib' directory - lib\screens\backup_restore_screen.dart:13:8 -
          always_use_package_imports
   info - Use 'package:' imports for files in the 'lib' directory - lib\screens\backup_restore_screen.dart:14:8 -
          always_use_package_imports
   info - Use 'package:' imports for files in the 'lib' directory - lib\screens\backup_restore_screen.dart:16:8 -
          always_use_package_imports
   info - Use 'package:' imports for files in the 'lib' directory - lib\screens\backup_restore_screen.dart:17:8 -
          always_use_package_imports
   info - Don't use 'BuildContext's across async gaps - lib\screens\backup_restore_screen.dart:111:7 -
          use_build_context_synchronously
   info - Missing a required trailing comma - lib\screens\backup_restore_screen.dart:115:72 - require_trailing_commas
   info - Missing a required trailing comma - lib\screens\backup_restore_screen.dart:119:48 - require_trailing_commas
   info - Missing a required trailing comma - lib\screens\backup_restore_screen.dart:122:48 - require_trailing_commas
   info - Don't use 'BuildContext's across async gaps - lib\screens\backup_restore_screen.dart:130:7 -
          use_build_context_synchronously
   info - Missing a required trailing comma - lib\screens\backup_restore_screen.dart:141:41 - require_trailing_commas
   info - Missing a required trailing comma - lib\screens\backup_restore_screen.dart:186:45 - require_trailing_commas
   info - Missing a required trailing comma - lib\screens\backup_restore_screen.dart:190:47 - require_trailing_commas
   info - Missing a required trailing comma - lib\screens\backup_restore_screen.dart:216:79 - require_trailing_commas
   info - 'Share' is deprecated and shouldn't be used. Use SharePlus instead - lib\screens\backup_restore_screen.dart:274:27 -
          deprecated_member_use
   info - 'shareXFiles' is deprecated and shouldn't be used. Use SharePlus.instance.share() instead -
          lib\screens\backup_restore_screen.dart:274:33 - deprecated_member_use
   info - Missing a required trailing comma - lib\screens\backup_restore_screen.dart:275:50 - require_trailing_commas
   info - Missing a required trailing comma - lib\screens\backup_restore_screen.dart:294:74 - require_trailing_commas
   info - 'Share' is deprecated and shouldn't be used. Use SharePlus instead - lib\screens\backup_restore_screen.dart:340:49 -
          deprecated_member_use
   info - 'shareXFiles' is deprecated and shouldn't be used. Use SharePlus.instance.share() instead -
          lib\screens\backup_restore_screen.dart:340:55 - deprecated_member_use
   info - Missing a required trailing comma - lib\screens\backup_restore_screen.dart:342:72 - require_trailing_commas
   info - Missing a required trailing comma - lib\screens\backup_restore_screen.dart:345:58 - require_trailing_commas
   info - Missing a required trailing comma - lib\screens\backup_restore_screen.dart:392:71 - require_trailing_commas
   info - Missing a required trailing comma - lib\screens\backup_restore_screen.dart:402:75 - require_trailing_commas
   info - 'withOpacity' is deprecated and shouldn't be used. Use .withValues() to avoid precision loss -
          lib\screens\backup_restore_screen.dart:410:55 - deprecated_member_use
   info - Missing a required trailing comma - lib\screens\backup_restore_screen.dart:410:71 - require_trailing_commas
   info - 'withOpacity' is deprecated and shouldn't be used. Use .withValues() to avoid precision loss -
          lib\screens\backup_restore_screen.dart:422:41 - deprecated_member_use
   info - Use 'package:' imports for files in the 'lib' directory - lib\screens\chat\chat_admin_inbox_screen.dart:14:8 -
          always_use_package_imports
   info - Use 'package:' imports for files in the 'lib' directory - lib\screens\chat\chat_admin_inbox_screen.dart:15:8 -
          always_use_package_imports
   info - Use 'package:' imports for files in the 'lib' directory - lib\screens\chat\chat_admin_inbox_screen.dart:16:8 -
          always_use_package_imports
   info - Use 'package:' imports for files in the 'lib' directory - lib\screens\chat\chat_admin_inbox_screen.dart:17:8 -
          always_use_package_imports
   info - Use 'package:' imports for files in the 'lib' directory - lib\screens\chat\chat_admin_inbox_screen.dart:18:8 -
          always_use_package_imports
   info - Use 'package:' imports for files in the 'lib' directory - lib\screens\chat\chat_admin_inbox_screen.dart:19:8 -
          always_use_package_imports
   info - Use 'package:' imports for files in the 'lib' directory - lib\screens\chat\chat_admin_inbox_screen.dart:20:8 -
          always_use_package_imports
   info - Missing a required trailing comma - lib\screens\chat\chat_admin_inbox_screen.dart:217:10 - require_trailing_commas
   info - Type could be non-nullable - lib\screens\chat\chat_admin_inbox_screen.dart:273:21 -
          unnecessary_nullable_for_final_variable_declarations
   info - Don't use 'BuildContext's across async gaps - lib\screens\chat\chat_admin_inbox_screen.dart:304:26 -
          use_build_context_synchronously
   info - 'withOpacity' is deprecated and shouldn't be used. Use .withValues() to avoid precision loss -
          lib\screens\chat\chat_admin_inbox_screen.dart:406:57 - deprecated_member_use
   info - Don't use 'BuildContext's across async gaps, guarded by an unrelated 'mounted' check -
          lib\screens\chat\chat_admin_inbox_screen.dart:444:48 - use_build_context_synchronously
   info - Use 'package:' imports for files in the 'lib' directory - lib\screens\chat\chat_home_screen.dart:16:8 -
          always_use_package_imports
   info - Missing a required trailing comma - lib\screens\chat\chat_home_screen.dart:211:58 - require_trailing_commas
   info - Don't use 'BuildContext's across async gaps - lib\screens\chat\chat_home_screen.dart:280:20 -
          use_build_context_synchronously
   info - Don't use 'BuildContext's across async gaps, guarded by an unrelated 'mounted' check -
          lib\screens\chat\chat_home_screen.dart:286:26 - use_build_context_synchronously
   info - Don't use 'BuildContext's across async gaps, guarded by an unrelated 'mounted' check -
          lib\screens\chat\chat_home_screen.dart:294:28 - use_build_context_synchronously
   info - Use 'package:' imports for files in the 'lib' directory - lib\screens\chat\chat_room_screen.dart:28:8 -
          always_use_package_imports
   info - Use 'package:' imports for files in the 'lib' directory - lib\screens\chat\chat_room_screen.dart:29:8 -
          always_use_package_imports
   info - Use 'package:' imports for files in the 'lib' directory - lib\screens\chat\chat_room_screen.dart:30:8 -
          always_use_package_imports
   info - Use 'package:' imports for files in the 'lib' directory - lib\screens\chat\chat_room_screen.dart:31:8 -
          always_use_package_imports
   info - Use 'package:' imports for files in the 'lib' directory - lib\screens\chat\chat_room_screen.dart:32:8 -
          always_use_package_imports
   info - Use 'package:' imports for files in the 'lib' directory - lib\screens\chat\chat_room_screen.dart:33:8 -
          always_use_package_imports
   info - Use 'package:' imports for files in the 'lib' directory - lib\screens\chat\chat_room_screen.dart:34:8 -
          always_use_package_imports
   info - Use 'package:' imports for files in the 'lib' directory - lib\screens\chat\chat_room_screen.dart:35:8 -
          always_use_package_imports
   info - Use 'package:' imports for files in the 'lib' directory - lib\screens\chat\chat_room_screen.dart:36:8 -
          always_use_package_imports
   info - Use 'package:' imports for files in the 'lib' directory - lib\screens\chat\chat_room_screen.dart:37:8 -
          always_use_package_imports
   info - Use 'package:' imports for files in the 'lib' directory - lib\screens\chat\chat_room_screen.dart:38:8 -
          always_use_package_imports
   info - Use 'package:' imports for files in the 'lib' directory - lib\screens\chat\chat_room_screen.dart:39:8 -
          always_use_package_imports
   info - Missing a required trailing comma - lib\screens\chat\chat_room_screen.dart:186:14 - require_trailing_commas
   info - Missing a required trailing comma - lib\screens\chat\chat_room_screen.dart:241:8 - require_trailing_commas
   info - Don't use 'BuildContext's across async gaps - lib\screens\chat\chat_room_screen.dart:303:7 -
          use_build_context_synchronously
   info - Missing a required trailing comma - lib\screens\chat\chat_room_screen.dart:326:81 - require_trailing_commas
   info - Don't use 'BuildContext's across async gaps - lib\screens\chat\chat_room_screen.dart:345:17 -
          use_build_context_synchronously
   info - Don't use 'BuildContext's across async gaps - lib\screens\chat\chat_room_screen.dart:359:17 -
          use_build_context_synchronously
   info - Don't use 'BuildContext's across async gaps - lib\screens\chat\chat_room_screen.dart:442:17 -
          use_build_context_synchronously
   info - Don't use 'BuildContext's across async gaps - lib\screens\chat\chat_room_screen.dart:465:19 -
          use_build_context_synchronously
   info - 'WillPopScope' is deprecated and shouldn't be used. Use PopScope instead. The Android predictive back feature will not work
          with WillPopScope. This feature was deprecated after v3.12.0-1.0.pre - lib\screens\chat\chat_room_screen.dart:592:23 -
          deprecated_member_use
   info - Missing a required trailing comma - lib\screens\chat\chat_room_screen.dart:658:85 - require_trailing_commas
   info - 'surfaceVariant' is deprecated and shouldn't be used. Use surfaceContainerHighest instead. This feature was deprecated
          after v3.18.0-0.1.pre - lib\screens\chat\chat_room_screen.dart:694:16 - deprecated_member_use
   info - 'withOpacity' is deprecated and shouldn't be used. Use .withValues() to avoid precision loss -
          lib\screens\chat\chat_room_screen.dart:694:31 - deprecated_member_use
   info - 'withOpacity' is deprecated and shouldn't be used. Use .withValues() to avoid precision loss -
          lib\screens\chat\chat_room_screen.dart:695:24 - deprecated_member_use
   info - 'withOpacity' is deprecated and shouldn't be used. Use .withValues() to avoid precision loss -
          lib\screens\chat\chat_room_screen.dart:715:34 - deprecated_member_use
   info - 'withOpacity' is deprecated and shouldn't be used. Use .withValues() to avoid precision loss -
          lib\screens\chat\chat_room_screen.dart:716:34 - deprecated_member_use
   info - 'withOpacity' is deprecated and shouldn't be used. Use .withValues() to avoid precision loss -
          lib\screens\chat\chat_room_screen.dart:748:45 - deprecated_member_use
   info - Missing a required trailing comma - lib\screens\chat\chat_room_screen.dart:812:70 - require_trailing_commas
   info - 'withOpacity' is deprecated and shouldn't be used. Use .withValues() to avoid precision loss -
          lib\screens\chat\chat_room_screen.dart:817:63 - deprecated_member_use
   info - 'withOpacity' is deprecated and shouldn't be used. Use .withValues() to avoid precision loss -
          lib\screens\chat\chat_room_screen.dart:825:63 - deprecated_member_use
   info - 'withOpacity' is deprecated and shouldn't be used. Use .withValues() to avoid precision loss -
          lib\screens\chat\chat_room_screen.dart:838:57 - deprecated_member_use
   info - Unnecessary braces in a string interpolation - lib\screens\chat\chat_room_screen.dart:842:79 -
          unnecessary_brace_in_string_interps
   info - 'withOpacity' is deprecated and shouldn't be used. Use .withValues() to avoid precision loss -
          lib\screens\chat\chat_room_screen.dart:960:59 - deprecated_member_use
   info - 'withOpacity' is deprecated and shouldn't be used. Use .withValues() to avoid precision loss -
          lib\screens\chat\chat_room_screen.dart:965:61 - deprecated_member_use
   info - Missing a required trailing comma - lib\screens\chat\chat_room_screen.dart:967:37 - require_trailing_commas
   info - Missing a required trailing comma - lib\screens\chat\chat_room_screen.dart:971:68 - require_trailing_commas
   info - 'withOpacity' is deprecated and shouldn't be used. Use .withValues() to avoid precision loss -
          lib\screens\chat\chat_room_screen.dart:1035:76 - deprecated_member_use
   info - 'withOpacity' is deprecated and shouldn't be used. Use .withValues() to avoid precision loss -
          lib\screens\chat\chat_room_screen.dart:1104:32 - deprecated_member_use
   info - 'withOpacity' is deprecated and shouldn't be used. Use .withValues() to avoid precision loss -
          lib\screens\chat\chat_room_screen.dart:1109:39 - deprecated_member_use
   info - 'withOpacity' is deprecated and shouldn't be used. Use .withValues() to avoid precision loss -
          lib\screens\chat\chat_room_screen.dart:1116:36 - deprecated_member_use
   info - 'withOpacity' is deprecated and shouldn't be used. Use .withValues() to avoid precision loss -
          lib\screens\chat\chat_room_screen.dart:1141:30 - deprecated_member_use
   info - 'withOpacity' is deprecated and shouldn't be used. Use .withValues() to avoid precision loss -
          lib\screens\chat\chat_room_screen.dart:1143:49 - deprecated_member_use
   info - 'withOpacity' is deprecated and shouldn't be used. Use .withValues() to avoid precision loss -
          lib\screens\chat\chat_room_screen.dart:1185:41 - deprecated_member_use
   info - 'withOpacity' is deprecated and shouldn't be used. Use .withValues() to avoid precision loss -
          lib\screens\chat\chat_room_screen.dart:1239:39 - deprecated_member_use
   info - 'withOpacity' is deprecated and shouldn't be used. Use .withValues() to avoid precision loss -
          lib\screens\chat\chat_room_screen.dart:1257:41 - deprecated_member_use
   info - 'withOpacity' is deprecated and shouldn't be used. Use .withValues() to avoid precision loss -
          lib\screens\chat\chat_room_screen.dart:1263:43 - deprecated_member_use
   info - Use 'package:' imports for files in the 'lib' directory - lib\screens\chat\chat_search_screen.dart:29:8 -
          always_use_package_imports
   info - Use 'package:' imports for files in the 'lib' directory - lib\screens\chat\chat_search_screen.dart:30:8 -
          always_use_package_imports
   info - Use 'package:' imports for files in the 'lib' directory - lib\screens\chat\chat_search_screen.dart:31:8 -
          always_use_package_imports
   info - Use 'package:' imports for files in the 'lib' directory - lib\screens\chat\chat_search_screen.dart:32:8 -
          always_use_package_imports
   info - Use 'package:' imports for files in the 'lib' directory - lib\screens\chat\chat_search_screen.dart:33:8 -
          always_use_package_imports
   info - 'withOpacity' is deprecated and shouldn't be used. Use .withValues() to avoid precision loss -
          lib\screens\chat\chat_search_screen.dart:341:50 - deprecated_member_use
   info - 'withOpacity' is deprecated and shouldn't be used. Use .withValues() to avoid precision loss -
          lib\screens\chat\chat_search_screen.dart:372:74 - deprecated_member_use
   info - 'withOpacity' is deprecated and shouldn't be used. Use .withValues() to avoid precision loss -
          lib\screens\chat\chat_search_screen.dart:533:43 - deprecated_member_use
   info - 'withOpacity' is deprecated and shouldn't be used. Use .withValues() to avoid precision loss -
          lib\screens\chat\chat_search_screen.dart:608:42 - deprecated_member_use
   info - Missing a required trailing comma - lib\screens\chat\chat_search_screen.dart:611:8 - require_trailing_commas
   info - 'withOpacity' is deprecated and shouldn't be used. Use .withValues() to avoid precision loss -
          lib\screens\chat\chat_search_screen.dart:637:64 - deprecated_member_use
   info - The import of 'dart:typed_data' is unnecessary because all of the used elements are also provided by the import of
          'package:flutter/services.dart' - lib\screens\chat\image_viewer_screen.dart:20:8 - unnecessary_import
   info - Missing a required trailing comma - lib\screens\chat\image_viewer_screen.dart:71:53 - require_trailing_commas
   info - Missing a required trailing comma - lib\screens\chat\image_viewer_screen.dart:163:5 - require_trailing_commas
   info - 'translate' is deprecated and shouldn't be used. Use translateByVector3, translateByVector4, or translateByDouble instead -
          lib\screens\chat\image_viewer_screen.dart:230:11 - deprecated_member_use
   info - 'scale' is deprecated and shouldn't be used. Use scaleByVector3, scaleByVector4, or scaleByDouble instead -
          lib\screens\chat\image_viewer_screen.dart:231:11 - deprecated_member_use
   info - 'translate' is deprecated and shouldn't be used. Use translateByVector3, translateByVector4, or translateByDouble instead -
          lib\screens\chat\image_viewer_screen.dart:232:11 - deprecated_member_use
   info - 'withOpacity' is deprecated and shouldn't be used. Use .withValues() to avoid precision loss -
          lib\screens\chat\image_viewer_screen.dart:338:39 - deprecated_member_use
   info - Don't use 'BuildContext's across async gaps, guarded by an unrelated 'mounted' check -
          lib\screens\chat\image_viewer_screen.dart:504:50 - use_build_context_synchronously
   info - Don't use 'BuildContext's across async gaps, guarded by an unrelated 'mounted' check -
          lib\screens\chat\image_viewer_screen.dart:506:46 - use_build_context_synchronously
   info - 'WillPopScope' is deprecated and shouldn't be used. Use PopScope instead. The Android predictive back feature will not work
          with WillPopScope. This feature was deprecated after v3.12.0-1.0.pre - lib\screens\chat\image_viewer_screen.dart:730:23 -
          deprecated_member_use
   info - 'withOpacity' is deprecated and shouldn't be used. Use .withValues() to avoid precision loss -
          lib\screens\chat\image_viewer_screen.dart:764:29 - deprecated_member_use
   info - Missing a required trailing comma - lib\screens\chat\image_viewer_screen.dart:788:38 - require_trailing_commas
   info - 'withOpacity' is deprecated and shouldn't be used. Use .withValues() to avoid precision loss -
          lib\screens\chat\image_viewer_screen.dart:814:29 - deprecated_member_use
   info - Use 'package:' imports for files in the 'lib' directory - lib\screens\chat\message_actions_sheet.dart:5:8 -
          always_use_package_imports
   info - Use 'package:' imports for files in the 'lib' directory - lib\screens\complaints\complaints_screen.dart:5:8 -
          always_use_package_imports
   info - Use 'package:' imports for files in the 'lib' directory - lib\screens\complaints\complaints_screen.dart:8:8 -
          always_use_package_imports
   info - Use 'package:' imports for files in the 'lib' directory - lib\screens\complaints\complaints_screen.dart:9:8 -
          always_use_package_imports
   info - Missing a required trailing comma - lib\screens\complaints\complaints_screen.dart:51:59 - require_trailing_commas
   info - Missing a required trailing comma - lib\screens\complaints\complaints_screen.dart:77:43 - require_trailing_commas
   info - Missing a required trailing comma - lib\screens\complaints\complaints_screen.dart:140:59 - require_trailing_commas
   info - Missing a required trailing comma - lib\screens\complaints\complaints_screen.dart:144:43 - require_trailing_commas
   info - 'withOpacity' is deprecated and shouldn't be used. Use .withValues() to avoid precision loss -
          lib\screens\complaints\complaints_screen.dart:166:22 - deprecated_member_use
   info - 'withOpacity' is deprecated and shouldn't be used. Use .withValues() to avoid precision loss -
          lib\screens\complaints\complaints_screen.dart:168:41 - deprecated_member_use
   info - 'withOpacity' is deprecated and shouldn't be used. Use .withValues() to avoid precision loss -
          lib\screens\complaints\complaints_screen.dart:220:46 - deprecated_member_use
   info - Missing a required trailing comma - lib\screens\complaints\complaints_screen.dart:225:57 - require_trailing_commas
   info - Missing a required trailing comma - lib\screens\complaints\complaints_screen.dart:233:70 - require_trailing_commas
   info - Missing a required trailing comma - lib\screens\complaints\complaints_screen.dart:247:59 - require_trailing_commas
   info - Missing a required trailing comma - lib\screens\complaints\complaints_screen.dart:255:77 - require_trailing_commas
   info - Missing a required trailing comma - lib\screens\complaints\complaints_screen.dart:270:73 - require_trailing_commas
   info - Missing a required trailing comma - lib\screens\complaints\complaints_screen.dart:275:63 - require_trailing_commas
   info - Missing a required trailing comma - lib\screens\complaints\complaints_screen.dart:291:66 - require_trailing_commas
   info - Missing a required trailing comma - lib\screens\complaints\complaints_screen.dart:298:68 - require_trailing_commas
   info - Missing a required trailing comma - lib\screens\complaints\complaints_screen.dart:326:65 - require_trailing_commas
   info - Missing a required trailing comma - lib\screens\complaints\complaints_screen.dart:332:78 - require_trailing_commas
   info - Missing a required trailing comma - lib\screens\complaints\complaints_screen.dart:343:72 - require_trailing_commas
   info - Missing a required trailing comma - lib\screens\complaints\complaints_screen.dart:343:73 - require_trailing_commas
   info - Missing a required trailing comma - lib\screens\complaints\complaints_screen.dart:350:66 - require_trailing_commas
   info - Missing a required trailing comma - lib\screens\complaints\complaints_screen.dart:354:72 - require_trailing_commas
   info - Missing a required trailing comma - lib\screens\complaints\complaints_screen.dart:354:73 - require_trailing_commas
   info - Use 'package:' imports for files in the 'lib' directory - lib\screens\consumption\list_consumption_screen.dart:8:8 -
          always_use_package_imports
   info - Use 'package:' imports for files in the 'lib' directory - lib\screens\consumption\list_consumption_screen.dart:9:8 -
          always_use_package_imports
   info - Use 'package:' imports for files in the 'lib' directory - lib\screens\consumption\list_consumption_screen.dart:10:8 -
          always_use_package_imports
   info - Use 'package:' imports for files in the 'lib' directory - lib\screens\consumption\list_consumption_screen.dart:11:8 -
          always_use_package_imports
   info - Use 'package:' imports for files in the 'lib' directory - lib\screens\consumption\list_consumption_screen.dart:14:8 -
          always_use_package_imports
   info - Use 'package:' imports for files in the 'lib' directory - lib\screens\consumption\list_consumption_screen.dart:15:8 -
          always_use_package_imports
   info - 'Share' is deprecated and shouldn't be used. Use SharePlus instead -
          lib\screens\consumption\list_consumption_screen.dart:135:13 - deprecated_member_use
   info - 'shareXFiles' is deprecated and shouldn't be used. Use SharePlus.instance.share() instead -
          lib\screens\consumption\list_consumption_screen.dart:135:19 - deprecated_member_use
   info - Don't use 'BuildContext's across async gaps - lib\screens\consumption\list_consumption_screen.dart:140:28 -
          use_build_context_synchronously
   info - Don't use 'BuildContext's across async gaps - lib\screens\consumption\list_consumption_screen.dart:159:28 -
          use_build_context_synchronously
   info - 'withOpacity' is deprecated and shouldn't be used. Use .withValues() to avoid precision loss -
          lib\screens\consumption\list_consumption_screen.dart:210:46 - deprecated_member_use
   info - Missing a required trailing comma - lib\screens\consumption\list_consumption_screen.dart:215:57 - require_trailing_commas
   info - 'withOpacity' is deprecated and shouldn't be used. Use .withValues() to avoid precision loss -
          lib\screens\consumption\list_consumption_screen.dart:307:53 - deprecated_member_use
   info - Missing a required trailing comma - lib\screens\consumption\list_consumption_screen.dart:321:61 - require_trailing_commas
   info - 'withOpacity' is deprecated and shouldn't be used. Use .withValues() to avoid precision loss -
          lib\screens\consumption\list_consumption_screen.dart:327:56 - deprecated_member_use
   info - Missing a required trailing comma - lib\screens\consumption\list_consumption_screen.dart:332:67 - require_trailing_commas
   info - 'withOpacity' is deprecated and shouldn't be used. Use .withValues() to avoid precision loss -
          lib\screens\consumption\list_consumption_screen.dart:346:61 - deprecated_member_use
   info - Missing a required trailing comma - lib\screens\consumption\list_consumption_screen.dart:355:54 - require_trailing_commas
   info - 'withOpacity' is deprecated and shouldn't be used. Use .withValues() to avoid precision loss -
          lib\screens\consumption\list_consumption_screen.dart:400:43 - deprecated_member_use
   info - 'withOpacity' is deprecated and shouldn't be used. Use .withValues() to avoid precision loss -
          lib\screens\consumption\list_consumption_screen.dart:409:45 - deprecated_member_use
   info - Use 'package:' imports for files in the 'lib' directory - lib\screens\consumption\new_consumption_screen.dart:5:8 -
          always_use_package_imports
   info - Use 'package:' imports for files in the 'lib' directory - lib\screens\consumption\new_consumption_screen.dart:6:8 -
          always_use_package_imports
   info - Use 'package:' imports for files in the 'lib' directory - lib\screens\consumption\new_consumption_screen.dart:7:8 -
          always_use_package_imports
   info - Use 'package:' imports for files in the 'lib' directory - lib\screens\consumption\new_consumption_screen.dart:8:8 -
          always_use_package_imports
   info - Use 'package:' imports for files in the 'lib' directory - lib\screens\consumption\new_consumption_screen.dart:11:8 -
          always_use_package_imports
   info - Use 'package:' imports for files in the 'lib' directory - lib\screens\consumption\new_consumption_screen.dart:12:8 -
          always_use_package_imports
   info - Missing a required trailing comma - lib\screens\consumption\new_consumption_screen.dart:45:71 - require_trailing_commas
   info - Missing a required trailing comma - lib\screens\consumption\new_consumption_screen.dart:101:61 - require_trailing_commas
   info - Missing a required trailing comma - lib\screens\consumption\new_consumption_screen.dart:117:74 - require_trailing_commas
   info - Missing a required trailing comma - lib\screens\consumption\new_consumption_screen.dart:133:62 - require_trailing_commas
   info - Missing a required trailing comma - lib\screens\consumption\new_consumption_screen.dart:136:75 - require_trailing_commas
   info - Missing a required trailing comma - lib\screens\consumption\new_consumption_screen.dart:142:59 - require_trailing_commas
   info - Missing a required trailing comma - lib\screens\consumption\new_consumption_screen.dart:149:57 - require_trailing_commas
   info - Missing a required trailing comma - lib\screens\consumption\new_consumption_screen.dart:164:45 - require_trailing_commas
   info - 'withOpacity' is deprecated and shouldn't be used. Use .withValues() to avoid precision loss -
          lib\screens\consumption\new_consumption_screen.dart:206:46 - deprecated_member_use
   info - Missing a required trailing comma - lib\screens\consumption\new_consumption_screen.dart:211:57 - require_trailing_commas
   info - Missing a required trailing comma - lib\screens\consumption\new_consumption_screen.dart:219:70 - require_trailing_commas
   info - Don't use 'BuildContext's across async gaps - lib\screens\consumption\new_consumption_screen.dart:248:46 -
          use_build_context_synchronously
   info - Missing a required trailing comma - lib\screens\consumption\new_consumption_screen.dart:270:70 - require_trailing_commas
   info - Missing a required trailing comma - lib\screens\consumption\new_consumption_screen.dart:270:71 - require_trailing_commas
   info - 'withOpacity' is deprecated and shouldn't be used. Use .withValues() to avoid precision loss -
          lib\screens\consumption\new_consumption_screen.dart:275:53 - deprecated_member_use
   info - Missing a required trailing comma - lib\screens\consumption\new_consumption_screen.dart:276:56 - require_trailing_commas
   info - Missing a required trailing comma - lib\screens\consumption\new_consumption_screen.dart:276:57 - require_trailing_commas
   info - 'withOpacity' is deprecated and shouldn't be used. Use .withValues() to avoid precision loss -
          lib\screens\consumption\new_consumption_screen.dart:311:53 - deprecated_member_use
   info - 'withOpacity' is deprecated and shouldn't be used. Use .withValues() to avoid precision loss -
          lib\screens\consumption\new_consumption_screen.dart:320:55 - deprecated_member_use
   info - Use 'package:' imports for files in the 'lib' directory - lib\screens\doctors\doctor_imaging_lab_report_screen.dart:6:8 -
          always_use_package_imports
   info - Use 'package:' imports for files in the 'lib' directory - lib\screens\doctors\doctor_imaging_lab_report_screen.dart:7:8 -
          always_use_package_imports
   info - Use 'package:' imports for files in the 'lib' directory - lib\screens\doctors\doctor_imaging_lab_report_screen.dart:8:8 -
          always_use_package_imports
   info - Use 'package:' imports for files in the 'lib' directory - lib\screens\doctors\doctor_imaging_lab_report_screen.dart:11:8 -
          always_use_package_imports
   info - Use 'package:' imports for files in the 'lib' directory - lib\screens\doctors\doctor_imaging_lab_report_screen.dart:12:8 -
          always_use_package_imports
   info - Parameter 'key' could be a super parameter - lib\screens\doctors\doctor_imaging_lab_report_screen.dart:15:9 -
          use_super_parameters
   info - Missing a required trailing comma - lib\screens\doctors\doctor_imaging_lab_report_screen.dart:64:77 -
          require_trailing_commas
   info - Don't use 'BuildContext's across async gaps - lib\screens\doctors\doctor_imaging_lab_report_screen.dart:299:7 -
          use_build_context_synchronously
   info - Don't use 'BuildContext's across async gaps - lib\screens\doctors\doctor_imaging_lab_report_screen.dart:302:33 -
          use_build_context_synchronously
   info - Missing a required trailing comma - lib\screens\doctors\doctor_imaging_lab_report_screen.dart:318:43 -
          require_trailing_commas
   info - Missing a required trailing comma - lib\screens\doctors\doctor_imaging_lab_report_screen.dart:338:61 -
          require_trailing_commas
   info - Missing a required trailing comma - lib\screens\doctors\doctor_imaging_lab_report_screen.dart:344:64 -
          require_trailing_commas
   info - 'withOpacity' is deprecated and shouldn't be used. Use .withValues() to avoid precision loss -
          lib\screens\doctors\doctor_imaging_lab_report_screen.dart:352:40 - deprecated_member_use
   info - Missing a required trailing comma - lib\screens\doctors\doctor_imaging_lab_report_screen.dart:359:64 -
          require_trailing_commas
   info - Missing a required trailing comma - lib\screens\doctors\doctor_imaging_lab_report_screen.dart:407:72 -
          require_trailing_commas
   info - 'withOpacity' is deprecated and shouldn't be used. Use .withValues() to avoid precision loss -
          lib\screens\doctors\doctor_imaging_lab_report_screen.dart:432:48 - deprecated_member_use
   info - Missing a required trailing comma - lib\screens\doctors\doctor_imaging_lab_report_screen.dart:437:59 -
          require_trailing_commas
   info - Missing a required trailing comma - lib\screens\doctors\doctor_imaging_lab_report_screen.dart:483:48 -
          require_trailing_commas
   info - Missing a required trailing comma - lib\screens\doctors\doctor_imaging_lab_report_screen.dart:488:46 -
          require_trailing_commas
   info - Missing a required trailing comma - lib\screens\doctors\doctor_imaging_lab_report_screen.dart:512:72 -
          require_trailing_commas
   info - 'withOpacity' is deprecated and shouldn't be used. Use .withValues() to avoid precision loss -
          lib\screens\doctors\doctor_imaging_lab_report_screen.dart:522:32 - deprecated_member_use
   info - Missing a required trailing comma - lib\screens\doctors\doctor_imaging_lab_report_screen.dart:535:59 -
          require_trailing_commas
   info - Missing a required trailing comma - lib\screens\doctors\doctor_imaging_lab_report_screen.dart:539:55 -
          require_trailing_commas
   info - Missing a required trailing comma - lib\screens\doctors\doctor_imaging_lab_report_screen.dart:567:65 -
          require_trailing_commas
   info - 'withOpacity' is deprecated and shouldn't be used. Use .withValues() to avoid precision loss -
          lib\screens\doctors\doctor_imaging_lab_report_screen.dart:575:60 - deprecated_member_use
   info - Missing a required trailing comma - lib\screens\doctors\doctor_imaging_lab_report_screen.dart:580:71 -
          require_trailing_commas
   info - 'withOpacity' is deprecated and shouldn't be used. Use .withValues() to avoid precision loss -
          lib\screens\doctors\doctor_imaging_lab_report_screen.dart:597:46 - deprecated_member_use
   info - Missing a required trailing comma - lib\screens\doctors\doctor_imaging_lab_report_screen.dart:652:66 -
          require_trailing_commas
   info - Missing a required trailing comma - lib\screens\doctors\doctor_imaging_lab_report_screen.dart:652:67 -
          require_trailing_commas
   info - 'withOpacity' is deprecated and shouldn't be used. Use .withValues() to avoid precision loss -
          lib\screens\doctors\doctor_imaging_lab_report_screen.dart:657:43 - deprecated_member_use
   info - Use 'package:' imports for files in the 'lib' directory - lib\screens\doctors\doctor_services_detail_screen.dart:5:8 -
          always_use_package_imports
   info - Use 'package:' imports for files in the 'lib' directory - lib\screens\doctors\doctor_services_detail_screen.dart:6:8 -
          always_use_package_imports
   info - Use 'package:' imports for files in the 'lib' directory - lib\screens\doctors\doctor_services_detail_screen.dart:9:8 -
          always_use_package_imports
   info - Use 'package:' imports for files in the 'lib' directory - lib\screens\doctors\doctor_services_detail_screen.dart:10:8 -
          always_use_package_imports
   info - Don't use 'BuildContext's across async gaps - lib\screens\doctors\doctor_services_detail_screen.dart:92:28 -
          use_build_context_synchronously
   info - Don't use 'BuildContext's across async gaps - lib\screens\doctors\doctor_services_detail_screen.dart:138:28 -
          use_build_context_synchronously
   info - Don't use 'BuildContext's across async gaps - lib\screens\doctors\doctor_services_detail_screen.dart:141:21 -
          use_build_context_synchronously
   info - Don't use 'BuildContext's across async gaps - lib\screens\doctors\doctor_services_detail_screen.dart:143:28 -
          use_build_context_synchronously
   info - Missing a required trailing comma - lib\screens\doctors\doctor_services_detail_screen.dart:164:72 - require_trailing_commas
   info - Missing a required trailing comma - lib\screens\doctors\doctor_services_detail_screen.dart:168:46 - require_trailing_commas
   info - 'withOpacity' is deprecated and shouldn't be used. Use .withValues() to avoid precision loss -
          lib\screens\doctors\doctor_services_detail_screen.dart:186:54 - deprecated_member_use
   info - Missing a required trailing comma - lib\screens\doctors\doctor_services_detail_screen.dart:191:65 - require_trailing_commas
   info - Missing a required trailing comma - lib\screens\doctors\doctor_services_detail_screen.dart:212:57 - require_trailing_commas
   info - Missing a required trailing comma - lib\screens\doctors\doctor_services_detail_screen.dart:243:42 - require_trailing_commas
   info - Missing a required trailing comma - lib\screens\doctors\doctor_services_detail_screen.dart:251:42 - require_trailing_commas
   info - 'withOpacity' is deprecated and shouldn't be used. Use .withValues() to avoid precision loss -
          lib\screens\doctors\doctor_services_detail_screen.dart:292:34 - deprecated_member_use
   info - 'withOpacity' is deprecated and shouldn't be used. Use .withValues() to avoid precision loss -
          lib\screens\doctors\doctor_services_detail_screen.dart:305:38 - deprecated_member_use
   info - Missing a required trailing comma - lib\screens\doctors\doctor_services_detail_screen.dart:308:20 - require_trailing_commas
   info - Use 'package:' imports for files in the 'lib' directory - lib\screens\doctors\doctors_home_screen.dart:7:8 -
          always_use_package_imports
   info - Use 'package:' imports for files in the 'lib' directory - lib\screens\doctors\doctors_home_screen.dart:10:8 -
          always_use_package_imports
   info - Use 'package:' imports for files in the 'lib' directory - lib\screens\doctors\doctors_home_screen.dart:11:8 -
          always_use_package_imports
   info - Use 'package:' imports for files in the 'lib' directory - lib\screens\doctors\doctors_home_screen.dart:12:8 -
          always_use_package_imports
   info - Use 'package:' imports for files in the 'lib' directory - lib\screens\doctors\doctors_home_screen.dart:15:8 -
          always_use_package_imports
   info - Use 'package:' imports for files in the 'lib' directory - lib\screens\doctors\doctors_home_screen.dart:18:8 -
          always_use_package_imports
   info - Use 'package:' imports for files in the 'lib' directory - lib\screens\doctors\doctors_home_screen.dart:19:8 -
          always_use_package_imports
   info - Don't use 'BuildContext's across async gaps - lib\screens\doctors\doctors_home_screen.dart:36:42 -
          use_build_context_synchronously
   info - Missing a required trailing comma - lib\screens\doctors\doctors_home_screen.dart:37:32 - require_trailing_commas
   info - 'withOpacity' is deprecated and shouldn't be used. Use .withValues() to avoid precision loss -
          lib\screens\doctors\doctors_home_screen.dart:193:38 - deprecated_member_use
   info - 'withOpacity' is deprecated and shouldn't be used. Use .withValues() to avoid precision loss -
          lib\screens\doctors\doctors_home_screen.dart:218:41 - deprecated_member_use
   info - Use 'package:' imports for files in the 'lib' directory - lib\screens\doctors\doctors_patients_screen.dart:4:8 -
          always_use_package_imports
   info - Use 'package:' imports for files in the 'lib' directory - lib\screens\doctors\doctors_patients_screen.dart:5:8 -
          always_use_package_imports
   info - Use 'package:' imports for files in the 'lib' directory - lib\screens\doctors\doctors_patients_screen.dart:6:8 -
          always_use_package_imports
   info - Use 'package:' imports for files in the 'lib' directory - lib\screens\doctors\doctors_patients_screen.dart:9:8 -
          always_use_package_imports
   info - Use 'package:' imports for files in the 'lib' directory - lib\screens\doctors\doctors_patients_screen.dart:10:8 -
          always_use_package_imports
   info - Missing a required trailing comma - lib\screens\doctors\doctors_patients_screen.dart:104:59 - require_trailing_commas
   info - 'withOpacity' is deprecated and shouldn't be used. Use .withValues() to avoid precision loss -
          lib\screens\doctors\doctors_patients_screen.dart:108:55 - deprecated_member_use
   info - Missing a required trailing comma - lib\screens\doctors\doctors_patients_screen.dart:123:61 - require_trailing_commas
   info - 'withOpacity' is deprecated and shouldn't be used. Use .withValues() to avoid precision loss -
          lib\screens\doctors\doctors_patients_screen.dart:129:58 - deprecated_member_use
   info - 'withOpacity' is deprecated and shouldn't be used. Use .withValues() to avoid precision loss -
          lib\screens\doctors\doctors_patients_screen.dart:163:64 - deprecated_member_use
   info - Use 'package:' imports for files in the 'lib' directory - lib\screens\doctors\edit_doctor_screen.dart:5:8 -
          always_use_package_imports
   info - Use 'package:' imports for files in the 'lib' directory - lib\screens\doctors\edit_doctor_screen.dart:6:8 -
          always_use_package_imports
   info - Use 'package:' imports for files in the 'lib' directory - lib\screens\doctors\edit_doctor_screen.dart:9:8 -
          always_use_package_imports
   info - Use 'package:' imports for files in the 'lib' directory - lib\screens\doctors\edit_doctor_screen.dart:10:8 -
          always_use_package_imports
   info - 'withOpacity' is deprecated and shouldn't be used. Use .withValues() to avoid precision loss -
          lib\screens\doctors\edit_doctor_screen.dart:157:46 - deprecated_member_use
   info - Missing a required trailing comma - lib\screens\doctors\edit_doctor_screen.dart:157:61 - require_trailing_commas
   info - 'withOpacity' is deprecated and shouldn't be used. Use .withValues() to avoid precision loss -
          lib\screens\doctors\edit_doctor_screen.dart:166:49 - deprecated_member_use
   info - 'withOpacity' is deprecated and shouldn't be used. Use .withValues() to avoid precision loss -
          lib\screens\doctors\edit_doctor_screen.dart:186:46 - deprecated_member_use
   info - Missing a required trailing comma - lib\screens\doctors\edit_doctor_screen.dart:186:61 - require_trailing_commas
   info - 'withOpacity' is deprecated and shouldn't be used. Use .withValues() to avoid precision loss -
          lib\screens\doctors\edit_doctor_screen.dart:195:49 - deprecated_member_use
   info - Use 'package:' imports for files in the 'lib' directory - lib\screens\doctors\employee_search_dialog.dart:3:8 -
          always_use_package_imports
   info - Use 'package:' imports for files in the 'lib' directory - lib\screens\doctors\employee_search_dialog.dart:6:8 -
          always_use_package_imports
   info - Use 'package:' imports for files in the 'lib' directory - lib\screens\doctors\employee_search_dialog.dart:7:8 -
          always_use_package_imports
   info - Missing a required trailing comma - lib\screens\doctors\employee_search_dialog.dart:96:19 - require_trailing_commas
   info - 'withOpacity' is deprecated and shouldn't be used. Use .withValues() to avoid precision loss -
          lib\screens\doctors\employee_search_dialog.dart:116:55 - deprecated_member_use
   info - Missing a required trailing comma - lib\screens\doctors\employee_search_dialog.dart:123:57 - require_trailing_commas
   info - 'withOpacity' is deprecated and shouldn't be used. Use .withValues() to avoid precision loss -
          lib\screens\doctors\employee_search_dialog.dart:135:58 - deprecated_member_use
   info - Missing a required trailing comma - lib\screens\doctors\employee_search_dialog.dart:140:59 - require_trailing_commas
   info - Missing a required trailing comma - lib\screens\doctors\employee_search_dialog.dart:145:66 - require_trailing_commas
   info - 'withOpacity' is deprecated and shouldn't be used. Use .withValues() to avoid precision loss -
          lib\screens\doctors\employee_search_dialog.dart:150:61 - deprecated_member_use
   info - Missing a required trailing comma - lib\screens\doctors\employee_search_dialog.dart:184:15 - require_trailing_commas
   info - Use 'package:' imports for files in the 'lib' directory - lib\screens\doctors\list_doctors_screen.dart:8:8 -
          always_use_package_imports
   info - Use 'package:' imports for files in the 'lib' directory - lib\screens\doctors\list_doctors_screen.dart:9:8 -
          always_use_package_imports
   info - Use 'package:' imports for files in the 'lib' directory - lib\screens\doctors\list_doctors_screen.dart:11:8 -
          always_use_package_imports
   info - Use 'package:' imports for files in the 'lib' directory - lib\screens\doctors\list_doctors_screen.dart:12:8 -
          always_use_package_imports
   info - Use 'package:' imports for files in the 'lib' directory - lib\screens\doctors\list_doctors_screen.dart:13:8 -
          always_use_package_imports
   info - Use 'package:' imports for files in the 'lib' directory - lib\screens\doctors\list_doctors_screen.dart:14:8 -
          always_use_package_imports
   info - Use 'package:' imports for files in the 'lib' directory - lib\screens\doctors\list_doctors_screen.dart:15:8 -
          always_use_package_imports
   info - Don't use 'BuildContext's across async gaps - lib\screens\doctors\list_doctors_screen.dart:72:28 -
          use_build_context_synchronously
   info - 'Share' is deprecated and shouldn't be used. Use SharePlus instead - lib\screens\doctors\list_doctors_screen.dart:90:13 -
          deprecated_member_use
   info - 'shareXFiles' is deprecated and shouldn't be used. Use SharePlus.instance.share() instead -
          lib\screens\doctors\list_doctors_screen.dart:90:19 - deprecated_member_use
   info - Don't use 'BuildContext's across async gaps - lib\screens\doctors\list_doctors_screen.dart:92:28 -
          use_build_context_synchronously
   info - Don't use 'BuildContext's across async gaps - lib\screens\doctors\list_doctors_screen.dart:110:28 -
          use_build_context_synchronously
   info - Don't use 'BuildContext's across async gaps - lib\screens\doctors\list_doctors_screen.dart:114:28 -
          use_build_context_synchronously
   info - 'withOpacity' is deprecated and shouldn't be used. Use .withValues() to avoid precision loss -
          lib\screens\doctors\list_doctors_screen.dart:173:53 - deprecated_member_use
   info - Missing a required trailing comma - lib\screens\doctors\list_doctors_screen.dart:186:61 - require_trailing_commas
   info - 'withOpacity' is deprecated and shouldn't be used. Use .withValues() to avoid precision loss -
          lib\screens\doctors\list_doctors_screen.dart:199:56 - deprecated_member_use
   info - 'withOpacity' is deprecated and shouldn't be used. Use .withValues() to avoid precision loss -
          lib\screens\doctors\list_doctors_screen.dart:218:59 - deprecated_member_use
   info - Missing a required trailing comma - lib\screens\doctors\list_doctors_screen.dart:250:72 - require_trailing_commas
   info - Missing a required trailing comma - lib\screens\doctors\list_doctors_screen.dart:266:77 - require_trailing_commas
   info - Missing a required trailing comma - lib\screens\doctors\list_doctors_screen.dart:266:78 - require_trailing_commas
   info - Use 'package:' imports for files in the 'lib' directory - lib\screens\doctors\new_doctor_screen.dart:6:8 -
          always_use_package_imports
   info - Use 'package:' imports for files in the 'lib' directory - lib\screens\doctors\new_doctor_screen.dart:7:8 -
          always_use_package_imports
   info - Use 'package:' imports for files in the 'lib' directory - lib\screens\doctors\new_doctor_screen.dart:9:8 -
          always_use_package_imports
   info - Use 'package:' imports for files in the 'lib' directory - lib\screens\doctors\new_doctor_screen.dart:10:8 -
          always_use_package_imports
   info - Use 'package:' imports for files in the 'lib' directory - lib\screens\doctors\new_doctor_screen.dart:11:8 -
          always_use_package_imports
   info - Use 'package:' imports for files in the 'lib' directory - lib\screens\doctors\new_doctor_screen.dart:12:8 -
          always_use_package_imports
   info - Use 'package:' imports for files in the 'lib' directory - lib\screens\doctors\new_doctor_screen.dart:13:8 -
          always_use_package_imports
   info - Use 'package:' imports for files in the 'lib' directory - lib\screens\doctors\new_doctor_screen.dart:14:8 -
          always_use_package_imports
   info - Missing a required trailing comma - lib\screens\doctors\new_doctor_screen.dart:174:80 - require_trailing_commas
   info - Missing a required trailing comma - lib\screens\doctors\new_doctor_screen.dart:258:53 - require_trailing_commas
   info - 'withOpacity' is deprecated and shouldn't be used. Use .withValues() to avoid precision loss -
          lib\screens\doctors\new_doctor_screen.dart:263:48 - deprecated_member_use
   info - 'withOpacity' is deprecated and shouldn't be used. Use .withValues() to avoid precision loss -
          lib\screens\doctors\new_doctor_screen.dart:292:32 - deprecated_member_use
   info - 'withOpacity' is deprecated and shouldn't be used. Use .withValues() to avoid precision loss -
          lib\screens\doctors\new_doctor_screen.dart:308:48 - deprecated_member_use
   info - 'withOpacity' is deprecated and shouldn't be used. Use .withValues() to avoid precision loss -
          lib\screens\doctors\new_doctor_screen.dart:329:74 - deprecated_member_use
   info - 'withOpacity' is deprecated and shouldn't be used. Use .withValues() to avoid precision loss -
          lib\screens\doctors\new_doctor_screen.dart:446:34 - deprecated_member_use
   info - 'withOpacity' is deprecated and shouldn't be used. Use .withValues() to avoid precision loss -
          lib\screens\doctors\new_doctor_screen.dart:459:60 - deprecated_member_use
   info - Use 'package:' imports for files in the 'lib' directory - lib\screens\doctors\patients_by_doctor_screen.dart:9:8 -
          always_use_package_imports
   info - Use 'package:' imports for files in the 'lib' directory - lib\screens\doctors\patients_by_doctor_screen.dart:10:8 -
          always_use_package_imports
   info - Use 'package:' imports for files in the 'lib' directory - lib\screens\doctors\patients_by_doctor_screen.dart:11:8 -
          always_use_package_imports
   info - Use 'package:' imports for files in the 'lib' directory - lib\screens\doctors\patients_by_doctor_screen.dart:12:8 -
          always_use_package_imports
   info - Use 'package:' imports for files in the 'lib' directory - lib\screens\doctors\patients_by_doctor_screen.dart:13:8 -
          always_use_package_imports
   info - Use 'package:' imports for files in the 'lib' directory - lib\screens\doctors\patients_by_doctor_screen.dart:14:8 -
          always_use_package_imports
   info - Use 'package:' imports for files in the 'lib' directory - lib\screens\doctors\patients_by_doctor_screen.dart:15:8 -
          always_use_package_imports
   info - Use 'package:' imports for files in the 'lib' directory - lib\screens\doctors\patients_by_doctor_screen.dart:16:8 -
          always_use_package_imports
   info - Use 'package:' imports for files in the 'lib' directory - lib\screens\doctors\patients_by_doctor_screen.dart:17:8 -
          always_use_package_imports
   info - 'Share' is deprecated and shouldn't be used. Use SharePlus instead -
          lib\screens\doctors\patients_by_doctor_screen.dart:136:13 - deprecated_member_use
   info - 'shareXFiles' is deprecated and shouldn't be used. Use SharePlus.instance.share() instead -
          lib\screens\doctors\patients_by_doctor_screen.dart:136:19 - deprecated_member_use
   info - 'withOpacity' is deprecated and shouldn't be used. Use .withValues() to avoid precision loss -
          lib\screens\doctors\patients_by_doctor_screen.dart:298:36 - deprecated_member_use
   info - Missing a required trailing comma - lib\screens\doctors\patients_by_doctor_screen.dart:309:68 - require_trailing_commas
   info - 'withOpacity' is deprecated and shouldn't be used. Use .withValues() to avoid precision loss -
          lib\screens\doctors\patients_by_doctor_screen.dart:337:58 - deprecated_member_use
   info - Missing a required trailing comma - lib\screens\doctors\patients_by_doctor_screen.dart:349:66 - require_trailing_commas
   info - 'withOpacity' is deprecated and shouldn't be used. Use .withValues() to avoid precision loss -
          lib\screens\doctors\patients_by_doctor_screen.dart:359:42 - deprecated_member_use
   info - Missing a required trailing comma - lib\screens\doctors\patients_by_doctor_screen.dart:374:73 - require_trailing_commas
   info - Missing a required trailing comma - lib\screens\doctors\patients_by_doctor_screen.dart:374:74 - require_trailing_commas
   info - Missing a required trailing comma - lib\screens\doctors\patients_by_doctor_screen.dart:374:75 - require_trailing_commas
   info - Missing a required trailing comma - lib\screens\doctors\patients_by_doctor_screen.dart:383:67 - require_trailing_commas
   info - Missing a required trailing comma - lib\screens\doctors\patients_by_doctor_screen.dart:386:77 - require_trailing_commas
   info - Missing a required trailing comma - lib\screens\doctors\patients_by_doctor_screen.dart:404:61 - require_trailing_commas
   info - Missing a required trailing comma - lib\screens\doctors\patients_by_doctor_screen.dart:419:63 - require_trailing_commas
   info - Missing a required trailing comma - lib\screens\doctors\patients_by_doctor_screen.dart:430:76 - require_trailing_commas
   info - 'withOpacity' is deprecated and shouldn't be used. Use .withValues() to avoid precision loss -
          lib\screens\doctors\patients_by_doctor_screen.dart:467:56 - deprecated_member_use
   info - 'withOpacity' is deprecated and shouldn't be used. Use .withValues() to avoid precision loss -
          lib\screens\doctors\patients_by_doctor_screen.dart:475:62 - deprecated_member_use
   info - Use 'package:' imports for files in the 'lib' directory - lib\screens\doctors\view_doctor_screen.dart:5:8 -
          always_use_package_imports
   info - Use 'package:' imports for files in the 'lib' directory - lib\screens\doctors\view_doctor_screen.dart:6:8 -
          always_use_package_imports
   info - Use 'package:' imports for files in the 'lib' directory - lib\screens\doctors\view_doctor_screen.dart:8:8 -
          always_use_package_imports
   info - Use 'package:' imports for files in the 'lib' directory - lib\screens\doctors\view_doctor_screen.dart:9:8 -
          always_use_package_imports
   info - Missing a required trailing comma - lib\screens\doctors\view_doctor_screen.dart:38:67 - require_trailing_commas
   info - 'withOpacity' is deprecated and shouldn't be used. Use .withValues() to avoid precision loss -
          lib\screens\doctors\view_doctor_screen.dart:56:48 - deprecated_member_use
   info - Missing a required trailing comma - lib\screens\doctors\view_doctor_screen.dart:61:59 - require_trailing_commas
   info - Missing a required trailing comma - lib\screens\doctors\view_doctor_screen.dart:70:78 - require_trailing_commas
   info - Missing a required trailing comma - lib\screens\doctors\view_doctor_screen.dart:70:79 - require_trailing_commas
   info - 'withOpacity' is deprecated and shouldn't be used. Use .withValues() to avoid precision loss -
          lib\screens\doctors\view_doctor_screen.dart:78:38 - deprecated_member_use
   info - Missing a required trailing comma - lib\screens\doctors\view_doctor_screen.dart:110:72 - require_trailing_commas
   info - Missing a required trailing comma - lib\screens\doctors\view_doctor_screen.dart:113:69 - require_trailing_commas
   info - 'withOpacity' is deprecated and shouldn't be used. Use .withValues() to avoid precision loss -
          lib\screens\doctors\view_doctor_screen.dart:163:34 - deprecated_member_use
   info - 'withOpacity' is deprecated and shouldn't be used. Use .withValues() to avoid precision loss -
          lib\screens\doctors\view_doctor_screen.dart:172:60 - deprecated_member_use
   info - Use 'package:' imports for files in the 'lib' directory - lib\screens\drugs\drug_list_screen.dart:4:8 -
          always_use_package_imports
   info - Use 'package:' imports for files in the 'lib' directory - lib\screens\drugs\drug_list_screen.dart:5:8 -
          always_use_package_imports
   info - Use 'package:' imports for files in the 'lib' directory - lib\screens\drugs\drug_list_screen.dart:7:8 -
          always_use_package_imports
   info - Use 'package:' imports for files in the 'lib' directory - lib\screens\drugs\drug_list_screen.dart:8:8 -
          always_use_package_imports
   info - Use 'package:' imports for files in the 'lib' directory - lib\screens\drugs\drug_list_screen.dart:9:8 -
          always_use_package_imports
   info - Missing a required trailing comma - lib\screens\drugs\drug_list_screen.dart:92:41 - require_trailing_commas
   info - Missing a required trailing comma - lib\screens\drugs\drug_list_screen.dart:95:39 - require_trailing_commas
   info - Missing a required trailing comma - lib\screens\drugs\drug_list_screen.dart:175:72 - require_trailing_commas
   info - Missing a required trailing comma - lib\screens\drugs\drug_list_screen.dart:177:78 - require_trailing_commas
   info - 'withOpacity' is deprecated and shouldn't be used. Use .withValues() to avoid precision loss -
          lib\screens\drugs\drug_list_screen.dart:185:32 - deprecated_member_use
   info - 'withOpacity' is deprecated and shouldn't be used. Use .withValues() to avoid precision loss -
          lib\screens\drugs\drug_list_screen.dart:206:30 - deprecated_member_use
   info - Missing a required trailing comma - lib\screens\drugs\drug_list_screen.dart:221:42 - require_trailing_commas
   info - Missing a required trailing comma - lib\screens\drugs\drug_list_screen.dart:223:57 - require_trailing_commas
   info - Missing a required trailing comma - lib\screens\drugs\drug_list_screen.dart:227:46 - require_trailing_commas
   info - 'withOpacity' is deprecated and shouldn't be used. Use .withValues() to avoid precision loss -
          lib\screens\drugs\drug_list_screen.dart:231:38 - deprecated_member_use
   info - Missing a required trailing comma - lib\screens\drugs\drug_list_screen.dart:243:64 - require_trailing_commas
   info - Missing a required trailing comma - lib\screens\drugs\drug_list_screen.dart:243:65 - require_trailing_commas
   info - 'withOpacity' is deprecated and shouldn't be used. Use .withValues() to avoid precision loss -
          lib\screens\drugs\drug_list_screen.dart:254:38 - deprecated_member_use
   info - Missing a required trailing comma - lib\screens\drugs\drug_list_screen.dart:261:58 - require_trailing_commas
   info - Missing a required trailing comma - lib\screens\drugs\drug_list_screen.dart:279:55 - require_trailing_commas
   info - Missing a required trailing comma - lib\screens\drugs\drug_list_screen.dart:291:60 - require_trailing_commas
   info - Use 'package:' imports for files in the 'lib' directory - lib\screens\drugs\new_drug_screen.dart:8:8 -
          always_use_package_imports
   info - Use 'package:' imports for files in the 'lib' directory - lib\screens\drugs\new_drug_screen.dart:9:8 -
          always_use_package_imports
   info - Don't use 'BuildContext's across async gaps - lib\screens\drugs\new_drug_screen.dart:94:28 -
          use_build_context_synchronously
   info - Don't use 'BuildContext's across async gaps - lib\screens\drugs\new_drug_screen.dart:100:19 -
          use_build_context_synchronously
   info - Missing a required trailing comma - lib\screens\drugs\new_drug_screen.dart:145:41 - require_trailing_commas
   info - Use 'package:' imports for files in the 'lib' directory - lib\screens\employees\edit_employee_screen.dart:5:8 -
          always_use_package_imports
   info - Use 'package:' imports for files in the 'lib' directory - lib\screens\employees\edit_employee_screen.dart:6:8 -
          always_use_package_imports
   info - Use 'package:' imports for files in the 'lib' directory - lib\screens\employees\edit_employee_screen.dart:7:8 -
          always_use_package_imports
   info - Use 'package:' imports for files in the 'lib' directory - lib\screens\employees\edit_employee_screen.dart:8:8 -
          always_use_package_imports
   info - Use 'package:' imports for files in the 'lib' directory - lib\screens\employees\edit_employee_screen.dart:10:8 -
          always_use_package_imports
   info - 'withOpacity' is deprecated and shouldn't be used. Use .withValues() to avoid precision loss -
          lib\screens\employees\edit_employee_screen.dart:199:60 - deprecated_member_use
   info - 'withOpacity' is deprecated and shouldn't be used. Use .withValues() to avoid precision loss -
          lib\screens\employees\edit_employee_screen.dart:230:65 - deprecated_member_use
   info - Missing a required trailing comma - lib\screens\employees\edit_employee_screen.dart:249:58 - require_trailing_commas
   info - Missing a required trailing comma - lib\screens\employees\edit_employee_screen.dart:259:58 - require_trailing_commas
   info - Missing a required trailing comma - lib\screens\employees\edit_employee_screen.dart:303:52 - require_trailing_commas
   info - Missing a required trailing comma - lib\screens\employees\edit_employee_screen.dart:322:52 - require_trailing_commas
   info - Missing a required trailing comma - lib\screens\employees\edit_employee_screen.dart:324:72 - require_trailing_commas
   info - Missing a required trailing comma - lib\screens\employees\edit_employee_screen.dart:331:62 - require_trailing_commas
   info - Missing a required trailing comma - lib\screens\employees\edit_employee_screen.dart:355:58 - require_trailing_commas
   info - Use 'package:' imports for files in the 'lib' directory - lib\screens\employees\employees_home_screen.dart:5:8 -
          always_use_package_imports
   info - Use 'package:' imports for files in the 'lib' directory - lib\screens\employees\employees_home_screen.dart:6:8 -
          always_use_package_imports
   info - Use 'package:' imports for files in the 'lib' directory - lib\screens\employees\employees_home_screen.dart:7:8 -
          always_use_package_imports
   info - Use 'package:' imports for files in the 'lib' directory - lib\screens\employees\employees_home_screen.dart:10:8 -
          always_use_package_imports
   info - Use 'package:' imports for files in the 'lib' directory - lib\screens\employees\employees_home_screen.dart:11:8 -
          always_use_package_imports
   info - Use 'package:' imports for files in the 'lib' directory - lib\screens\employees\employees_home_screen.dart:12:8 -
          always_use_package_imports
   info - 'withOpacity' is deprecated and shouldn't be used. Use .withValues() to avoid precision loss -
          lib\screens\employees\employees_home_screen.dart:181:38 - deprecated_member_use
   info - 'withOpacity' is deprecated and shouldn't be used. Use .withValues() to avoid precision loss -
          lib\screens\employees\employees_home_screen.dart:206:41 - deprecated_member_use
   info - Use 'package:' imports for files in the 'lib' directory -
          lib\screens\employees\finance\create_salary_payment_screen.dart:5:8 - always_use_package_imports
   info - Use 'package:' imports for files in the 'lib' directory -
          lib\screens\employees\finance\create_salary_payment_screen.dart:6:8 - always_use_package_imports
   info - Use 'package:' imports for files in the 'lib' directory -
          lib\screens\employees\finance\create_salary_payment_screen.dart:7:8 - always_use_package_imports
   info - Use 'package:' imports for files in the 'lib' directory -
          lib\screens\employees\finance\create_salary_payment_screen.dart:9:8 - always_use_package_imports
   info - Use 'package:' imports for files in the 'lib' directory -
          lib\screens\employees\finance\create_salary_payment_screen.dart:10:8 - always_use_package_imports
   info - Use 'package:' imports for files in the 'lib' directory -
          lib\screens\employees\finance\create_salary_payment_screen.dart:11:8 - always_use_package_imports
   info - Use 'package:' imports for files in the 'lib' directory -
          lib\screens\employees\finance\create_salary_payment_screen.dart:12:8 - always_use_package_imports
   info - 'value' is deprecated and shouldn't be used. Use initialValue instead. This will set the initial value for the form field.
          This feature was deprecated after v3.33.0-1.0.pre - lib\screens\employees\finance\create_salary_payment_screen.dart:113:27
          - deprecated_member_use
   info - Missing a required trailing comma - lib\screens\employees\finance\create_salary_payment_screen.dart:120:80 -
          require_trailing_commas
   info - 'value' is deprecated and shouldn't be used. Use initialValue instead. This will set the initial value for the form field.
          This feature was deprecated after v3.33.0-1.0.pre - lib\screens\employees\finance\create_salary_payment_screen.dart:131:27
          - deprecated_member_use
   info - Missing a required trailing comma - lib\screens\employees\finance\create_salary_payment_screen.dart:138:80 -
          require_trailing_commas
   info - 'withOpacity' is deprecated and shouldn't be used. Use .withValues() to avoid precision loss -
          lib\screens\employees\finance\create_salary_payment_screen.dart:224:63 - deprecated_member_use
   info - 'withOpacity' is deprecated and shouldn't be used. Use .withValues() to avoid precision loss -
          lib\screens\employees\finance\create_salary_payment_screen.dart:277:36 - deprecated_member_use
   info - 'withOpacity' is deprecated and shouldn't be used. Use .withValues() to avoid precision loss -
          lib\screens\employees\finance\create_salary_payment_screen.dart:307:36 - deprecated_member_use
   info - 'withOpacity' is deprecated and shouldn't be used. Use .withValues() to avoid precision loss -
          lib\screens\employees\finance\create_salary_payment_screen.dart:337:63 - deprecated_member_use
   info - 'withOpacity' is deprecated and shouldn't be used. Use .withValues() to avoid precision loss -
          lib\screens\employees\finance\create_salary_payment_screen.dart:355:60 - deprecated_member_use
   info - Missing a required trailing comma - lib\screens\employees\finance\create_salary_payment_screen.dart:432:55 -
          require_trailing_commas
   info - Missing a required trailing comma - lib\screens\employees\finance\create_salary_payment_screen.dart:456:76 -
          require_trailing_commas
   info - Don't use 'BuildContext's across async gaps - lib\screens\employees\finance\create_salary_payment_screen.dart:462:9 -
          use_build_context_synchronously
   info - Use 'package:' imports for files in the 'lib' directory -
          lib\screens\employees\finance\employee_discount_create_screen.dart:6:8 - always_use_package_imports
   info - Use 'package:' imports for files in the 'lib' directory -
          lib\screens\employees\finance\employee_discount_create_screen.dart:7:8 - always_use_package_imports
   info - Use 'package:' imports for files in the 'lib' directory -
          lib\screens\employees\finance\employee_discount_create_screen.dart:8:8 - always_use_package_imports
   info - Use 'package:' imports for files in the 'lib' directory -
          lib\screens\employees\finance\employee_discount_create_screen.dart:10:8 - always_use_package_imports
   info - Use 'package:' imports for files in the 'lib' directory -
          lib\screens\employees\finance\employee_discount_create_screen.dart:11:8 - always_use_package_imports
   info - Don't use 'BuildContext's across async gaps - lib\screens\employees\finance\employee_discount_create_screen.dart:211:7 -
          use_build_context_synchronously
   info - 'withOpacity' is deprecated and shouldn't be used. Use .withValues() to avoid precision loss -
          lib\screens\employees\finance\employee_discount_create_screen.dart:336:56 - deprecated_member_use
   info - 'withOpacity' is deprecated and shouldn't be used. Use .withValues() to avoid precision loss -
          lib\screens\employees\finance\employee_discount_create_screen.dart:368:61 - deprecated_member_use
   info - Missing a required trailing comma - lib\screens\employees\finance\employee_discount_create_screen.dart:383:59 -
          require_trailing_commas
   info - Missing a required trailing comma - lib\screens\employees\finance\employee_discount_create_screen.dart:389:110 -
          require_trailing_commas
   info - Missing a required trailing comma - lib\screens\employees\finance\employee_discount_create_screen.dart:392:68 -
          require_trailing_commas
   info - Missing a required trailing comma - lib\screens\employees\finance\employee_discount_create_screen.dart:395:65 -
          require_trailing_commas
   info - Missing a required trailing comma - lib\screens\employees\finance\employee_discount_create_screen.dart:398:73 -
          require_trailing_commas
   info - Missing a required trailing comma - lib\screens\employees\finance\employee_discount_create_screen.dart:409:59 -
          require_trailing_commas
   info - 'withOpacity' is deprecated and shouldn't be used. Use .withValues() to avoid precision loss -
          lib\screens\employees\finance\employee_discount_create_screen.dart:414:54 - deprecated_member_use
   info - Missing a required trailing comma - lib\screens\employees\finance\employee_discount_create_screen.dart:419:55 -
          require_trailing_commas
   info - 'withOpacity' is deprecated and shouldn't be used. Use .withValues() to avoid precision loss -
          lib\screens\employees\finance\employee_discount_create_screen.dart:428:53 - deprecated_member_use
   info - Missing a required trailing comma - lib\screens\employees\finance\employee_discount_create_screen.dart:442:44 -
          require_trailing_commas
   info - Missing a required trailing comma - lib\screens\employees\finance\employee_discount_create_screen.dart:467:59 -
          require_trailing_commas
   info - 'withOpacity' is deprecated and shouldn't be used. Use .withValues() to avoid precision loss -
          lib\screens\employees\finance\employee_discount_create_screen.dart:472:54 - deprecated_member_use
   info - Missing a required trailing comma - lib\screens\employees\finance\employee_discount_create_screen.dart:477:55 -
          require_trailing_commas
   info - Missing a required trailing comma - lib\screens\employees\finance\employee_discount_create_screen.dart:496:54 -
          require_trailing_commas
   info - 'withOpacity' is deprecated and shouldn't be used. Use .withValues() to avoid precision loss -
          lib\screens\employees\finance\employee_discount_create_screen.dart:527:50 - deprecated_member_use
   info - 'withOpacity' is deprecated and shouldn't be used. Use .withValues() to avoid precision loss -
          lib\screens\employees\finance\employee_discount_create_screen.dart:534:39 - deprecated_member_use
   info - Use 'package:' imports for files in the 'lib' directory -
          lib\screens\employees\finance\employee_discount_home_screen.dart:4:8 - always_use_package_imports
   info - Use 'package:' imports for files in the 'lib' directory -
          lib\screens\employees\finance\employee_discount_home_screen.dart:5:8 - always_use_package_imports
   info - Use 'package:' imports for files in the 'lib' directory -
          lib\screens\employees\finance\employee_discount_home_screen.dart:7:8 - always_use_package_imports
   info - Missing a required trailing comma - lib\screens\employees\finance\employee_discount_home_screen.dart:54:41 -
          require_trailing_commas
   info - 'withOpacity' is deprecated and shouldn't be used. Use .withValues() to avoid precision loss -
          lib\screens\employees\finance\employee_discount_home_screen.dart:83:28 - deprecated_member_use
   info - 'withOpacity' is deprecated and shouldn't be used. Use .withValues() to avoid precision loss -
          lib\screens\employees\finance\employee_discount_home_screen.dart:146:48 - deprecated_member_use
   info - Missing a required trailing comma - lib\screens\employees\finance\employee_discount_home_screen.dart:151:59 -
          require_trailing_commas
   info - 'withOpacity' is deprecated and shouldn't be used. Use .withValues() to avoid precision loss -
          lib\screens\employees\finance\employee_discount_home_screen.dart:161:34 - deprecated_member_use
   info - 'withOpacity' is deprecated and shouldn't be used. Use .withValues() to avoid precision loss -
          lib\screens\employees\finance\employee_discount_home_screen.dart:212:40 - deprecated_member_use
   info - 'withOpacity' is deprecated and shouldn't be used. Use .withValues() to avoid precision loss -
          lib\screens\employees\finance\employee_discount_home_screen.dart:241:43 - deprecated_member_use
   info - Use 'package:' imports for files in the 'lib' directory -
          lib\screens\employees\finance\employee_discount_select_employee_screen.dart:5:8 - always_use_package_imports
   info - Use 'package:' imports for files in the 'lib' directory -
          lib\screens\employees\finance\employee_discount_select_employee_screen.dart:6:8 - always_use_package_imports
   info - Use 'package:' imports for files in the 'lib' directory -
          lib\screens\employees\finance\employee_discount_select_employee_screen.dart:7:8 - always_use_package_imports
   info - Use 'package:' imports for files in the 'lib' directory -
          lib\screens\employees\finance\employee_discount_select_employee_screen.dart:9:8 - always_use_package_imports
   info - Use 'package:' imports for files in the 'lib' directory -
          lib\screens\employees\finance\employee_discount_select_employee_screen.dart:10:8 - always_use_package_imports
   info - Use 'package:' imports for files in the 'lib' directory -
          lib\screens\employees\finance\employee_discount_select_employee_screen.dart:11:8 - always_use_package_imports
   info - 'withOpacity' is deprecated and shouldn't be used. Use .withValues() to avoid precision loss -
          lib\screens\employees\finance\employee_discount_select_employee_screen.dart:195:48 - deprecated_member_use
   info - 'withOpacity' is deprecated and shouldn't be used. Use .withValues() to avoid precision loss -
          lib\screens\employees\finance\employee_discount_select_employee_screen.dart:252:43 - deprecated_member_use
   info - Missing a required trailing comma - lib\screens\employees\finance\employee_discount_select_employee_screen.dart:265:76 -
          require_trailing_commas
   info - Missing a required trailing comma - lib\screens\employees\finance\employee_discount_select_employee_screen.dart:292:74 -
          require_trailing_commas
   info - 'withOpacity' is deprecated and shouldn't be used. Use .withValues() to avoid precision loss -
          lib\screens\employees\finance\employee_discount_select_employee_screen.dart:298:52 - deprecated_member_use
   info - Missing a required trailing comma - lib\screens\employees\finance\employee_discount_select_employee_screen.dart:327:68 -
          require_trailing_commas
   info - 'withOpacity' is deprecated and shouldn't be used. Use .withValues() to avoid precision loss -
          lib\screens\employees\finance\employee_discount_select_employee_screen.dart:330:60 - deprecated_member_use
   info - Missing a required trailing comma - lib\screens\employees\finance\employee_discount_select_employee_screen.dart:333:66 -
          require_trailing_commas
   info - 'withOpacity' is deprecated and shouldn't be used. Use .withValues() to avoid precision loss -
          lib\screens\employees\finance\employee_discount_select_employee_screen.dart:353:54 - deprecated_member_use
   info - 'withOpacity' is deprecated and shouldn't be used. Use .withValues() to avoid precision loss -
          lib\screens\employees\finance\employee_discount_select_employee_screen.dart:398:31 - deprecated_member_use
   info - 'withOpacity' is deprecated and shouldn't be used. Use .withValues() to avoid precision loss -
          lib\screens\employees\finance\employee_discount_select_employee_screen.dart:405:35 - deprecated_member_use
   info - 'withOpacity' is deprecated and shouldn't be used. Use .withValues() to avoid precision loss -
          lib\screens\employees\finance\employee_discount_select_employee_screen.dart:455:39 - deprecated_member_use
   info - Use 'package:' imports for files in the 'lib' directory -
          lib\screens\employees\finance\employee_discounts_of_employee_screen.dart:6:8 - always_use_package_imports
   info - Use 'package:' imports for files in the 'lib' directory -
          lib\screens\employees\finance\employee_discounts_of_employee_screen.dart:7:8 - always_use_package_imports
   info - Use 'package:' imports for files in the 'lib' directory -
          lib\screens\employees\finance\employee_discounts_of_employee_screen.dart:8:8 - always_use_package_imports
   info - Use 'package:' imports for files in the 'lib' directory -
          lib\screens\employees\finance\employee_discounts_of_employee_screen.dart:9:8 - always_use_package_imports
   info - Missing a required trailing comma - lib\screens\employees\finance\employee_discounts_of_employee_screen.dart:162:43 -
          require_trailing_commas
   info - 'withOpacity' is deprecated and shouldn't be used. Use .withValues() to avoid precision loss -
          lib\screens\employees\finance\employee_discounts_of_employee_screen.dart:219:48 - deprecated_member_use
   info - Missing a required trailing comma - lib\screens\employees\finance\employee_discounts_of_employee_screen.dart:224:59 -
          require_trailing_commas
   info - Missing a required trailing comma - lib\screens\employees\finance\employee_discounts_of_employee_screen.dart:232:72 -
          require_trailing_commas
   info - 'withOpacity' is deprecated and shouldn't be used. Use .withValues() to avoid precision loss -
          lib\screens\employees\finance\employee_discounts_of_employee_screen.dart:309:61 - deprecated_member_use
   info - Missing a required trailing comma - lib\screens\employees\finance\employee_discounts_of_employee_screen.dart:309:77 -
          require_trailing_commas
   info - 'withOpacity' is deprecated and shouldn't be used. Use .withValues() to avoid precision loss -
          lib\screens\employees\finance\employee_discounts_of_employee_screen.dart:315:63 - deprecated_member_use
   info - Missing a required trailing comma - lib\screens\employees\finance\employee_discounts_of_employee_screen.dart:333:56 -
          require_trailing_commas
   info - Missing a required trailing comma - lib\screens\employees\finance\employee_discounts_of_employee_screen.dart:340:71 -
          require_trailing_commas
   info - 'withOpacity' is deprecated and shouldn't be used. Use .withValues() to avoid precision loss -
          lib\screens\employees\finance\employee_discounts_of_employee_screen.dart:347:52 - deprecated_member_use
   info - Missing a required trailing comma - lib\screens\employees\finance\employee_discounts_of_employee_screen.dart:355:69 -
          require_trailing_commas
   info - 'withOpacity' is deprecated and shouldn't be used. Use .withValues() to avoid precision loss -
          lib\screens\employees\finance\employee_discounts_of_employee_screen.dart:387:62 - deprecated_member_use
   info - 'withOpacity' is deprecated and shouldn't be used. Use .withValues() to avoid precision loss -
          lib\screens\employees\finance\employee_discounts_of_employee_screen.dart:404:60 - deprecated_member_use
   info - Missing a required trailing comma - lib\screens\employees\finance\employee_discounts_of_employee_screen.dart:418:66 -
          require_trailing_commas
   info - 'withOpacity' is deprecated and shouldn't be used. Use .withValues() to avoid precision loss -
          lib\screens\employees\finance\employee_discounts_of_employee_screen.dart:453:46 - deprecated_member_use
   info - 'withOpacity' is deprecated and shouldn't be used. Use .withValues() to avoid precision loss -
          lib\screens\employees\finance\employee_discounts_of_employee_screen.dart:460:35 - deprecated_member_use
   info - Use 'package:' imports for files in the 'lib' directory -
          lib\screens\employees\finance\employee_loan_create_screen.dart:6:8 - always_use_package_imports
   info - Use 'package:' imports for files in the 'lib' directory -
          lib\screens\employees\finance\employee_loan_create_screen.dart:7:8 - always_use_package_imports
   info - Use 'package:' imports for files in the 'lib' directory -
          lib\screens\employees\finance\employee_loan_create_screen.dart:8:8 - always_use_package_imports
   info - Use 'package:' imports for files in the 'lib' directory -
          lib\screens\employees\finance\employee_loan_create_screen.dart:10:8 - always_use_package_imports
   info - Use 'package:' imports for files in the 'lib' directory -
          lib\screens\employees\finance\employee_loan_create_screen.dart:11:8 - always_use_package_imports
   info - Missing a required trailing comma - lib\screens\employees\finance\employee_loan_create_screen.dart:84:77 -
          require_trailing_commas
   info - Don't use 'BuildContext's across async gaps - lib\screens\employees\finance\employee_loan_create_screen.dart:140:7 -
          use_build_context_synchronously
   info - Missing a required trailing comma - lib\screens\employees\finance\employee_loan_create_screen.dart:180:83 -
          require_trailing_commas
   info - Missing a required trailing comma - lib\screens\employees\finance\employee_loan_create_screen.dart:180:84 -
          require_trailing_commas
   info - 'withOpacity' is deprecated and shouldn't be used. Use .withValues() to avoid precision loss -
          lib\screens\employees\finance\employee_loan_create_screen.dart:233:56 - deprecated_member_use
   info - 'withOpacity' is deprecated and shouldn't be used. Use .withValues() to avoid precision loss -
          lib\screens\employees\finance\employee_loan_create_screen.dart:241:62 - deprecated_member_use
   info - 'withOpacity' is deprecated and shouldn't be used. Use .withValues() to avoid precision loss -
          lib\screens\employees\finance\employee_loan_create_screen.dart:283:54 - deprecated_member_use
   info - 'withOpacity' is deprecated and shouldn't be used. Use .withValues() to avoid precision loss -
          lib\screens\employees\finance\employee_loan_create_screen.dart:309:59 - deprecated_member_use
   info - Missing a required trailing comma - lib\screens\employees\finance\employee_loan_create_screen.dart:325:57 -
          require_trailing_commas
   info - 'withOpacity' is deprecated and shouldn't be used. Use .withValues() to avoid precision loss -
          lib\screens\employees\finance\employee_loan_create_screen.dart:330:52 - deprecated_member_use
   info - Missing a required trailing comma - lib\screens\employees\finance\employee_loan_create_screen.dart:335:53 -
          require_trailing_commas
   info - 'withOpacity' is deprecated and shouldn't be used. Use .withValues() to avoid precision loss -
          lib\screens\employees\finance\employee_loan_create_screen.dart:344:51 - deprecated_member_use
   info - Missing a required trailing comma - lib\screens\employees\finance\employee_loan_create_screen.dart:356:57 -
          require_trailing_commas
   info - Missing a required trailing comma - lib\screens\employees\finance\employee_loan_create_screen.dart:362:66 -
          require_trailing_commas
   info - Missing a required trailing comma - lib\screens\employees\finance\employee_loan_create_screen.dart:365:63 -
          require_trailing_commas
   info - Missing a required trailing comma - lib\screens\employees\finance\employee_loan_create_screen.dart:368:79 -
          require_trailing_commas
   info - Missing a required trailing comma - lib\screens\employees\finance\employee_loan_create_screen.dart:400:42 -
          require_trailing_commas
   info - 'withOpacity' is deprecated and shouldn't be used. Use .withValues() to avoid precision loss -
          lib\screens\employees\finance\employee_loan_create_screen.dart:451:34 - deprecated_member_use
   info - 'withOpacity' is deprecated and shouldn't be used. Use .withValues() to avoid precision loss -
          lib\screens\employees\finance\employee_loan_create_screen.dart:460:60 - deprecated_member_use
   info - Use 'package:' imports for files in the 'lib' directory - lib\screens\employees\finance\employee_loan_home_screen.dart:5:8
          - always_use_package_imports
   info - Use 'package:' imports for files in the 'lib' directory - lib\screens\employees\finance\employee_loan_home_screen.dart:6:8
          - always_use_package_imports
   info - Use 'package:' imports for files in the 'lib' directory - lib\screens\employees\finance\employee_loan_home_screen.dart:7:8
          - always_use_package_imports
   info - Use 'package:' imports for files in the 'lib' directory - lib\screens\employees\finance\employee_loan_home_screen.dart:9:8
          - always_use_package_imports
   info - Missing a required trailing comma - lib\screens\employees\finance\employee_loan_home_screen.dart:71:70 -
          require_trailing_commas
   info - 'withOpacity' is deprecated and shouldn't be used. Use .withValues() to avoid precision loss -
          lib\screens\employees\finance\employee_loan_home_screen.dart:191:38 - deprecated_member_use
   info - 'withOpacity' is deprecated and shouldn't be used. Use .withValues() to avoid precision loss -
          lib\screens\employees\finance\employee_loan_home_screen.dart:216:41 - deprecated_member_use
   info - Use 'package:' imports for files in the 'lib' directory -
          lib\screens\employees\finance\employee_loan_select_employee_screen.dart:5:8 - always_use_package_imports
   info - Use 'package:' imports for files in the 'lib' directory -
          lib\screens\employees\finance\employee_loan_select_employee_screen.dart:6:8 - always_use_package_imports
   info - Use 'package:' imports for files in the 'lib' directory -
          lib\screens\employees\finance\employee_loan_select_employee_screen.dart:7:8 - always_use_package_imports
   info - Use 'package:' imports for files in the 'lib' directory -
          lib\screens\employees\finance\employee_loan_select_employee_screen.dart:9:8 - always_use_package_imports
   info - Use 'package:' imports for files in the 'lib' directory -
          lib\screens\employees\finance\employee_loan_select_employee_screen.dart:10:8 - always_use_package_imports
   info - Use 'package:' imports for files in the 'lib' directory -
          lib\screens\employees\finance\employee_loan_select_employee_screen.dart:11:8 - always_use_package_imports
   info - 'withOpacity' is deprecated and shouldn't be used. Use .withValues() to avoid precision loss -
          lib\screens\employees\finance\employee_loan_select_employee_screen.dart:134:48 - deprecated_member_use
   info - 'withOpacity' is deprecated and shouldn't be used. Use .withValues() to avoid precision loss -
          lib\screens\employees\finance\employee_loan_select_employee_screen.dart:188:57 - deprecated_member_use
   info - Missing a required trailing comma - lib\screens\employees\finance\employee_loan_select_employee_screen.dart:215:67 -
          require_trailing_commas
   info - Missing a required trailing comma - lib\screens\employees\finance\employee_loan_select_employee_screen.dart:219:60 -
          require_trailing_commas
   info - Missing a required trailing comma - lib\screens\employees\finance\employee_loan_select_employee_screen.dart:236:72 -
          require_trailing_commas
   info - 'withOpacity' is deprecated and shouldn't be used. Use .withValues() to avoid precision loss -
          lib\screens\employees\finance\employee_loan_select_employee_screen.dart:244:64 - deprecated_member_use
   info - Missing a required trailing comma - lib\screens\employees\finance\employee_loan_select_employee_screen.dart:249:69 -
          require_trailing_commas
   info - Use 'package:' imports for files in the 'lib' directory -
          lib\screens\employees\finance\employee_loans_of_employee_screen.dart:6:8 - always_use_package_imports
   info - Use 'package:' imports for files in the 'lib' directory -
          lib\screens\employees\finance\employee_loans_of_employee_screen.dart:7:8 - always_use_package_imports
   info - Use 'package:' imports for files in the 'lib' directory -
          lib\screens\employees\finance\employee_loans_of_employee_screen.dart:8:8 - always_use_package_imports
   info - Use 'package:' imports for files in the 'lib' directory -
          lib\screens\employees\finance\employee_loans_of_employee_screen.dart:9:8 - always_use_package_imports
   info - Use 'package:' imports for files in the 'lib' directory -
          lib\screens\employees\finance\employee_loans_of_employee_screen.dart:10:8 - always_use_package_imports
   info - Use 'package:' imports for files in the 'lib' directory -
          lib\screens\employees\finance\employee_loans_of_employee_screen.dart:11:8 - always_use_package_imports
   info - 'withOpacity' is deprecated and shouldn't be used. Use .withValues() to avoid precision loss -
          lib\screens\employees\finance\employee_loans_of_employee_screen.dart:246:54 - deprecated_member_use
   info - Missing a required trailing comma - lib\screens\employees\finance\employee_loans_of_employee_screen.dart:316:57 -
          require_trailing_commas
   info - 'withOpacity' is deprecated and shouldn't be used. Use .withValues() to avoid precision loss -
          lib\screens\employees\finance\employee_loans_of_employee_screen.dart:348:59 - deprecated_member_use
   info - Missing a required trailing comma - lib\screens\employees\finance\employee_loans_of_employee_screen.dart:367:53 -
          require_trailing_commas
   info - Missing a required trailing comma - lib\screens\employees\finance\employee_loans_of_employee_screen.dart:382:69 -
          require_trailing_commas
   info - Missing a required trailing comma - lib\screens\employees\finance\employee_loans_of_employee_screen.dart:386:75 -
          require_trailing_commas
   info - 'withOpacity' is deprecated and shouldn't be used. Use .withValues() to avoid precision loss -
          lib\screens\employees\finance\employee_loans_of_employee_screen.dart:401:50 - deprecated_member_use
   info - Missing a required trailing comma - lib\screens\employees\finance\employee_loans_of_employee_screen.dart:408:64 -
          require_trailing_commas
   info - 'withOpacity' is deprecated and shouldn't be used. Use .withValues() to avoid precision loss -
          lib\screens\employees\finance\employee_loans_of_employee_screen.dart:450:39 - deprecated_member_use
   info - Use 'package:' imports for files in the 'lib' directory -
          lib\screens\employees\finance\employee_salary_detail_screen.dart:5:8 - always_use_package_imports
   info - Use 'package:' imports for files in the 'lib' directory -
          lib\screens\employees\finance\employee_salary_detail_screen.dart:6:8 - always_use_package_imports
   info - Use 'package:' imports for files in the 'lib' directory -
          lib\screens\employees\finance\employee_salary_detail_screen.dart:8:8 - always_use_package_imports
   info - Use 'package:' imports for files in the 'lib' directory -
          lib\screens\employees\finance\employee_salary_detail_screen.dart:9:8 - always_use_package_imports
   info - Missing a required trailing comma - lib\screens\employees\finance\employee_salary_detail_screen.dart:148:43 -
          require_trailing_commas
   info - 'withOpacity' is deprecated and shouldn't be used. Use .withValues() to avoid precision loss -
          lib\screens\employees\finance\employee_salary_detail_screen.dart:252:54 - deprecated_member_use
   info - 'withOpacity' is deprecated and shouldn't be used. Use .withValues() to avoid precision loss -
          lib\screens\employees\finance\employee_salary_detail_screen.dart:278:59 - deprecated_member_use
   info - Missing a required trailing comma - lib\screens\employees\finance\employee_salary_detail_screen.dart:293:57 -
          require_trailing_commas
   info - Missing a required trailing comma - lib\screens\employees\finance\employee_salary_detail_screen.dart:300:60 -
          require_trailing_commas
   info - Missing a required trailing comma - lib\screens\employees\finance\employee_salary_detail_screen.dart:304:57 -
          require_trailing_commas
   info - Missing a required trailing comma - lib\screens\employees\finance\employee_salary_detail_screen.dart:308:60 -
          require_trailing_commas
   info - Missing a required trailing comma - lib\screens\employees\finance\employee_salary_detail_screen.dart:311:75 -
          require_trailing_commas
   info - Missing a required trailing comma - lib\screens\employees\finance\employee_salary_detail_screen.dart:315:63 -
          require_trailing_commas
   info - Missing a required trailing comma - lib\screens\employees\finance\employee_salary_detail_screen.dart:319:62 -
          require_trailing_commas
   info - 'withOpacity' is deprecated and shouldn't be used. Use .withValues() to avoid precision loss -
          lib\screens\employees\finance\employee_salary_detail_screen.dart:411:56 - deprecated_member_use
   info - 'withOpacity' is deprecated and shouldn't be used. Use .withValues() to avoid precision loss -
          lib\screens\employees\finance\employee_salary_detail_screen.dart:419:62 - deprecated_member_use
   info - 'withOpacity' is deprecated and shouldn't be used. Use .withValues() to avoid precision loss -
          lib\screens\employees\finance\employee_salary_detail_screen.dart:454:34 - deprecated_member_use
   info - 'withOpacity' is deprecated and shouldn't be used. Use .withValues() to avoid precision loss -
          lib\screens\employees\finance\employee_salary_detail_screen.dart:463:37 - deprecated_member_use
   info - Use 'package:' imports for files in the 'lib' directory -
          lib\screens\employees\finance\employees_finance_home_screen.dart:9:8 - always_use_package_imports
   info - Use 'package:' imports for files in the 'lib' directory -
          lib\screens\employees\finance\employees_finance_home_screen.dart:10:8 - always_use_package_imports
   info - Use 'package:' imports for files in the 'lib' directory -
          lib\screens\employees\finance\employees_finance_home_screen.dart:13:8 - always_use_package_imports
   info - Use 'package:' imports for files in the 'lib' directory -
          lib\screens\employees\finance\employees_finance_home_screen.dart:14:8 - always_use_package_imports
   info - Use 'package:' imports for files in the 'lib' directory -
          lib\screens\employees\finance\employees_finance_home_screen.dart:15:8 - always_use_package_imports
   info - Use 'package:' imports for files in the 'lib' directory -
          lib\screens\employees\finance\employees_finance_home_screen.dart:16:8 - always_use_package_imports
   info - Use 'package:' imports for files in the 'lib' directory -
          lib\screens\employees\finance\employees_finance_home_screen.dart:17:8 - always_use_package_imports
   info - Use 'package:' imports for files in the 'lib' directory -
          lib\screens\employees\finance\employees_finance_home_screen.dart:18:8 - always_use_package_imports
   info - 'withOpacity' is deprecated and shouldn't be used. Use .withValues() to avoid precision loss -
          lib\screens\employees\finance\employees_finance_home_screen.dart:152:40 - deprecated_member_use
   info - Use 'package:' imports for files in the 'lib' directory -
          lib\screens\employees\finance\employees_finance_summary_screen.dart:8:8 - always_use_package_imports
   info - Use 'package:' imports for files in the 'lib' directory -
          lib\screens\employees\finance\employees_finance_summary_screen.dart:9:8 - always_use_package_imports
   info - Use 'package:' imports for files in the 'lib' directory -
          lib\screens\employees\finance\employees_finance_summary_screen.dart:10:8 - always_use_package_imports
   info - Use 'package:' imports for files in the 'lib' directory -
          lib\screens\employees\finance\employees_finance_summary_screen.dart:13:8 - always_use_package_imports
   info - Use 'package:' imports for files in the 'lib' directory -
          lib\screens\employees\finance\employees_finance_summary_screen.dart:14:8 - always_use_package_imports
   info - Missing a required trailing comma - lib\screens\employees\finance\employees_finance_summary_screen.dart:142:50 -
          require_trailing_commas
   info - Missing a required trailing comma - lib\screens\employees\finance\employees_finance_summary_screen.dart:144:76 -
          require_trailing_commas
   info - Missing a required trailing comma - lib\screens\employees\finance\employees_finance_summary_screen.dart:146:65 -
          require_trailing_commas
   info - Missing a required trailing comma - lib\screens\employees\finance\employees_finance_summary_screen.dart:148:63 -
          require_trailing_commas
   info - Missing a required trailing comma - lib\screens\employees\finance\employees_finance_summary_screen.dart:150:70 -
          require_trailing_commas
   info - Missing a required trailing comma - lib\screens\employees\finance\employees_finance_summary_screen.dart:152:55 -
          require_trailing_commas
   info - Missing a required trailing comma - lib\screens\employees\finance\employees_finance_summary_screen.dart:154:50 -
          require_trailing_commas
   info - Missing a required trailing comma - lib\screens\employees\finance\employees_finance_summary_screen.dart:156:79 -
          require_trailing_commas
   info - Missing a required trailing comma - lib\screens\employees\finance\employees_finance_summary_screen.dart:159:42 -
          require_trailing_commas
   info - Missing a required trailing comma - lib\screens\employees\finance\employees_finance_summary_screen.dart:178:30 -
          require_trailing_commas
   info - 'withOpacity' is deprecated and shouldn't be used. Use .withValues() to avoid precision loss -
          lib\screens\employees\finance\employees_finance_summary_screen.dart:191:40 - deprecated_member_use
   info - 'withOpacity' is deprecated and shouldn't be used. Use .withValues() to avoid precision loss -
          lib\screens\employees\finance\employees_finance_summary_screen.dart:204:41 - deprecated_member_use
   info - Missing a required trailing comma - lib\screens\employees\finance\employees_finance_summary_screen.dart:249:69 -
          require_trailing_commas
   info - Missing a required trailing comma - lib\screens\employees\finance\employees_finance_summary_screen.dart:285:70 -
          require_trailing_commas
   info - Missing a required trailing comma - lib\screens\employees\finance\employees_finance_summary_screen.dart:291:75 -
          require_trailing_commas
   info - Missing a required trailing comma - lib\screens\employees\finance\employees_finance_summary_screen.dart:293:60 -
          require_trailing_commas
   info - Missing a required trailing comma - lib\screens\employees\finance\employees_finance_summary_screen.dart:295:74 -
          require_trailing_commas
   info - Don't use 'BuildContext's across async gaps - lib\screens\employees\finance\employees_finance_summary_screen.dart:352:28 -
          use_build_context_synchronously
   info - Use 'package:' imports for files in the 'lib' directory -
          lib\screens\employees\finance\employees_transactions_screen.dart:7:8 - always_use_package_imports
   info - Use 'package:' imports for files in the 'lib' directory -
          lib\screens\employees\finance\employees_transactions_screen.dart:8:8 - always_use_package_imports
   info - Use 'package:' imports for files in the 'lib' directory -
          lib\screens\employees\finance\employees_transactions_screen.dart:9:8 - always_use_package_imports
   info - Use 'package:' imports for files in the 'lib' directory -
          lib\screens\employees\finance\employees_transactions_screen.dart:12:8 - always_use_package_imports
   info - Missing a required trailing comma - lib\screens\employees\finance\employees_transactions_screen.dart:243:66 -
          require_trailing_commas
   info - Missing a required trailing comma - lib\screens\employees\finance\employees_transactions_screen.dart:246:70 -
          require_trailing_commas
   info - Missing a required trailing comma - lib\screens\employees\finance\employees_transactions_screen.dart:249:69 -
          require_trailing_commas
   info - Missing a required trailing comma - lib\screens\employees\finance\employees_transactions_screen.dart:291:67 -
          require_trailing_commas
   info - 'withOpacity' is deprecated and shouldn't be used. Use .withValues() to avoid precision loss -
          lib\screens\employees\finance\employees_transactions_screen.dart:315:39 - deprecated_member_use
   info - 'activeColor' is deprecated and shouldn't be used. Use activeThumbColor instead. This feature was deprecated after
          v3.31.0-2.0.pre - lib\screens\employees\finance\employees_transactions_screen.dart:323:13 - deprecated_member_use
   info - Missing a required trailing comma - lib\screens\employees\finance\employees_transactions_screen.dart:340:55 -
          require_trailing_commas
   info - 'withOpacity' is deprecated and shouldn't be used. Use .withValues() to avoid precision loss -
          lib\screens\employees\finance\employees_transactions_screen.dart:359:44 - deprecated_member_use
   info - Missing a required trailing comma - lib\screens\employees\finance\employees_transactions_screen.dart:364:55 -
          require_trailing_commas
   info - Missing a required trailing comma - lib\screens\employees\finance\employees_transactions_screen.dart:378:88 -
          require_trailing_commas
   info - Missing a required trailing comma - lib\screens\employees\finance\employees_transactions_screen.dart:389:16 -
          require_trailing_commas
   info - 'withOpacity' is deprecated and shouldn't be used. Use .withValues() to avoid precision loss -
          lib\screens\employees\finance\employees_transactions_screen.dart:402:57 - deprecated_member_use
   info - 'withOpacity' is deprecated and shouldn't be used. Use .withValues() to avoid precision loss -
          lib\screens\employees\finance\employees_transactions_screen.dart:424:34 - deprecated_member_use
   info - Missing a required trailing comma - lib\screens\employees\finance\employees_transactions_screen.dart:431:64 -
          require_trailing_commas
   info - 'withOpacity' is deprecated and shouldn't be used. Use .withValues() to avoid precision loss -
          lib\screens\employees\finance\employees_transactions_screen.dart:436:52 - deprecated_member_use
   info - 'withOpacity' is deprecated and shouldn't be used. Use .withValues() to avoid precision loss -
          lib\screens\employees\finance\employees_transactions_screen.dart:455:34 - deprecated_member_use
   info - Missing a required trailing comma - lib\screens\employees\finance\employees_transactions_screen.dart:462:64 -
          require_trailing_commas
   info - 'withOpacity' is deprecated and shouldn't be used. Use .withValues() to avoid precision loss -
          lib\screens\employees\finance\employees_transactions_screen.dart:467:52 - deprecated_member_use
   info - 'withOpacity' is deprecated and shouldn't be used. Use .withValues() to avoid precision loss -
          lib\screens\employees\finance\employees_transactions_screen.dart:490:34 - deprecated_member_use
   info - Missing a required trailing comma - lib\screens\employees\finance\employees_transactions_screen.dart:497:64 -
          require_trailing_commas
   info - 'withOpacity' is deprecated and shouldn't be used. Use .withValues() to avoid precision loss -
          lib\screens\employees\finance\employees_transactions_screen.dart:505:52 - deprecated_member_use
   info - Missing a required trailing comma - lib\screens\employees\finance\employees_transactions_screen.dart:519:63 -
          require_trailing_commas
   info - Use 'package:' imports for files in the 'lib' directory - lib\screens\employees\finance\financial_logs_screen.dart:8:8 -
          always_use_package_imports
   info - Use 'package:' imports for files in the 'lib' directory - lib\screens\employees\finance\financial_logs_screen.dart:9:8 -
          always_use_package_imports
   info - Use 'package:' imports for files in the 'lib' directory - lib\screens\employees\finance\financial_logs_screen.dart:10:8 -
          always_use_package_imports
   info - Use 'package:' imports for files in the 'lib' directory - lib\screens\employees\finance\financial_logs_screen.dart:13:8 -
          always_use_package_imports
   info - Missing a required trailing comma - lib\screens\employees\finance\financial_logs_screen.dart:252:43 -
          require_trailing_commas
   info - Missing a required trailing comma - lib\screens\employees\finance\financial_logs_screen.dart:272:75 -
          require_trailing_commas
   info - Missing a required trailing comma - lib\screens\employees\finance\financial_logs_screen.dart:272:76 -
          require_trailing_commas
   info - Missing a required trailing comma - lib\screens\employees\finance\financial_logs_screen.dart:273:11 -
          require_trailing_commas
   info - 'withOpacity' is deprecated and shouldn't be used. Use .withValues() to avoid precision loss -
          lib\screens\employees\finance\financial_logs_screen.dart:302:34 - deprecated_member_use
   info - 'withOpacity' is deprecated and shouldn't be used. Use .withValues() to avoid precision loss -
          lib\screens\employees\finance\financial_logs_screen.dart:341:54 - deprecated_member_use
   info - 'withOpacity' is deprecated and shouldn't be used. Use .withValues() to avoid precision loss -
          lib\screens\employees\finance\financial_logs_screen.dart:346:48 - deprecated_member_use
   info - Missing a required trailing comma - lib\screens\employees\finance\financial_logs_screen.dart:350:72 -
          require_trailing_commas
   info - Missing a required trailing comma - lib\screens\employees\finance\financial_logs_screen.dart:456:110 -
          require_trailing_commas
   info - Missing a required trailing comma - lib\screens\employees\finance\financial_logs_screen.dart:473:68 -
          require_trailing_commas
   info - Missing a required trailing comma - lib\screens\employees\finance\financial_logs_screen.dart:473:69 -
          require_trailing_commas
   info - Missing a required trailing comma - lib\screens\employees\finance\financial_logs_screen.dart:473:70 -
          require_trailing_commas
   info - Missing a required trailing comma - lib\screens\employees\finance\financial_logs_screen.dart:478:26 -
          require_trailing_commas
   info - Missing a required trailing comma - lib\screens\employees\finance\financial_logs_screen.dart:500:71 -
          require_trailing_commas
   info - Missing a required trailing comma - lib\screens\employees\finance\financial_logs_screen.dart:500:72 -
          require_trailing_commas
   info - 'activeColor' is deprecated and shouldn't be used. Use activeThumbColor instead. This feature was deprecated after
          v3.31.0-2.0.pre - lib\screens\employees\finance\financial_logs_screen.dart:503:51 - deprecated_member_use
   info - Missing a required trailing comma - lib\screens\employees\finance\financial_logs_screen.dart:503:77 -
          require_trailing_commas
   info - 'withOpacity' is deprecated and shouldn't be used. Use .withValues() to avoid precision loss -
          lib\screens\employees\finance\financial_logs_screen.dart:516:57 - deprecated_member_use
   info - Missing a required trailing comma - lib\screens\employees\finance\financial_logs_screen.dart:519:78 -
          require_trailing_commas
   info - Use 'package:' imports for files in the 'lib' directory -
          lib\screens\employees\finance\non_doctor_salary_detail_screen.dart:6:8 - always_use_package_imports
   info - Use 'package:' imports for files in the 'lib' directory -
          lib\screens\employees\finance\non_doctor_salary_detail_screen.dart:9:8 - always_use_package_imports
   info - Use 'package:' imports for files in the 'lib' directory -
          lib\screens\employees\finance\non_doctor_salary_detail_screen.dart:10:8 - always_use_package_imports
   info - Missing a required trailing comma - lib\screens\employees\finance\non_doctor_salary_detail_screen.dart:135:43 -
          require_trailing_commas
   info - Missing a required trailing comma - lib\screens\employees\finance\non_doctor_salary_detail_screen.dart:249:70 -
          require_trailing_commas
   info - Missing a required trailing comma - lib\screens\employees\finance\non_doctor_salary_detail_screen.dart:249:71 -
          require_trailing_commas
   info - Missing a required trailing comma - lib\screens\employees\finance\non_doctor_salary_detail_screen.dart:258:55 -
          require_trailing_commas
   info - Missing a required trailing comma - lib\screens\employees\finance\non_doctor_salary_detail_screen.dart:290:70 -
          require_trailing_commas
   info - Missing a required trailing comma - lib\screens\employees\finance\non_doctor_salary_detail_screen.dart:295:66 -
          require_trailing_commas
   info - 'withOpacity' is deprecated and shouldn't be used. Use .withValues() to avoid precision loss -
          lib\screens\employees\finance\non_doctor_salary_detail_screen.dart:333:50 - deprecated_member_use
   info - 'withOpacity' is deprecated and shouldn't be used. Use .withValues() to avoid precision loss -
          lib\screens\employees\finance\non_doctor_salary_detail_screen.dart:341:39 - deprecated_member_use
   info - Missing a required trailing comma - lib\screens\employees\finance\non_doctor_salary_detail_screen.dart:342:44 -
          require_trailing_commas
   info - Use 'package:' imports for files in the 'lib' directory - lib\screens\employees\list_employees_screen.dart:9:8 -
          always_use_package_imports
   info - Use 'package:' imports for files in the 'lib' directory - lib\screens\employees\list_employees_screen.dart:10:8 -
          always_use_package_imports
   info - Use 'package:' imports for files in the 'lib' directory - lib\screens\employees\list_employees_screen.dart:11:8 -
          always_use_package_imports
   info - Use 'package:' imports for files in the 'lib' directory - lib\screens\employees\list_employees_screen.dart:13:8 -
          always_use_package_imports
   info - Use 'package:' imports for files in the 'lib' directory - lib\screens\employees\list_employees_screen.dart:14:8 -
          always_use_package_imports
   info - Use 'package:' imports for files in the 'lib' directory - lib\screens\employees\list_employees_screen.dart:15:8 -
          always_use_package_imports
   info - Use 'package:' imports for files in the 'lib' directory - lib\screens\employees\list_employees_screen.dart:16:8 -
          always_use_package_imports
   info - Use 'package:' imports for files in the 'lib' directory - lib\screens\employees\list_employees_screen.dart:17:8 -
          always_use_package_imports
   info - 'Share' is deprecated and shouldn't be used. Use SharePlus instead -
          lib\screens\employees\list_employees_screen.dart:107:13 - deprecated_member_use
   info - 'shareXFiles' is deprecated and shouldn't be used. Use SharePlus.instance.share() instead -
          lib\screens\employees\list_employees_screen.dart:107:19 - deprecated_member_use
   info - Missing a required trailing comma - lib\screens\employees\list_employees_screen.dart:108:42 - require_trailing_commas
   info - Missing a required trailing comma - lib\screens\employees\list_employees_screen.dart:153:41 - require_trailing_commas
   info - 'withOpacity' is deprecated and shouldn't be used. Use .withValues() to avoid precision loss -
          lib\screens\employees\list_employees_screen.dart:255:43 - deprecated_member_use
   info - 'withOpacity' is deprecated and shouldn't be used. Use .withValues() to avoid precision loss -
          lib\screens\employees\list_employees_screen.dart:277:63 - deprecated_member_use
   info - Missing a required trailing comma - lib\screens\employees\list_employees_screen.dart:301:54 - require_trailing_commas
   info - 'withOpacity' is deprecated and shouldn't be used. Use .withValues() to avoid precision loss -
          lib\screens\employees\list_employees_screen.dart:316:63 - deprecated_member_use
   info - Missing a required trailing comma - lib\screens\employees\list_employees_screen.dart:332:74 - require_trailing_commas
   info - 'withOpacity' is deprecated and shouldn't be used. Use .withValues() to avoid precision loss -
          lib\screens\employees\list_employees_screen.dart:339:65 - deprecated_member_use
   info - Missing a required trailing comma - lib\screens\employees\list_employees_screen.dart:345:70 - require_trailing_commas
   info - Missing a required trailing comma - lib\screens\employees\list_employees_screen.dart:357:86 - require_trailing_commas
   info - Missing a required trailing comma - lib\screens\employees\list_employees_screen.dart:357:87 - require_trailing_commas
   info - Missing a required trailing comma - lib\screens\employees\list_employees_screen.dart:367:70 - require_trailing_commas
   info - Missing a required trailing comma - lib\screens\employees\list_employees_screen.dart:384:72 - require_trailing_commas
   info - Missing a required trailing comma - lib\screens\employees\list_employees_screen.dart:396:72 - require_trailing_commas
   info - Missing a required trailing comma - lib\screens\employees\list_employees_screen.dart:408:72 - require_trailing_commas
   info - Use 'package:' imports for files in the 'lib' directory - lib\screens\employees\new_employee_screen.dart:6:8 -
          always_use_package_imports
   info - Use 'package:' imports for files in the 'lib' directory - lib\screens\employees\new_employee_screen.dart:7:8 -
          always_use_package_imports
   info - Use 'package:' imports for files in the 'lib' directory - lib\screens\employees\new_employee_screen.dart:8:8 -
          always_use_package_imports
   info - Use 'package:' imports for files in the 'lib' directory - lib\screens\employees\new_employee_screen.dart:9:8 -
          always_use_package_imports
   info - Use 'package:' imports for files in the 'lib' directory - lib\screens\employees\new_employee_screen.dart:11:8 -
          always_use_package_imports
   info - Use 'package:' imports for files in the 'lib' directory - lib\screens\employees\new_employee_screen.dart:12:8 -
          always_use_package_imports
   info - Use 'package:' imports for files in the 'lib' directory - lib\screens\employees\new_employee_screen.dart:13:8 -
          always_use_package_imports
   info - Use 'package:' imports for files in the 'lib' directory - lib\screens\employees\new_employee_screen.dart:14:8 -
          always_use_package_imports
   info - Use 'package:' imports for files in the 'lib' directory - lib\screens\employees\new_employee_screen.dart:15:8 -
          always_use_package_imports
   info - Don't use 'BuildContext's across async gaps - lib\screens\employees\new_employee_screen.dart:84:7 -
          use_build_context_synchronously
   info - Missing a required trailing comma - lib\screens\employees\new_employee_screen.dart:229:80 - require_trailing_commas
   info - Missing a required trailing comma - lib\screens\employees\new_employee_screen.dart:318:82 - require_trailing_commas
   info - Missing a required trailing comma - lib\screens\employees\new_employee_screen.dart:371:59 - require_trailing_commas
   info - 'withOpacity' is deprecated and shouldn't be used. Use .withValues() to avoid precision loss -
          lib\screens\employees\new_employee_screen.dart:375:54 - deprecated_member_use
   info - 'withOpacity' is deprecated and shouldn't be used. Use .withValues() to avoid precision loss -
          lib\screens\employees\new_employee_screen.dart:395:57 - deprecated_member_use
   info - 'withOpacity' is deprecated and shouldn't be used. Use .withValues() to avoid precision loss -
          lib\screens\employees\new_employee_screen.dart:451:54 - deprecated_member_use
   info - 'withOpacity' is deprecated and shouldn't be used. Use .withValues() to avoid precision loss -
          lib\screens\employees\new_employee_screen.dart:472:57 - deprecated_member_use
   info - Missing a required trailing comma - lib\screens\employees\new_employee_screen.dart:494:76 - require_trailing_commas
   info - Use 'package:' imports for files in the 'lib' directory - lib\screens\employees\view_employee_screen.dart:6:8 -
          always_use_package_imports
   info - Use 'package:' imports for files in the 'lib' directory - lib\screens\employees\view_employee_screen.dart:7:8 -
          always_use_package_imports
   info - Use 'package:' imports for files in the 'lib' directory - lib\screens\employees\view_employee_screen.dart:9:8 -
          always_use_package_imports
   info - Use 'package:' imports for files in the 'lib' directory - lib\screens\employees\view_employee_screen.dart:10:8 -
          always_use_package_imports
   info - 'withOpacity' is deprecated and shouldn't be used. Use .withValues() to avoid precision loss -
          lib\screens\employees\view_employee_screen.dart:118:49 - deprecated_member_use
   info - 'withOpacity' is deprecated and shouldn't be used. Use .withValues() to avoid precision loss -
          lib\screens\employees\view_employee_screen.dart:132:58 - deprecated_member_use
   info - Missing a required trailing comma - lib\screens\employees\view_employee_screen.dart:150:74 - require_trailing_commas
   info - Missing a required trailing comma - lib\screens\employees\view_employee_screen.dart:159:78 - require_trailing_commas
   info - 'withOpacity' is deprecated and shouldn't be used. Use .withValues() to avoid precision loss -
          lib\screens\employees\view_employee_screen.dart:161:63 - deprecated_member_use
   info - Missing a required trailing comma - lib\screens\employees\view_employee_screen.dart:181:78 - require_trailing_commas
   info - Missing a required trailing comma - lib\screens\employees\view_employee_screen.dart:188:75 - require_trailing_commas
   info - Missing a required trailing comma - lib\screens\employees\view_employee_screen.dart:197:72 - require_trailing_commas
   info - Missing a required trailing comma - lib\screens\employees\view_employee_screen.dart:200:73 - require_trailing_commas
   info - Missing a required trailing comma - lib\screens\employees\view_employee_screen.dart:205:78 - require_trailing_commas
   info - Missing a required trailing comma - lib\screens\employees\view_employee_screen.dart:213:70 - require_trailing_commas
   info - Missing a required trailing comma - lib\screens\employees\view_employee_screen.dart:213:71 - require_trailing_commas
   info - Missing a required trailing comma - lib\screens\employees\view_employee_screen.dart:223:71 - require_trailing_commas
   info - Missing a required trailing comma - lib\screens\employees\view_employee_screen.dart:230:77 - require_trailing_commas
   info - 'withOpacity' is deprecated and shouldn't be used. Use .withValues() to avoid precision loss -
          lib\screens\employees\view_employee_screen.dart:285:34 - deprecated_member_use
   info - 'withOpacity' is deprecated and shouldn't be used. Use .withValues() to avoid precision loss -
          lib\screens\employees\view_employee_screen.dart:294:33 - deprecated_member_use
   info - Use 'package:' imports for files in the 'lib' directory - lib\screens\finance\finance_screen.dart:5:8 -
          always_use_package_imports
   info - Use 'package:' imports for files in the 'lib' directory - lib\screens\finance\finance_screen.dart:6:8 -
          always_use_package_imports
   info - Missing a required trailing comma - lib\screens\finance\finance_screen.dart:45:60 - require_trailing_commas
   info - Missing a required trailing comma - lib\screens\finance\finance_screen.dart:76:67 - require_trailing_commas
   info - Missing a required trailing comma - lib\screens\finance\finance_screen.dart:93:67 - require_trailing_commas
   info - Missing a required trailing comma - lib\screens\finance\finance_screen.dart:109:65 - require_trailing_commas
   info - Missing a required trailing comma - lib\screens\finance\finance_screen.dart:111:55 - require_trailing_commas
   info - Missing a required trailing comma - lib\screens\finance\finance_screen.dart:115:62 - require_trailing_commas
   info - Missing a required trailing comma - lib\screens\finance\finance_screen.dart:123:73 - require_trailing_commas
   info - Missing a required trailing comma - lib\screens\finance\finance_screen.dart:125:76 - require_trailing_commas
   info - Use 'package:' imports for files in the 'lib' directory - lib\screens\patients\duplicate_patients_screen.dart:9:8 -
          always_use_package_imports
   info - Use 'package:' imports for files in the 'lib' directory - lib\screens\patients\duplicate_patients_screen.dart:10:8 -
          always_use_package_imports
   info - Use 'package:' imports for files in the 'lib' directory - lib\screens\patients\duplicate_patients_screen.dart:11:8 -
          always_use_package_imports
   info - Use 'package:' imports for files in the 'lib' directory - lib\screens\patients\duplicate_patients_screen.dart:12:8 -
          always_use_package_imports
   info - Use 'package:' imports for files in the 'lib' directory - lib\screens\patients\duplicate_patients_screen.dart:14:8 -
          always_use_package_imports
   info - Use 'package:' imports for files in the 'lib' directory - lib\screens\patients\duplicate_patients_screen.dart:15:8 -
          always_use_package_imports
   info - Use 'package:' imports for files in the 'lib' directory - lib\screens\patients\duplicate_patients_screen.dart:16:8 -
          always_use_package_imports
   info - Use 'package:' imports for files in the 'lib' directory - lib\screens\patients\duplicate_patients_screen.dart:17:8 -
          always_use_package_imports
   info - Use 'package:' imports for files in the 'lib' directory - lib\screens\patients\duplicate_patients_screen.dart:18:8 -
          always_use_package_imports
   info - Missing a required trailing comma - lib\screens\patients\duplicate_patients_screen.dart:199:41 - require_trailing_commas
   info - Missing a required trailing comma - lib\screens\patients\duplicate_patients_screen.dart:202:39 - require_trailing_commas
   info - Missing a required trailing comma - lib\screens\patients\duplicate_patients_screen.dart:221:41 - require_trailing_commas
   info - Missing a required trailing comma - lib\screens\patients\duplicate_patients_screen.dart:224:39 - require_trailing_commas
   info - Missing a required trailing comma - lib\screens\patients\duplicate_patients_screen.dart:262:11 - require_trailing_commas
   info - Missing a required trailing comma - lib\screens\patients\duplicate_patients_screen.dart:287:58 - require_trailing_commas
   info - Missing a required trailing comma - lib\screens\patients\duplicate_patients_screen.dart:287:59 - require_trailing_commas
   info - Missing a required trailing comma - lib\screens\patients\duplicate_patients_screen.dart:289:75 - require_trailing_commas
   info - Missing a required trailing comma - lib\screens\patients\duplicate_patients_screen.dart:291:75 - require_trailing_commas
   info - Missing a required trailing comma - lib\screens\patients\duplicate_patients_screen.dart:300:46 - require_trailing_commas
   info - Missing a required trailing comma - lib\screens\patients\duplicate_patients_screen.dart:311:58 - require_trailing_commas
   info - Missing a required trailing comma - lib\screens\patients\duplicate_patients_screen.dart:311:59 - require_trailing_commas
   info - Missing a required trailing comma - lib\screens\patients\duplicate_patients_screen.dart:313:75 - require_trailing_commas
   info - Missing a required trailing comma - lib\screens\patients\duplicate_patients_screen.dart:315:75 - require_trailing_commas
   info - Missing a required trailing comma - lib\screens\patients\duplicate_patients_screen.dart:329:53 - require_trailing_commas
   info - Missing a required trailing comma - lib\screens\patients\duplicate_patients_screen.dart:329:54 - require_trailing_commas
   info - 'Table.fromTextArray' is deprecated and shouldn't be used. Use TableHelper.fromTextArray() instead -
          lib\screens\patients\duplicate_patients_screen.dart:331:15 - deprecated_member_use
   info - Missing a required trailing comma - lib\screens\patients\duplicate_patients_screen.dart:335:78 - require_trailing_commas
   info - Missing a required trailing comma - lib\screens\patients\duplicate_patients_screen.dart:359:53 - require_trailing_commas
   info - Missing a required trailing comma - lib\screens\patients\duplicate_patients_screen.dart:359:54 - require_trailing_commas
   info - Missing a required trailing comma - lib\screens\patients\duplicate_patients_screen.dart:365:77 - require_trailing_commas
   info - Missing a required trailing comma - lib\screens\patients\duplicate_patients_screen.dart:365:78 - require_trailing_commas
   info - Missing a required trailing comma - lib\screens\patients\duplicate_patients_screen.dart:488:57 - require_trailing_commas
   info - Missing a required trailing comma - lib\screens\patients\duplicate_patients_screen.dart:510:66 - require_trailing_commas
   info - 'withOpacity' is deprecated and shouldn't be used. Use .withValues() to avoid precision loss -
          lib\screens\patients\duplicate_patients_screen.dart:518:42 - deprecated_member_use
   info - Missing a required trailing comma - lib\screens\patients\duplicate_patients_screen.dart:584:74 - require_trailing_commas
   info - Missing a required trailing comma - lib\screens\patients\duplicate_patients_screen.dart:584:75 - require_trailing_commas
   info - 'withOpacity' is deprecated and shouldn't be used. Use .withValues() to avoid precision loss -
          lib\screens\patients\duplicate_patients_screen.dart:596:62 - deprecated_member_use
   info - Missing a required trailing comma - lib\screens\patients\duplicate_patients_screen.dart:598:113 - require_trailing_commas
   info - Missing a required trailing comma - lib\screens\patients\duplicate_patients_screen.dart:599:52 - require_trailing_commas
   info - Missing a required trailing comma - lib\screens\patients\duplicate_patients_screen.dart:617:71 - require_trailing_commas
   info - Missing a required trailing comma - lib\screens\patients\duplicate_patients_screen.dart:634:71 - require_trailing_commas
   info - Missing a required trailing comma - lib\screens\patients\duplicate_patients_screen.dart:687:64 - require_trailing_commas
   info - Missing a required trailing comma - lib\screens\patients\duplicate_patients_screen.dart:687:65 - require_trailing_commas
   info - Missing a required trailing comma - lib\screens\patients\duplicate_patients_screen.dart:690:81 - require_trailing_commas
   info - Missing a required trailing comma - lib\screens\patients\duplicate_patients_screen.dart:705:48 - require_trailing_commas
   info - Missing a required trailing comma - lib\screens\patients\duplicate_patients_screen.dart:707:66 - require_trailing_commas
   info - Missing a required trailing comma - lib\screens\patients\duplicate_patients_screen.dart:711:70 - require_trailing_commas
   info - Missing a required trailing comma - lib\screens\patients\duplicate_patients_screen.dart:713:59 - require_trailing_commas
   info - Use 'package:' imports for files in the 'lib' directory - lib\screens\patients\edit_patient_screen.dart:12:8 -
          always_use_package_imports
   info - Use 'package:' imports for files in the 'lib' directory - lib\screens\patients\edit_patient_screen.dart:13:8 -
          always_use_package_imports
   info - Use 'package:' imports for files in the 'lib' directory - lib\screens\patients\edit_patient_screen.dart:14:8 -
          always_use_package_imports
   info - Use 'package:' imports for files in the 'lib' directory - lib\screens\patients\edit_patient_screen.dart:15:8 -
          always_use_package_imports
   info - Use 'package:' imports for files in the 'lib' directory - lib\screens\patients\edit_patient_screen.dart:16:8 -
          always_use_package_imports
   info - Use 'package:' imports for files in the 'lib' directory - lib\screens\patients\edit_patient_screen.dart:18:8 -
          always_use_package_imports
   info - Use 'package:' imports for files in the 'lib' directory - lib\screens\patients\edit_patient_screen.dart:19:8 -
          always_use_package_imports
   info - Use 'package:' imports for files in the 'lib' directory - lib\screens\patients\edit_patient_screen.dart:20:8 -
          always_use_package_imports
   info - Use 'package:' imports for files in the 'lib' directory - lib\screens\patients\edit_patient_screen.dart:21:8 -
          always_use_package_imports
   info - Use 'package:' imports for files in the 'lib' directory - lib\screens\patients\edit_patient_screen.dart:22:8 -
          always_use_package_imports
   info - Use 'package:' imports for files in the 'lib' directory - lib\screens\patients\edit_patient_screen.dart:23:8 -
          always_use_package_imports
   info - Use 'package:' imports for files in the 'lib' directory - lib\screens\patients\edit_patient_screen.dart:24:8 -
          always_use_package_imports
   info - Use 'package:' imports for files in the 'lib' directory - lib\screens\patients\edit_patient_screen.dart:25:8 -
          always_use_package_imports
   info - Use 'package:' imports for files in the 'lib' directory - lib\screens\patients\edit_patient_screen.dart:26:8 -
          always_use_package_imports
   info - Use 'package:' imports for files in the 'lib' directory - lib\screens\patients\edit_patient_screen.dart:27:8 -
          always_use_package_imports
   info - Use the '??' operator rather than '?:' when testing for 'null' - lib\screens\patients\edit_patient_screen.dart:142:24 -
          prefer_if_null_operators
   info - Don't use 'BuildContext's across async gaps - lib\screens\patients\edit_patient_screen.dart:225:18 -
          use_build_context_synchronously
   info - Missing a required trailing comma - lib\screens\patients\edit_patient_screen.dart:311:20 - require_trailing_commas
   info - Missing a required trailing comma - lib\screens\patients\edit_patient_screen.dart:332:22 - require_trailing_commas
   info - Missing a required trailing comma - lib\screens\patients\edit_patient_screen.dart:356:43 - require_trailing_commas
   info - Missing a required trailing comma - lib\screens\patients\edit_patient_screen.dart:365:72 - require_trailing_commas
   info - Missing a required trailing comma - lib\screens\patients\edit_patient_screen.dart:374:87 - require_trailing_commas
   info - Don't use 'BuildContext's across async gaps, guarded by an unrelated 'mounted' check -
          lib\screens\patients\edit_patient_screen.dart:381:33 - use_build_context_synchronously
   info - 'withOpacity' is deprecated and shouldn't be used. Use .withValues() to avoid precision loss -
          lib\screens\patients\edit_patient_screen.dart:404:25 - deprecated_member_use
   info - Missing a required trailing comma - lib\screens\patients\edit_patient_screen.dart:444:14 - require_trailing_commas
   info - Missing a required trailing comma - lib\screens\patients\edit_patient_screen.dart:444:15 - require_trailing_commas
   info - Missing a required trailing comma - lib\screens\patients\edit_patient_screen.dart:497:10 - require_trailing_commas
   info - Missing a required trailing comma - lib\screens\patients\edit_patient_screen.dart:519:8 - require_trailing_commas
   info - Don't use 'BuildContext's across async gaps - lib\screens\patients\edit_patient_screen.dart:559:7 -
          use_build_context_synchronously
   info - Missing a required trailing comma - lib\screens\patients\edit_patient_screen.dart:575:80 - require_trailing_commas
   info - Missing a required trailing comma - lib\screens\patients\edit_patient_screen.dart:576:32 - require_trailing_commas
   info - Missing a required trailing comma - lib\screens\patients\edit_patient_screen.dart:590:56 - require_trailing_commas
   info - Missing a required trailing comma - lib\screens\patients\edit_patient_screen.dart:595:62 - require_trailing_commas
   info - Missing a required trailing comma - lib\screens\patients\edit_patient_screen.dart:595:63 - require_trailing_commas
   info - Missing a required trailing comma - lib\screens\patients\edit_patient_screen.dart:612:52 - require_trailing_commas
   info - Missing a required trailing comma - lib\screens\patients\edit_patient_screen.dart:613:11 - require_trailing_commas
   info - Don't use 'BuildContext's across async gaps - lib\screens\patients\edit_patient_screen.dart:632:7 -
          use_build_context_synchronously
   info - Missing a required trailing comma - lib\screens\patients\edit_patient_screen.dart:648:80 - require_trailing_commas
   info - Missing a required trailing comma - lib\screens\patients\edit_patient_screen.dart:649:32 - require_trailing_commas
   info - Missing a required trailing comma - lib\screens\patients\edit_patient_screen.dart:663:56 - require_trailing_commas
   info - Missing a required trailing comma - lib\screens\patients\edit_patient_screen.dart:668:62 - require_trailing_commas
   info - Missing a required trailing comma - lib\screens\patients\edit_patient_screen.dart:668:63 - require_trailing_commas
   info - Missing a required trailing comma - lib\screens\patients\edit_patient_screen.dart:685:52 - require_trailing_commas
   info - Missing a required trailing comma - lib\screens\patients\edit_patient_screen.dart:686:11 - require_trailing_commas
   info - Don't use 'BuildContext's across async gaps - lib\screens\patients\edit_patient_screen.dart:709:28 -
          use_build_context_synchronously
   info - Missing a required trailing comma - lib\screens\patients\edit_patient_screen.dart:710:74 - require_trailing_commas
   info - Don't use 'BuildContext's across async gaps - lib\screens\patients\edit_patient_screen.dart:718:7 -
          use_build_context_synchronously
   info - Missing a required trailing comma - lib\screens\patients\edit_patient_screen.dart:737:51 - require_trailing_commas
   info - Missing a required trailing comma - lib\screens\patients\edit_patient_screen.dart:753:56 - require_trailing_commas
   info - Missing a required trailing comma - lib\screens\patients\edit_patient_screen.dart:758:62 - require_trailing_commas
   info - Missing a required trailing comma - lib\screens\patients\edit_patient_screen.dart:758:63 - require_trailing_commas
   info - Missing a required trailing comma - lib\screens\patients\edit_patient_screen.dart:760:80 - require_trailing_commas
   info - Missing a required trailing comma - lib\screens\patients\edit_patient_screen.dart:776:52 - require_trailing_commas
   info - Missing a required trailing comma - lib\screens\patients\edit_patient_screen.dart:777:11 - require_trailing_commas
   info - Missing a required trailing comma - lib\screens\patients\edit_patient_screen.dart:790:10 - require_trailing_commas
   info - Don't use 'BuildContext's across async gaps - lib\screens\patients\edit_patient_screen.dart:814:28 -
          use_build_context_synchronously
   info - Missing a required trailing comma - lib\screens\patients\edit_patient_screen.dart:843:69 - require_trailing_commas
   info - Missing a required trailing comma - lib\screens\patients\edit_patient_screen.dart:871:54 - require_trailing_commas
   info - Missing a required trailing comma - lib\screens\patients\edit_patient_screen.dart:971:10 - require_trailing_commas
   info - Missing a required trailing comma - lib\screens\patients\edit_patient_screen.dart:1045:17 - require_trailing_commas
   info - Missing a required trailing comma - lib\screens\patients\edit_patient_screen.dart:1055:32 - require_trailing_commas
   info - Missing a required trailing comma - lib\screens\patients\edit_patient_screen.dart:1065:53 - require_trailing_commas
   info - 'withOpacity' is deprecated and shouldn't be used. Use .withValues() to avoid precision loss -
          lib\screens\patients\edit_patient_screen.dart:1070:50 - deprecated_member_use
   info - Missing a required trailing comma - lib\screens\patients\edit_patient_screen.dart:1075:61 - require_trailing_commas
   info - Missing a required trailing comma - lib\screens\patients\edit_patient_screen.dart:1082:76 - require_trailing_commas
   info - Missing a required trailing comma - lib\screens\patients\edit_patient_screen.dart:1207:55 - require_trailing_commas
   info - 'withOpacity' is deprecated and shouldn't be used. Use .withValues() to avoid precision loss -
          lib\screens\patients\edit_patient_screen.dart:1212:52 - deprecated_member_use
   info - Missing a required trailing comma - lib\screens\patients\edit_patient_screen.dart:1217:63 - require_trailing_commas
   info - Missing a required trailing comma - lib\screens\patients\edit_patient_screen.dart:1222:78 - require_trailing_commas
   info - Missing a required trailing comma - lib\screens\patients\edit_patient_screen.dart:1236:55 - require_trailing_commas
   info - 'withOpacity' is deprecated and shouldn't be used. Use .withValues() to avoid precision loss -
          lib\screens\patients\edit_patient_screen.dart:1246:45 - deprecated_member_use
   info - Missing a required trailing comma - lib\screens\patients\edit_patient_screen.dart:1248:93 - require_trailing_commas
   info - Missing a required trailing comma - lib\screens\patients\edit_patient_screen.dart:1255:30 - require_trailing_commas
   info - Missing a required trailing comma - lib\screens\patients\edit_patient_screen.dart:1270:53 - require_trailing_commas
   info - Missing a required trailing comma - lib\screens\patients\edit_patient_screen.dart:1276:64 - require_trailing_commas
   info - Missing a required trailing comma - lib\screens\patients\edit_patient_screen.dart:1285:70 - require_trailing_commas
   info - Missing a required trailing comma - lib\screens\patients\edit_patient_screen.dart:1307:53 - require_trailing_commas
   info - 'withOpacity' is deprecated and shouldn't be used. Use .withValues() to avoid precision loss -
          lib\screens\patients\edit_patient_screen.dart:1329:53 - deprecated_member_use
   info - Missing a required trailing comma - lib\screens\patients\edit_patient_screen.dart:1335:68 - require_trailing_commas
   info - 'withOpacity' is deprecated and shouldn't be used. Use .withValues() to avoid precision loss -
          lib\screens\patients\edit_patient_screen.dart:1457:42 - deprecated_member_use
   info - Missing a required trailing comma - lib\screens\patients\edit_patient_screen.dart:1492:60 - require_trailing_commas
   info - Missing a required trailing comma - lib\screens\patients\edit_patient_screen.dart:1495:73 - require_trailing_commas
warning - Duplicate import - lib\screens\patients\list_patients_screen.dart:9:8 - duplicate_import
   info - Use 'package:' imports for files in the 'lib' directory - lib\screens\patients\list_patients_screen.dart:13:8 -
          always_use_package_imports
   info - Use 'package:' imports for files in the 'lib' directory - lib\screens\patients\list_patients_screen.dart:14:8 -
          always_use_package_imports
   info - Use 'package:' imports for files in the 'lib' directory - lib\screens\patients\list_patients_screen.dart:15:8 -
          always_use_package_imports
   info - Use 'package:' imports for files in the 'lib' directory - lib\screens\patients\list_patients_screen.dart:16:8 -
          always_use_package_imports
   info - Use 'package:' imports for files in the 'lib' directory - lib\screens\patients\list_patients_screen.dart:18:8 -
          always_use_package_imports
   info - Use 'package:' imports for files in the 'lib' directory - lib\screens\patients\list_patients_screen.dart:19:8 -
          always_use_package_imports
   info - Use 'package:' imports for files in the 'lib' directory - lib\screens\patients\list_patients_screen.dart:20:8 -
          always_use_package_imports
   info - Use 'package:' imports for files in the 'lib' directory - lib\screens\patients\list_patients_screen.dart:21:8 -
          always_use_package_imports
   info - Use 'package:' imports for files in the 'lib' directory - lib\screens\patients\list_patients_screen.dart:23:8 -
          always_use_package_imports
   info - Use 'package:' imports for files in the 'lib' directory - lib\screens\patients\list_patients_screen.dart:24:8 -
          always_use_package_imports
   info - Use 'package:' imports for files in the 'lib' directory - lib\screens\patients\list_patients_screen.dart:25:8 -
          always_use_package_imports
   info - Use 'package:' imports for files in the 'lib' directory - lib\screens\patients\list_patients_screen.dart:26:8 -
          always_use_package_imports
   info - Use 'package:' imports for files in the 'lib' directory - lib\screens\patients\list_patients_screen.dart:27:8 -
          always_use_package_imports
   info - Use 'package:' imports for files in the 'lib' directory - lib\screens\patients\list_patients_screen.dart:28:8 -
          always_use_package_imports
warning - The value of the field '_doctorRestricted' isn't used - lib\screens\patients\list_patients_screen.dart:49:8 - unused_field
   info - Missing a required trailing comma - lib\screens\patients\list_patients_screen.dart:157:77 - require_trailing_commas
   info - Missing a required trailing comma - lib\screens\patients\list_patients_screen.dart:178:75 - require_trailing_commas
   info - Missing a required trailing comma - lib\screens\patients\list_patients_screen.dart:226:41 - require_trailing_commas
   info - Missing a required trailing comma - lib\screens\patients\list_patients_screen.dart:229:39 - require_trailing_commas
   info - 'Share' is deprecated and shouldn't be used. Use SharePlus instead - lib\screens\patients\list_patients_screen.dart:261:11
          - deprecated_member_use
   info - 'shareXFiles' is deprecated and shouldn't be used. Use SharePlus.instance.share() instead -
          lib\screens\patients\list_patients_screen.dart:261:17 - deprecated_member_use
   info - Missing a required trailing comma - lib\screens\patients\list_patients_screen.dart:320:63 - require_trailing_commas
   info - Missing a required trailing comma - lib\screens\patients\list_patients_screen.dart:332:32 - require_trailing_commas
   info - Missing a required trailing comma - lib\screens\patients\list_patients_screen.dart:336:31 - require_trailing_commas
   info - Missing a required trailing comma - lib\screens\patients\list_patients_screen.dart:342:74 - require_trailing_commas
   info - 'withOpacity' is deprecated and shouldn't be used. Use .withValues() to avoid precision loss -
          lib\screens\patients\list_patients_screen.dart:414:49 - deprecated_member_use
   info - 'withOpacity' is deprecated and shouldn't be used. Use .withValues() to avoid precision loss -
          lib\screens\patients\list_patients_screen.dart:422:49 - deprecated_member_use
   info - Missing a required trailing comma - lib\screens\patients\list_patients_screen.dart:446:51 - require_trailing_commas
   info - Missing a required trailing comma - lib\screens\patients\list_patients_screen.dart:460:53 - require_trailing_commas
   info - 'withOpacity' is deprecated and shouldn't be used. Use .withValues() to avoid precision loss -
          lib\screens\patients\list_patients_screen.dart:487:58 - deprecated_member_use
   info - 'withOpacity' is deprecated and shouldn't be used. Use .withValues() to avoid precision loss -
          lib\screens\patients\list_patients_screen.dart:508:36 - deprecated_member_use
   info - Missing a required trailing comma - lib\screens\patients\list_patients_screen.dart:508:52 - require_trailing_commas
   info - Missing a required trailing comma - lib\screens\patients\list_patients_screen.dart:520:74 - require_trailing_commas
   info - Use 'package:' imports for files in the 'lib' directory - lib\screens\patients\new_patient_screen.dart:10:8 -
          always_use_package_imports
   info - Use 'package:' imports for files in the 'lib' directory - lib\screens\patients\new_patient_screen.dart:11:8 -
          always_use_package_imports
   info - Use 'package:' imports for files in the 'lib' directory - lib\screens\patients\new_patient_screen.dart:12:8 -
          always_use_package_imports
   info - Use 'package:' imports for files in the 'lib' directory - lib\screens\patients\new_patient_screen.dart:13:8 -
          always_use_package_imports
   info - Use 'package:' imports for files in the 'lib' directory - lib\screens\patients\new_patient_screen.dart:14:8 -
          always_use_package_imports
   info - Use 'package:' imports for files in the 'lib' directory - lib\screens\patients\new_patient_screen.dart:15:8 -
          always_use_package_imports
   info - Use 'package:' imports for files in the 'lib' directory - lib\screens\patients\new_patient_screen.dart:17:8 -
          always_use_package_imports
   info - Use 'package:' imports for files in the 'lib' directory - lib\screens\patients\new_patient_screen.dart:18:8 -
          always_use_package_imports
   info - Use 'package:' imports for files in the 'lib' directory - lib\screens\patients\new_patient_screen.dart:19:8 -
          always_use_package_imports
   info - Use 'package:' imports for files in the 'lib' directory - lib\screens\patients\new_patient_screen.dart:20:8 -
          always_use_package_imports
   info - Use 'package:' imports for files in the 'lib' directory - lib\screens\patients\new_patient_screen.dart:21:8 -
          always_use_package_imports
   info - Use 'package:' imports for files in the 'lib' directory - lib\screens\patients\new_patient_screen.dart:22:8 -
          always_use_package_imports
   info - Use 'package:' imports for files in the 'lib' directory - lib\screens\patients\new_patient_screen.dart:23:8 -
          always_use_package_imports
   info - Use 'package:' imports for files in the 'lib' directory - lib\screens\patients\new_patient_screen.dart:24:8 -
          always_use_package_imports
warning - Duplicate import - lib\screens\patients\new_patient_screen.dart:24:8 - duplicate_import
   info - Use 'package:' imports for files in the 'lib' directory - lib\screens\patients\new_patient_screen.dart:25:8 -
          always_use_package_imports
   info - Use 'package:' imports for files in the 'lib' directory - lib\screens\patients\new_patient_screen.dart:26:8 -
          always_use_package_imports
   info - Use 'package:' imports for files in the 'lib' directory - lib\screens\patients\new_patient_screen.dart:27:8 -
          always_use_package_imports
   info - Missing a required trailing comma - lib\screens\patients\new_patient_screen.dart:168:60 - require_trailing_commas
   info - Missing a required trailing comma - lib\screens\patients\new_patient_screen.dart:182:24 - require_trailing_commas
   info - Missing a required trailing comma - lib\screens\patients\new_patient_screen.dart:207:26 - require_trailing_commas
   info - Missing a required trailing comma - lib\screens\patients\new_patient_screen.dart:247:72 - require_trailing_commas
   info - Missing a required trailing comma - lib\screens\patients\new_patient_screen.dart:256:87 - require_trailing_commas
   info - Don't use 'BuildContext's across async gaps, guarded by an unrelated 'mounted' check -
          lib\screens\patients\new_patient_screen.dart:263:33 - use_build_context_synchronously
   info - Don't use 'BuildContext's across async gaps - lib\screens\patients\new_patient_screen.dart:299:28 -
          use_build_context_synchronously
   info - Missing a required trailing comma - lib\screens\patients\new_patient_screen.dart:351:10 - require_trailing_commas
   info - Missing a required trailing comma - lib\screens\patients\new_patient_screen.dart:373:8 - require_trailing_commas
   info - Don't use 'BuildContext's across async gaps - lib\screens\patients\new_patient_screen.dart:399:18 -
          use_build_context_synchronously
  error - The property 'name' can't be unconditionally accessed because the receiver can be 'null' -
         lib\screens\patients\new_patient_screen.dart:416:44 - unchecked_use_of_nullable_value
   info - Don't use 'BuildContext's across async gaps - lib\screens\patients\new_patient_screen.dart:448:7 -
          use_build_context_synchronously
   info - Missing a required trailing comma - lib\screens\patients\new_patient_screen.dart:455:60 - require_trailing_commas
   info - Missing a required trailing comma - lib\screens\patients\new_patient_screen.dart:468:51 - require_trailing_commas
   info - Missing a required trailing comma - lib\screens\patients\new_patient_screen.dart:485:56 - require_trailing_commas
   info - Missing a required trailing comma - lib\screens\patients\new_patient_screen.dart:490:62 - require_trailing_commas
   info - Missing a required trailing comma - lib\screens\patients\new_patient_screen.dart:490:63 - require_trailing_commas
   info - Missing a required trailing comma - lib\screens\patients\new_patient_screen.dart:507:52 - require_trailing_commas
   info - Missing a required trailing comma - lib\screens\patients\new_patient_screen.dart:508:11 - require_trailing_commas
   info - Don't use 'BuildContext's across async gaps - lib\screens\patients\new_patient_screen.dart:538:28 -
          use_build_context_synchronously
   info - Don't use 'BuildContext's across async gaps - lib\screens\patients\new_patient_screen.dart:548:7 -
          use_build_context_synchronously
   info - Missing a required trailing comma - lib\screens\patients\new_patient_screen.dart:555:60 - require_trailing_commas
   info - Missing a required trailing comma - lib\screens\patients\new_patient_screen.dart:570:51 - require_trailing_commas
   info - Missing a required trailing comma - lib\screens\patients\new_patient_screen.dart:587:56 - require_trailing_commas
   info - Missing a required trailing comma - lib\screens\patients\new_patient_screen.dart:592:62 - require_trailing_commas
   info - Missing a required trailing comma - lib\screens\patients\new_patient_screen.dart:592:63 - require_trailing_commas
   info - Missing a required trailing comma - lib\screens\patients\new_patient_screen.dart:594:80 - require_trailing_commas
   info - Missing a required trailing comma - lib\screens\patients\new_patient_screen.dart:610:52 - require_trailing_commas
   info - Missing a required trailing comma - lib\screens\patients\new_patient_screen.dart:611:11 - require_trailing_commas
   info - Missing a required trailing comma - lib\screens\patients\new_patient_screen.dart:624:10 - require_trailing_commas
   info - Don't use 'BuildContext's across async gaps - lib\screens\patients\new_patient_screen.dart:657:7 -
          use_build_context_synchronously
   info - Missing a required trailing comma - lib\screens\patients\new_patient_screen.dart:664:60 - require_trailing_commas
   info - Missing a required trailing comma - lib\screens\patients\new_patient_screen.dart:666:96 - require_trailing_commas
   info - Missing a required trailing comma - lib\screens\patients\new_patient_screen.dart:760:56 - require_trailing_commas
   info - Don't use 'BuildContext's across async gaps - lib\screens\patients\new_patient_screen.dart:889:28 -
          use_build_context_synchronously
warning - The value of the local variable 'scheme' isn't used - lib\screens\patients\new_patient_screen.dart:920:11 -
       unused_local_variable
   info - Missing a required trailing comma - lib\screens\patients\new_patient_screen.dart:961:57 - require_trailing_commas
   info - Missing a required trailing comma - lib\screens\patients\new_patient_screen.dart:981:58 - require_trailing_commas
   info - Missing a required trailing comma - lib\screens\patients\new_patient_screen.dart:1016:58 - require_trailing_commas
   info - Missing a required trailing comma - lib\screens\patients\new_patient_screen.dart:1026:30 - require_trailing_commas
   info - Missing a required trailing comma - lib\screens\patients\new_patient_screen.dart:1045:58 - require_trailing_commas
   info - Missing a required trailing comma - lib\screens\patients\new_patient_screen.dart:1053:68 - require_trailing_commas
   info - Missing a required trailing comma - lib\screens\patients\new_patient_screen.dart:1054:30 - require_trailing_commas
   info - Missing a required trailing comma - lib\screens\patients\new_patient_screen.dart:1072:57 - require_trailing_commas
   info - 'value' is deprecated and shouldn't be used. Use initialValue instead. This will set the initial value for the form field.
          This feature was deprecated after v3.33.0-1.0.pre - lib\screens\patients\new_patient_screen.dart:1074:27 -
          deprecated_member_use
   info - Missing a required trailing comma - lib\screens\patients\new_patient_screen.dart:1082:71 - require_trailing_commas
   info - Missing a required trailing comma - lib\screens\patients\new_patient_screen.dart:1084:73 - require_trailing_commas
   info - Missing a required trailing comma - lib\screens\patients\new_patient_screen.dart:1086:67 - require_trailing_commas
   info - Missing a required trailing comma - lib\screens\patients\new_patient_screen.dart:1131:59 - require_trailing_commas
   info - Missing a required trailing comma - lib\screens\patients\new_patient_screen.dart:1135:55 - require_trailing_commas
   info - Missing a required trailing comma - lib\screens\patients\new_patient_screen.dart:1140:75 - require_trailing_commas
   info - Missing a required trailing comma - lib\screens\patients\new_patient_screen.dart:1183:58 - require_trailing_commas
   info - Missing a required trailing comma - lib\screens\patients\new_patient_screen.dart:1197:30 - require_trailing_commas
   info - Missing a required trailing comma - lib\screens\patients\new_patient_screen.dart:1291:66 - require_trailing_commas
   info - Missing a required trailing comma - lib\screens\patients\new_patient_screen.dart:1291:67 - require_trailing_commas
   info - Missing a required trailing comma - lib\screens\patients\new_patient_screen.dart:1305:77 - require_trailing_commas
   info - 'withOpacity' is deprecated and shouldn't be used. Use .withValues() to avoid precision loss -
          lib\screens\patients\new_patient_screen.dart:1353:44 - deprecated_member_use
   info - 'withOpacity' is deprecated and shouldn't be used. Use .withValues() to avoid precision loss -
          lib\screens\patients\new_patient_screen.dart:1363:41 - deprecated_member_use
   info - 'withOpacity' is deprecated and shouldn't be used. Use .withValues() to avoid precision loss -
          lib\screens\patients\new_patient_screen.dart:1368:52 - deprecated_member_use
   info - 'withOpacity' is deprecated and shouldn't be used. Use .withValues() to avoid precision loss -
          lib\screens\patients\new_patient_screen.dart:1404:34 - deprecated_member_use
   info - 'withOpacity' is deprecated and shouldn't be used. Use .withValues() to avoid precision loss -
          lib\screens\patients\new_patient_screen.dart:1422:41 - deprecated_member_use
   info - Missing a required trailing comma - lib\screens\patients\new_patient_screen.dart:1424:16 - require_trailing_commas
   info - 'withOpacity' is deprecated and shouldn't be used. Use .withValues() to avoid precision loss -
          lib\screens\patients\new_patient_screen.dart:1442:63 - deprecated_member_use
   info - Use 'package:' imports for files in the 'lib' directory - lib\screens\patients\patient_picker_screen.dart:6:8 -
          always_use_package_imports
   info - Use 'package:' imports for files in the 'lib' directory - lib\screens\patients\patient_picker_screen.dart:7:8 -
          always_use_package_imports
   info - Use 'package:' imports for files in the 'lib' directory - lib\screens\patients\patient_picker_screen.dart:8:8 -
          always_use_package_imports
   info - Angle brackets will be interpreted as HTML - lib\screens\patients\patient_picker_screen.dart:14:42 -
          unintended_html_in_doc_comment
   info - Missing a required trailing comma - lib\screens\patients\patient_picker_screen.dart:167:70 - require_trailing_commas
   info - Missing a required trailing comma - lib\screens\patients\patient_picker_screen.dart:225:15 - require_trailing_commas
   info - Missing a required trailing comma - lib\screens\patients\patient_picker_screen.dart:251:53 - require_trailing_commas
   info - Missing a required trailing comma - lib\screens\patients\patient_picker_screen.dart:289:68 - require_trailing_commas
   info - Missing a required trailing comma - lib\screens\patients\patient_picker_screen.dart:292:70 - require_trailing_commas
   info - Missing a required trailing comma - lib\screens\patients\patient_picker_screen.dart:297:74 - require_trailing_commas
   info - Missing a required trailing comma - lib\screens\patients\patient_picker_screen.dart:316:72 - require_trailing_commas
   info - Missing a required trailing comma - lib\screens\patients\patient_picker_screen.dart:324:78 - require_trailing_commas
   info - 'withOpacity' is deprecated and shouldn't be used. Use .withValues() to avoid precision loss -
          lib\screens\patients\patient_picker_screen.dart:327:52 - deprecated_member_use
   info - Use 'package:' imports for files in the 'lib' directory - lib\screens\patients\view_patient_screen.dart:16:8 -
          always_use_package_imports
   info - Use 'package:' imports for files in the 'lib' directory - lib\screens\patients\view_patient_screen.dart:17:8 -
          always_use_package_imports
   info - Use 'package:' imports for files in the 'lib' directory - lib\screens\patients\view_patient_screen.dart:19:8 -
          always_use_package_imports
   info - Use 'package:' imports for files in the 'lib' directory - lib\screens\patients\view_patient_screen.dart:20:8 -
          always_use_package_imports
   info - Use 'package:' imports for files in the 'lib' directory - lib\screens\patients\view_patient_screen.dart:21:8 -
          always_use_package_imports
   info - Use 'package:' imports for files in the 'lib' directory - lib\screens\patients\view_patient_screen.dart:22:8 -
          always_use_package_imports
   info - Missing a required trailing comma - lib\screens\patients\view_patient_screen.dart:56:73 - require_trailing_commas
   info - Missing a required trailing comma - lib\screens\patients\view_patient_screen.dart:133:35 - require_trailing_commas
   info - Missing a required trailing comma - lib\screens\patients\view_patient_screen.dart:134:13 - require_trailing_commas
   info - Missing a required trailing comma - lib\screens\patients\view_patient_screen.dart:206:75 - require_trailing_commas
   info - Missing a required trailing comma - lib\screens\patients\view_patient_screen.dart:213:67 - require_trailing_commas
   info - Missing a required trailing comma - lib\screens\patients\view_patient_screen.dart:213:68 - require_trailing_commas
   info - Missing a required trailing comma - lib\screens\patients\view_patient_screen.dart:241:58 - require_trailing_commas
   info - Missing a required trailing comma - lib\screens\patients\view_patient_screen.dart:241:59 - require_trailing_commas
   info - Missing a required trailing comma - lib\screens\patients\view_patient_screen.dart:244:74 - require_trailing_commas
   info - Missing a required trailing comma - lib\screens\patients\view_patient_screen.dart:247:74 - require_trailing_commas
   info - Missing a required trailing comma - lib\screens\patients\view_patient_screen.dart:273:58 - require_trailing_commas
   info - Missing a required trailing comma - lib\screens\patients\view_patient_screen.dart:273:59 - require_trailing_commas
   info - Missing a required trailing comma - lib\screens\patients\view_patient_screen.dart:276:74 - require_trailing_commas
   info - Missing a required trailing comma - lib\screens\patients\view_patient_screen.dart:279:74 - require_trailing_commas
   info - Missing a required trailing comma - lib\screens\patients\view_patient_screen.dart:296:73 - require_trailing_commas
   info - Missing a required trailing comma - lib\screens\patients\view_patient_screen.dart:301:75 - require_trailing_commas
   info - Missing a required trailing comma - lib\screens\patients\view_patient_screen.dart:312:77 - require_trailing_commas
   info - Missing a required trailing comma - lib\screens\patients\view_patient_screen.dart:325:72 - require_trailing_commas
   info - Missing a required trailing comma - lib\screens\patients\view_patient_screen.dart:329:77 - require_trailing_commas
   info - Missing a required trailing comma - lib\screens\patients\view_patient_screen.dart:347:40 - require_trailing_commas
warning - The left operand can't be null, so the right operand is never executed -
       lib\screens\patients\view_patient_screen.dart:354:39 - dead_null_aware_expression
   info - Missing a required trailing comma - lib\screens\patients\view_patient_screen.dart:357:57 - require_trailing_commas
   info - Missing a required trailing comma - lib\screens\patients\view_patient_screen.dart:366:77 - require_trailing_commas
   info - Missing a required trailing comma - lib\screens\patients\view_patient_screen.dart:370:71 - require_trailing_commas
   info - Missing a required trailing comma - lib\screens\patients\view_patient_screen.dart:373:77 - require_trailing_commas
   info - Missing a required trailing comma - lib\screens\patients\view_patient_screen.dart:392:72 - require_trailing_commas
   info - Missing a required trailing comma - lib\screens\patients\view_patient_screen.dart:397:71 - require_trailing_commas
   info - Missing a required trailing comma - lib\screens\patients\view_patient_screen.dart:408:76 - require_trailing_commas
   info - Missing a required trailing comma - lib\screens\patients\view_patient_screen.dart:413:75 - require_trailing_commas
   info - Missing a required trailing comma - lib\screens\patients\view_patient_screen.dart:424:74 - require_trailing_commas
   info - Missing a required trailing comma - lib\screens\patients\view_patient_screen.dart:429:73 - require_trailing_commas
   info - Missing a required trailing comma - lib\screens\patients\view_patient_screen.dart:443:52 - require_trailing_commas
   info - Missing a required trailing comma - lib\screens\patients\view_patient_screen.dart:453:54 - require_trailing_commas
   info - Missing a required trailing comma - lib\screens\patients\view_patient_screen.dart:454:54 - require_trailing_commas
   info - Missing a required trailing comma - lib\screens\patients\view_patient_screen.dart:582:53 - require_trailing_commas
   info - Missing a required trailing comma - lib\screens\patients\view_patient_screen.dart:587:63 - require_trailing_commas
   info - Missing a required trailing comma - lib\screens\patients\view_patient_screen.dart:594:59 - require_trailing_commas
   info - Missing a required trailing comma - lib\screens\patients\view_patient_screen.dart:600:69 - require_trailing_commas
   info - 'withOpacity' is deprecated and shouldn't be used. Use .withValues() to avoid precision loss -
          lib\screens\patients\view_patient_screen.dart:661:51 - deprecated_member_use
   info - Missing a required trailing comma - lib\screens\patients\view_patient_screen.dart:663:97 - require_trailing_commas
   info - Missing a required trailing comma - lib\screens\patients\view_patient_screen.dart:761:62 - require_trailing_commas
   info - 'withOpacity' is deprecated and shouldn't be used. Use .withValues() to avoid precision loss -
          lib\screens\patients\view_patient_screen.dart:763:54 - deprecated_member_use
   info - 'withOpacity' is deprecated and shouldn't be used. Use .withValues() to avoid precision loss -
          lib\screens\patients\view_patient_screen.dart:766:58 - deprecated_member_use
   info - Missing a required trailing comma - lib\screens\patients\view_patient_screen.dart:766:74 - require_trailing_commas
   info - Missing a required trailing comma - lib\screens\patients\view_patient_screen.dart:787:70 - require_trailing_commas
   info - Missing a required trailing comma - lib\screens\patients\view_patient_screen.dart:809:70 - require_trailing_commas
   info - Missing a required trailing comma - lib\screens\patients\view_patient_screen.dart:824:70 - require_trailing_commas
   info - Missing a required trailing comma - lib\screens\patients\view_patient_screen.dart:839:64 - require_trailing_commas
   info - 'withOpacity' is deprecated and shouldn't be used. Use .withValues() to avoid precision loss -
          lib\screens\patients\view_patient_screen.dart:893:32 - deprecated_member_use
   info - 'withOpacity' is deprecated and shouldn't be used. Use .withValues() to avoid precision loss -
          lib\screens\patients\view_patient_screen.dart:902:35 - deprecated_member_use
   info - Use 'package:' imports for files in the 'lib' directory - lib\screens\payments\payments_home_screen.dart:5:8 -
          always_use_package_imports
   info - Use 'package:' imports for files in the 'lib' directory - lib\screens\payments\payments_home_screen.dart:6:8 -
          always_use_package_imports
   info - Use 'package:' imports for files in the 'lib' directory - lib\screens\payments\payments_home_screen.dart:7:8 -
          always_use_package_imports
   info - Use 'package:' imports for files in the 'lib' directory - lib\screens\payments\payments_home_screen.dart:10:8 -
          always_use_package_imports
   info - 'withOpacity' is deprecated and shouldn't be used. Use .withValues() to avoid precision loss -
          lib\screens\payments\payments_home_screen.dart:34:48 - deprecated_member_use
   info - Missing a required trailing comma - lib\screens\payments\payments_home_screen.dart:44:68 - require_trailing_commas
   info - Missing a required trailing comma - lib\screens\payments\payments_home_screen.dart:62:68 - require_trailing_commas
   info - Missing a required trailing comma - lib\screens\payments\payments_home_screen.dart:69:66 - require_trailing_commas
   info - Missing a required trailing comma - lib\screens\payments\payments_home_screen.dart:92:60 - require_trailing_commas
   info - Missing a required trailing comma - lib\screens\payments\payments_home_screen.dart:112:15 - require_trailing_commas
   info - Missing a required trailing comma - lib\screens\payments\payments_home_screen.dart:137:77 - require_trailing_commas
   info - 'withOpacity' is deprecated and shouldn't be used. Use .withValues() to avoid precision loss -
          lib\screens\payments\payments_home_screen.dart:178:39 - deprecated_member_use
   info - 'withOpacity' is deprecated and shouldn't be used. Use .withValues() to avoid precision loss -
          lib\screens\payments\payments_home_screen.dart:193:49 - deprecated_member_use
   info - Missing a required trailing comma - lib\screens\payments\payments_home_screen.dart:196:24 - require_trailing_commas
   info - 'withOpacity' is deprecated and shouldn't be used. Use .withValues() to avoid precision loss -
          lib\screens\payments\payments_home_screen.dart:204:49 - deprecated_member_use
   info - 'withOpacity' is deprecated and shouldn't be used. Use .withValues() to avoid precision loss -
          lib\screens\payments\payments_home_screen.dart:215:41 - deprecated_member_use
   info - Missing a required trailing comma - lib\screens\payments\payments_home_screen.dart:215:56 - require_trailing_commas
   info - Use 'package:' imports for files in the 'lib' directory - lib\screens\prescriptions\new_prescription_screen.dart:6:8 -
          always_use_package_imports
   info - Use 'package:' imports for files in the 'lib' directory - lib\screens\prescriptions\new_prescription_screen.dart:7:8 -
          always_use_package_imports
   info - Use 'package:' imports for files in the 'lib' directory - lib\screens\prescriptions\new_prescription_screen.dart:8:8 -
          always_use_package_imports
   info - Use 'package:' imports for files in the 'lib' directory - lib\screens\prescriptions\new_prescription_screen.dart:9:8 -
          always_use_package_imports
   info - Use 'package:' imports for files in the 'lib' directory - lib\screens\prescriptions\new_prescription_screen.dart:10:8 -
          always_use_package_imports
   info - Use 'package:' imports for files in the 'lib' directory - lib\screens\prescriptions\new_prescription_screen.dart:13:8 -
          always_use_package_imports
   info - Use 'package:' imports for files in the 'lib' directory - lib\screens\prescriptions\new_prescription_screen.dart:14:8 -
          always_use_package_imports
   info - Use 'package:' imports for files in the 'lib' directory - lib\screens\prescriptions\new_prescription_screen.dart:15:8 -
          always_use_package_imports
   info - Missing a required trailing comma - lib\screens\prescriptions\new_prescription_screen.dart:93:51 - require_trailing_commas
   info - Missing a required trailing comma - lib\screens\prescriptions\new_prescription_screen.dart:103:60 - require_trailing_commas
   info - Missing a required trailing comma - lib\screens\prescriptions\new_prescription_screen.dart:108:59 - require_trailing_commas
   info - Missing a required trailing comma - lib\screens\prescriptions\new_prescription_screen.dart:116:14 - require_trailing_commas
   info - Missing a required trailing comma - lib\screens\prescriptions\new_prescription_screen.dart:125:12 - require_trailing_commas
   info - Missing a required trailing comma - lib\screens\prescriptions\new_prescription_screen.dart:125:13 - require_trailing_commas
   info - Don't use 'BuildContext's across async gaps - lib\screens\prescriptions\new_prescription_screen.dart:147:29 -
          use_build_context_synchronously
   info - Don't use 'BuildContext's across async gaps - lib\screens\prescriptions\new_prescription_screen.dart:149:7 -
          use_build_context_synchronously
   info - Missing a required trailing comma - lib\screens\prescriptions\new_prescription_screen.dart:170:77 - require_trailing_commas
   info - Missing a required trailing comma - lib\screens\prescriptions\new_prescription_screen.dart:196:45 - require_trailing_commas
   info - Missing a required trailing comma - lib\screens\prescriptions\new_prescription_screen.dart:240:77 - require_trailing_commas
   info - Missing a required trailing comma - lib\screens\prescriptions\new_prescription_screen.dart:280:12 - require_trailing_commas
   info - Missing a required trailing comma - lib\screens\prescriptions\new_prescription_screen.dart:323:50 - require_trailing_commas
   info - Missing a required trailing comma - lib\screens\prescriptions\new_prescription_screen.dart:333:50 - require_trailing_commas
   info - Missing a required trailing comma - lib\screens\prescriptions\new_prescription_screen.dart:343:43 - require_trailing_commas
   info - Don't use 'BuildContext's across async gaps - lib\screens\prescriptions\new_prescription_screen.dart:357:30 -
          use_build_context_synchronously
   info - Missing a required trailing comma - lib\screens\prescriptions\new_prescription_screen.dart:371:69 - require_trailing_commas
   info - Missing a required trailing comma - lib\screens\prescriptions\new_prescription_screen.dart:410:74 - require_trailing_commas
   info - 'withOpacity' is deprecated and shouldn't be used. Use .withValues() to avoid precision loss -
          lib\screens\prescriptions\new_prescription_screen.dart:476:48 - deprecated_member_use
   info - Missing a required trailing comma - lib\screens\prescriptions\new_prescription_screen.dart:481:59 - require_trailing_commas
   info - 'withOpacity' is deprecated and shouldn't be used. Use .withValues() to avoid precision loss -
          lib\screens\prescriptions\new_prescription_screen.dart:491:51 - deprecated_member_use
   info - Missing a required trailing comma - lib\screens\prescriptions\new_prescription_screen.dart:491:66 - require_trailing_commas
   info - 'withOpacity' is deprecated and shouldn't be used. Use .withValues() to avoid precision loss -
          lib\screens\prescriptions\new_prescription_screen.dart:506:48 - deprecated_member_use
   info - Missing a required trailing comma - lib\screens\prescriptions\new_prescription_screen.dart:511:59 - require_trailing_commas
   info - 'withOpacity' is deprecated and shouldn't be used. Use .withValues() to avoid precision loss -
          lib\screens\prescriptions\new_prescription_screen.dart:521:51 - deprecated_member_use
   info - Missing a required trailing comma - lib\screens\prescriptions\new_prescription_screen.dart:521:66 - require_trailing_commas
   info - 'withOpacity' is deprecated and shouldn't be used. Use .withValues() to avoid precision loss -
          lib\screens\prescriptions\new_prescription_screen.dart:552:48 - deprecated_member_use
   info - Missing a required trailing comma - lib\screens\prescriptions\new_prescription_screen.dart:557:59 - require_trailing_commas
   info - 'withOpacity' is deprecated and shouldn't be used. Use .withValues() to avoid precision loss -
          lib\screens\prescriptions\new_prescription_screen.dart:567:51 - deprecated_member_use
   info - Missing a required trailing comma - lib\screens\prescriptions\new_prescription_screen.dart:567:66 - require_trailing_commas
   info - 'withOpacity' is deprecated and shouldn't be used. Use .withValues() to avoid precision loss -
          lib\screens\prescriptions\new_prescription_screen.dart:582:60 - deprecated_member_use
   info - Missing a required trailing comma - lib\screens\prescriptions\new_prescription_screen.dart:584:86 - require_trailing_commas
   info - Missing a required trailing comma - lib\screens\prescriptions\new_prescription_screen.dart:625:57 - require_trailing_commas
   info - Use 'package:' imports for files in the 'lib' directory - lib\screens\prescriptions\patient_prescriptions_screen.dart:6:8 -
          always_use_package_imports
   info - Use 'package:' imports for files in the 'lib' directory - lib\screens\prescriptions\patient_prescriptions_screen.dart:7:8 -
          always_use_package_imports
   info - Use 'package:' imports for files in the 'lib' directory - lib\screens\prescriptions\patient_prescriptions_screen.dart:8:8 -
          always_use_package_imports
   info - Use 'package:' imports for files in the 'lib' directory - lib\screens\prescriptions\patient_prescriptions_screen.dart:9:8 -
          always_use_package_imports
   info - Use 'package:' imports for files in the 'lib' directory - lib\screens\prescriptions\patient_prescriptions_screen.dart:11:8
          - always_use_package_imports
   info - Use 'package:' imports for files in the 'lib' directory - lib\screens\prescriptions\patient_prescriptions_screen.dart:12:8
          - always_use_package_imports
   info - Missing a required trailing comma - lib\screens\prescriptions\patient_prescriptions_screen.dart:154:15 -
          require_trailing_commas
   info - Missing a required trailing comma - lib\screens\prescriptions\patient_prescriptions_screen.dart:172:53 -
          require_trailing_commas
   info - Missing a required trailing comma - lib\screens\prescriptions\patient_prescriptions_screen.dart:214:68 -
          require_trailing_commas
   info - Missing a required trailing comma - lib\screens\prescriptions\patient_prescriptions_screen.dart:218:70 -
          require_trailing_commas
   info - Missing a required trailing comma - lib\screens\prescriptions\patient_prescriptions_screen.dart:221:69 -
          require_trailing_commas
   info - Missing a required trailing comma - lib\screens\prescriptions\patient_prescriptions_screen.dart:227:66 -
          require_trailing_commas
   info - Missing a required trailing comma - lib\screens\prescriptions\patient_prescriptions_screen.dart:233:72 -
          require_trailing_commas
   info - Missing a required trailing comma - lib\screens\prescriptions\patient_prescriptions_screen.dart:238:78 -
          require_trailing_commas
   info - 'withOpacity' is deprecated and shouldn't be used. Use .withValues() to avoid precision loss -
          lib\screens\prescriptions\patient_prescriptions_screen.dart:246:54 - deprecated_member_use
   info - Missing a required trailing comma - lib\screens\prescriptions\patient_prescriptions_screen.dart:273:68 -
          require_trailing_commas
   info - Missing a required trailing comma - lib\screens\prescriptions\patient_prescriptions_screen.dart:308:75 -
          require_trailing_commas
   info - Missing a required trailing comma - lib\screens\prescriptions\patient_prescriptions_screen.dart:313:79 -
          require_trailing_commas
   info - Missing a required trailing comma - lib\screens\prescriptions\patient_prescriptions_screen.dart:316:70 -
          require_trailing_commas
   info - Missing a required trailing comma - lib\screens\prescriptions\patient_prescriptions_screen.dart:318:73 -
          require_trailing_commas
   info - Missing a required trailing comma - lib\screens\prescriptions\patient_prescriptions_screen.dart:341:78 -
          require_trailing_commas
   info - Missing a required trailing comma - lib\screens\prescriptions\patient_prescriptions_screen.dart:353:69 -
          require_trailing_commas
   info - Missing a required trailing comma - lib\screens\prescriptions\patient_prescriptions_screen.dart:357:73 -
          require_trailing_commas
   info - Missing a required trailing comma - lib\screens\prescriptions\patient_prescriptions_screen.dart:362:82 -
          require_trailing_commas
   info - 'withOpacity' is deprecated and shouldn't be used. Use .withValues() to avoid precision loss -
          lib\screens\prescriptions\patient_prescriptions_screen.dart:370:72 - deprecated_member_use
   info - Missing a required trailing comma - lib\screens\prescriptions\patient_prescriptions_screen.dart:371:78 -
          require_trailing_commas
   info - Missing a required trailing comma - lib\screens\prescriptions\patient_prescriptions_screen.dart:375:81 -
          require_trailing_commas
   info - Missing a required trailing comma - lib\screens\prescriptions\patient_prescriptions_screen.dart:399:92 -
          require_trailing_commas
   info - Missing a required trailing comma - lib\screens\prescriptions\patient_prescriptions_screen.dart:424:66 -
          require_trailing_commas
   info - Use 'package:' imports for files in the 'lib' directory - lib\screens\prescriptions\prescription_list_screen.dart:8:8 -
          always_use_package_imports
   info - Use 'package:' imports for files in the 'lib' directory - lib\screens\prescriptions\prescription_list_screen.dart:9:8 -
          always_use_package_imports
   info - Use 'package:' imports for files in the 'lib' directory - lib\screens\prescriptions\prescription_list_screen.dart:10:8 -
          always_use_package_imports
   info - Use 'package:' imports for files in the 'lib' directory - lib\screens\prescriptions\prescription_list_screen.dart:11:8 -
          always_use_package_imports
   info - Use 'package:' imports for files in the 'lib' directory - lib\screens\prescriptions\prescription_list_screen.dart:14:8 -
          always_use_package_imports
   info - Missing a required trailing comma - lib\screens\prescriptions\prescription_list_screen.dart:89:14 - require_trailing_commas
   info - 'Share' is deprecated and shouldn't be used. Use SharePlus instead -
          lib\screens\prescriptions\prescription_list_screen.dart:184:11 - deprecated_member_use
   info - 'shareXFiles' is deprecated and shouldn't be used. Use SharePlus.instance.share() instead -
          lib\screens\prescriptions\prescription_list_screen.dart:184:17 - deprecated_member_use
   info - Missing a required trailing comma - lib\screens\prescriptions\prescription_list_screen.dart:223:15 -
          require_trailing_commas
   info - Missing a required trailing comma - lib\screens\prescriptions\prescription_list_screen.dart:241:53 -
          require_trailing_commas
   info - Missing a required trailing comma - lib\screens\prescriptions\prescription_list_screen.dart:262:70 -
          require_trailing_commas
   info - Missing a required trailing comma - lib\screens\prescriptions\prescription_list_screen.dart:268:57 -
          require_trailing_commas
   info - Missing a required trailing comma - lib\screens\prescriptions\prescription_list_screen.dart:278:70 -
          require_trailing_commas
   info - Missing a required trailing comma - lib\screens\prescriptions\prescription_list_screen.dart:284:55 -
          require_trailing_commas
   info - Missing a required trailing comma - lib\screens\prescriptions\prescription_list_screen.dart:314:66 -
          require_trailing_commas
   info - Missing a required trailing comma - lib\screens\prescriptions\prescription_list_screen.dart:321:74 -
          require_trailing_commas
   info - Missing a required trailing comma - lib\screens\prescriptions\prescription_list_screen.dart:359:69 -
          require_trailing_commas
   info - 'withOpacity' is deprecated and shouldn't be used. Use .withValues() to avoid precision loss -
          lib\screens\prescriptions\prescription_list_screen.dart:365:62 - deprecated_member_use
   info - Missing a required trailing comma - lib\screens\prescriptions\prescription_list_screen.dart:371:76 -
          require_trailing_commas
   info - Missing a required trailing comma - lib\screens\prescriptions\prescription_list_screen.dart:376:72 -
          require_trailing_commas
   info - 'withOpacity' is deprecated and shouldn't be used. Use .withValues() to avoid precision loss -
          lib\screens\prescriptions\prescription_list_screen.dart:386:50 - deprecated_member_use
   info - Missing a required trailing comma - lib\screens\prescriptions\prescription_list_screen.dart:386:65 -
          require_trailing_commas
   info - Missing a required trailing comma - lib\screens\prescriptions\prescription_list_screen.dart:389:69 -
          require_trailing_commas
   info - Missing a required trailing comma - lib\screens\prescriptions\prescription_list_screen.dart:397:73 -
          require_trailing_commas
   info - Missing a required trailing comma - lib\screens\prescriptions\prescription_list_screen.dart:409:73 -
          require_trailing_commas
   info - Use 'package:' imports for files in the 'lib' directory - lib\screens\prescriptions\view_prescription_screen.dart:6:8 -
          always_use_package_imports
   info - Use 'package:' imports for files in the 'lib' directory - lib\screens\prescriptions\view_prescription_screen.dart:7:8 -
          always_use_package_imports
   info - Use 'package:' imports for files in the 'lib' directory - lib\screens\prescriptions\view_prescription_screen.dart:8:8 -
          always_use_package_imports
   info - Use 'package:' imports for files in the 'lib' directory - lib\screens\prescriptions\view_prescription_screen.dart:9:8 -
          always_use_package_imports
   info - Use 'package:' imports for files in the 'lib' directory - lib\screens\prescriptions\view_prescription_screen.dart:10:8 -
          always_use_package_imports
   info - Use 'package:' imports for files in the 'lib' directory - lib\screens\prescriptions\view_prescription_screen.dart:11:8 -
          always_use_package_imports
   info - Use 'package:' imports for files in the 'lib' directory - lib\screens\prescriptions\view_prescription_screen.dart:12:8 -
          always_use_package_imports
   info - Use 'package:' imports for files in the 'lib' directory - lib\screens\prescriptions\view_prescription_screen.dart:15:8 -
          always_use_package_imports
   info - Missing a required trailing comma - lib\screens\prescriptions\view_prescription_screen.dart:86:77 - require_trailing_commas
   info - Missing a required trailing comma - lib\screens\prescriptions\view_prescription_screen.dart:105:14 -
          require_trailing_commas
   info - Missing a required trailing comma - lib\screens\prescriptions\view_prescription_screen.dart:145:15 -
          require_trailing_commas
   info - Missing a required trailing comma - lib\screens\prescriptions\view_prescription_screen.dart:167:55 -
          require_trailing_commas
   info - Missing a required trailing comma - lib\screens\prescriptions\view_prescription_screen.dart:177:55 -
          require_trailing_commas
   info - Missing a required trailing comma - lib\screens\prescriptions\view_prescription_screen.dart:187:55 -
          require_trailing_commas
   info - Missing a required trailing comma - lib\screens\prescriptions\view_prescription_screen.dart:198:57 -
          require_trailing_commas
   info - 'withOpacity' is deprecated and shouldn't be used. Use .withValues() to avoid precision loss -
          lib\screens\prescriptions\view_prescription_screen.dart:210:49 - deprecated_member_use
   info - 'withOpacity' is deprecated and shouldn't be used. Use .withValues() to avoid precision loss -
          lib\screens\prescriptions\view_prescription_screen.dart:221:63 - deprecated_member_use
   info - Missing a required trailing comma - lib\screens\prescriptions\view_prescription_screen.dart:221:78 -
          require_trailing_commas
   info - Missing a required trailing comma - lib\screens\prescriptions\view_prescription_screen.dart:221:79 -
          require_trailing_commas
   info - Missing a required trailing comma - lib\screens\prescriptions\view_prescription_screen.dart:232:67 -
          require_trailing_commas
   info - 'withOpacity' is deprecated and shouldn't be used. Use .withValues() to avoid precision loss -
          lib\screens\prescriptions\view_prescription_screen.dart:238:62 - deprecated_member_use
   info - Missing a required trailing comma - lib\screens\prescriptions\view_prescription_screen.dart:244:76 -
          require_trailing_commas
   info - 'withOpacity' is deprecated and shouldn't be used. Use .withValues() to avoid precision loss -
          lib\screens\prescriptions\view_prescription_screen.dart:263:54 - deprecated_member_use
   info - 'withOpacity' is deprecated and shouldn't be used. Use .withValues() to avoid precision loss -
          lib\screens\prescriptions\view_prescription_screen.dart:323:35 - deprecated_member_use
   info - 'withOpacity' is deprecated and shouldn't be used. Use .withValues() to avoid precision loss -
          lib\screens\prescriptions\view_prescription_screen.dart:336:45 - deprecated_member_use
   info - Missing a required trailing comma - lib\screens\prescriptions\view_prescription_screen.dart:338:20 -
          require_trailing_commas
   info - Missing a required trailing comma - lib\screens\prescriptions\view_prescription_screen.dart:344:20 -
          require_trailing_commas
   info - Use 'package:' imports for files in the 'lib' directory - lib\screens\reminders\reminder_screen.dart:9:8 -
          always_use_package_imports
   info - Use 'package:' imports for files in the 'lib' directory - lib\screens\reminders\reminder_screen.dart:10:8 -
          always_use_package_imports
warning - The left operand can't be null, so the right operand is never executed - lib\screens\reminders\reminder_screen.dart:93:38 -
       dead_null_aware_expression
warning - The left operand can't be null, so the right operand is never executed - lib\screens\reminders\reminder_screen.dart:94:41 -
       dead_null_aware_expression
   info - Missing a required trailing comma - lib\screens\reminders\reminder_screen.dart:208:15 - require_trailing_commas
   info - Missing a required trailing comma - lib\screens\reminders\reminder_screen.dart:229:59 - require_trailing_commas
   info - 'withOpacity' is deprecated and shouldn't be used. Use .withValues() to avoid precision loss -
          lib\screens\reminders\reminder_screen.dart:248:55 - deprecated_member_use
   info - 'withOpacity' is deprecated and shouldn't be used. Use .withValues() to avoid precision loss -
          lib\screens\reminders\reminder_screen.dart:254:64 - deprecated_member_use
   info - Missing a required trailing comma - lib\screens\reminders\reminder_screen.dart:267:58 - require_trailing_commas
   info - 'withOpacity' is deprecated and shouldn't be used. Use .withValues() to avoid precision loss -
          lib\screens\reminders\reminder_screen.dart:271:53 - deprecated_member_use
   info - Missing a required trailing comma - lib\screens\reminders\reminder_screen.dart:273:28 - require_trailing_commas
   info - Missing a required trailing comma - lib\screens\reminders\reminder_screen.dart:291:77 - require_trailing_commas
   info - Missing a required trailing comma - lib\screens\reminders\reminder_screen.dart:315:75 - require_trailing_commas
   info - Missing a required trailing comma - lib\screens\reminders\reminder_screen.dart:324:70 - require_trailing_commas
   info - Missing a required trailing comma - lib\screens\reminders\reminder_screen.dart:341:72 - require_trailing_commas
warning - The left operand can't be null, so the right operand is never executed - lib\screens\reminders\reminder_screen.dart:344:67
       - dead_null_aware_expression
   info - 'withOpacity' is deprecated and shouldn't be used. Use .withValues() to avoid precision loss -
          lib\screens\reminders\reminder_screen.dart:349:48 - deprecated_member_use
   info - Missing a required trailing comma - lib\screens\reminders\reminder_screen.dart:368:67 - require_trailing_commas
   info - Use 'package:' imports for files in the 'lib' directory - lib\screens\reports\report_screen.dart:5:8 -
          always_use_package_imports
   info - Missing a required trailing comma - lib\screens\reports\report_screen.dart:133:15 - require_trailing_commas
   info - 'withOpacity' is deprecated and shouldn't be used. Use .withValues() to avoid precision loss -
          lib\screens\reports\report_screen.dart:270:33 - deprecated_member_use
   info - 'withOpacity' is deprecated and shouldn't be used. Use .withValues() to avoid precision loss -
          lib\screens\reports\report_screen.dart:275:57 - deprecated_member_use
   info - 'withOpacity' is deprecated and shouldn't be used. Use .withValues() to avoid precision loss -
          lib\screens\reports\report_screen.dart:283:28 - deprecated_member_use
   info - 'withOpacity' is deprecated and shouldn't be used. Use .withValues() to avoid precision loss -
          lib\screens\reports\report_screen.dart:295:39 - deprecated_member_use
   info - 'withOpacity' is deprecated and shouldn't be used. Use .withValues() to avoid precision loss -
          lib\screens\reports\report_screen.dart:307:41 - deprecated_member_use
   info - 'withOpacity' is deprecated and shouldn't be used. Use .withValues() to avoid precision loss -
          lib\screens\reports\report_screen.dart:353:52 - deprecated_member_use
   info - 'withOpacity' is deprecated and shouldn't be used. Use .withValues() to avoid precision loss -
          lib\screens\reports\report_screen.dart:359:39 - deprecated_member_use
   info - Use 'package:' imports for files in the 'lib' directory - lib\screens\repository\alerts\alert_menu_screen.dart:6:8 -
          always_use_package_imports
   info - Use 'package:' imports for files in the 'lib' directory - lib\screens\repository\alerts\alert_menu_screen.dart:7:8 -
          always_use_package_imports
   info - Use 'package:' imports for files in the 'lib' directory - lib\screens\repository\alerts\alert_menu_screen.dart:8:8 -
          always_use_package_imports
   info - 'withOpacity' is deprecated and shouldn't be used. Use .withValues() to avoid precision loss -
          lib\screens\repository\alerts\alert_menu_screen.dart:56:45 - deprecated_member_use
   info - 'withOpacity' is deprecated and shouldn't be used. Use .withValues() to avoid precision loss -
          lib\screens\repository\alerts\alert_menu_screen.dart:123:38 - deprecated_member_use
   info - 'withOpacity' is deprecated and shouldn't be used. Use .withValues() to avoid precision loss -
          lib\screens\repository\alerts\alert_menu_screen.dart:152:49 - deprecated_member_use
   info - 'withOpacity' is deprecated and shouldn't be used. Use .withValues() to avoid precision loss -
          lib\screens\repository\alerts\alert_menu_screen.dart:166:39 - deprecated_member_use
   info - Use 'package:' imports for files in the 'lib' directory - lib\screens\repository\alerts\create_alert_screen.dart:7:8 -
          always_use_package_imports
   info - Use 'package:' imports for files in the 'lib' directory - lib\screens\repository\alerts\create_alert_screen.dart:8:8 -
          always_use_package_imports
   info - Use 'package:' imports for files in the 'lib' directory - lib\screens\repository\alerts\create_alert_screen.dart:9:8 -
          always_use_package_imports
   info - Use 'package:' imports for files in the 'lib' directory - lib\screens\repository\alerts\create_alert_screen.dart:11:8 -
          always_use_package_imports
   info - Use 'package:' imports for files in the 'lib' directory - lib\screens\repository\alerts\create_alert_screen.dart:12:8 -
          always_use_package_imports
   info - Use 'package:' imports for files in the 'lib' directory - lib\screens\repository\alerts\create_alert_screen.dart:13:8 -
          always_use_package_imports
   info - Missing a required trailing comma - lib\screens\repository\alerts\create_alert_screen.dart:104:15 - require_trailing_commas
   info - 'withOpacity' is deprecated and shouldn't be used. Use .withValues() to avoid precision loss -
          lib\screens\repository\alerts\create_alert_screen.dart:123:44 - deprecated_member_use
   info - Missing a required trailing comma - lib\screens\repository\alerts\create_alert_screen.dart:128:45 - require_trailing_commas
   info - Missing a required trailing comma - lib\screens\repository\alerts\create_alert_screen.dart:131:76 - require_trailing_commas
   info - 'withOpacity' is deprecated and shouldn't be used. Use .withValues() to avoid precision loss -
          lib\screens\repository\alerts\create_alert_screen.dart:134:62 - deprecated_member_use
   info - Missing a required trailing comma - lib\screens\repository\alerts\create_alert_screen.dart:148:54 - require_trailing_commas
   info - 'value' is deprecated and shouldn't be used. Use initialValue instead. This will set the initial value for the form field.
          This feature was deprecated after v3.33.0-1.0.pre - lib\screens\repository\alerts\create_alert_screen.dart:150:25 -
          deprecated_member_use
   info - Missing a required trailing comma - lib\screens\repository\alerts\create_alert_screen.dart:159:34 - require_trailing_commas
   info - Missing a required trailing comma - lib\screens\repository\alerts\create_alert_screen.dart:175:54 - require_trailing_commas
   info - 'value' is deprecated and shouldn't be used. Use initialValue instead. This will set the initial value for the form field.
          This feature was deprecated after v3.33.0-1.0.pre - lib\screens\repository\alerts\create_alert_screen.dart:177:25 -
          deprecated_member_use
   info - Missing a required trailing comma - lib\screens\repository\alerts\create_alert_screen.dart:186:34 - require_trailing_commas
   info - Use 'package:' imports for files in the 'lib' directory - lib\screens\repository\alerts\view_alerts_screen.dart:7:8 -
          always_use_package_imports
   info - Use 'package:' imports for files in the 'lib' directory - lib\screens\repository\alerts\view_alerts_screen.dart:8:8 -
          always_use_package_imports
   info - Use 'package:' imports for files in the 'lib' directory - lib\screens\repository\alerts\view_alerts_screen.dart:9:8 -
          always_use_package_imports
   info - Use 'package:' imports for files in the 'lib' directory - lib\screens\repository\alerts\view_alerts_screen.dart:11:8 -
          always_use_package_imports
   info - Use 'package:' imports for files in the 'lib' directory - lib\screens\repository\alerts\view_alerts_screen.dart:12:8 -
          always_use_package_imports
   info - Use 'package:' imports for files in the 'lib' directory - lib\screens\repository\alerts\view_alerts_screen.dart:13:8 -
          always_use_package_imports
   info - Use 'package:' imports for files in the 'lib' directory - lib\screens\repository\alerts\view_alerts_screen.dart:14:8 -
          always_use_package_imports
   info - Use 'package:' imports for files in the 'lib' directory - lib\screens\repository\alerts\view_alerts_screen.dart:15:8 -
          always_use_package_imports
   info - Use 'package:' imports for files in the 'lib' directory - lib\screens\repository\alerts\view_alerts_screen.dart:16:8 -
          always_use_package_imports
   info - Missing a required trailing comma - lib\screens\repository\alerts\view_alerts_screen.dart:80:14 - require_trailing_commas
   info - Missing a required trailing comma - lib\screens\repository\alerts\view_alerts_screen.dart:116:41 - require_trailing_commas
   info - Missing a required trailing comma - lib\screens\repository\alerts\view_alerts_screen.dart:119:39 - require_trailing_commas
   info - Missing a required trailing comma - lib\screens\repository\alerts\view_alerts_screen.dart:148:41 - require_trailing_commas
   info - 'withOpacity' is deprecated and shouldn't be used. Use .withValues() to avoid precision loss -
          lib\screens\repository\alerts\view_alerts_screen.dart:182:22 - deprecated_member_use
   info - Missing a required trailing comma - lib\screens\repository\alerts\view_alerts_screen.dart:185:74 - require_trailing_commas
   info - Missing a required trailing comma - lib\screens\repository\alerts\view_alerts_screen.dart:195:27 - require_trailing_commas
   info - Missing a required trailing comma - lib\screens\repository\alerts\view_alerts_screen.dart:198:74 - require_trailing_commas
   info - Missing a required trailing comma - lib\screens\repository\alerts\view_alerts_screen.dart:245:15 - require_trailing_commas
   info - Missing a required trailing comma - lib\screens\repository\alerts\view_alerts_screen.dart:281:55 - require_trailing_commas
   info - 'withOpacity' is deprecated and shouldn't be used. Use .withValues() to avoid precision loss -
          lib\screens\repository\alerts\view_alerts_screen.dart:291:55 - deprecated_member_use
   info - 'withOpacity' is deprecated and shouldn't be used. Use .withValues() to avoid precision loss -
          lib\screens\repository\alerts\view_alerts_screen.dart:299:58 - deprecated_member_use
   info - Missing a required trailing comma - lib\screens\repository\alerts\view_alerts_screen.dart:310:78 - require_trailing_commas
   info - Missing a required trailing comma - lib\screens\repository\alerts\view_alerts_screen.dart:328:63 - require_trailing_commas
   info - Missing a required trailing comma - lib\screens\repository\alerts\view_alerts_screen.dart:331:78 - require_trailing_commas
   info - Missing a required trailing comma - lib\screens\repository\alerts\view_alerts_screen.dart:342:63 - require_trailing_commas
   info - Missing a required trailing comma - lib\screens\repository\alerts\view_alerts_screen.dart:345:78 - require_trailing_commas
warning - The value of the local variable 'critical' isn't used - lib\screens\repository\alerts\view_alerts_screen.dart:352:31 -
       unused_local_variable
   info - Missing a required trailing comma - lib\screens\repository\alerts\view_alerts_screen.dart:357:60 - require_trailing_commas
   info - Missing a required trailing comma - lib\screens\repository\alerts\view_alerts_screen.dart:360:61 - require_trailing_commas
   info - 'withOpacity' is deprecated and shouldn't be used. Use .withValues() to avoid precision loss -
          lib\screens\repository\alerts\view_alerts_screen.dart:363:56 - deprecated_member_use
   info - Missing a required trailing comma - lib\screens\repository\alerts\view_alerts_screen.dart:368:57 - require_trailing_commas
   info - Missing a required trailing comma - lib\screens\repository\alerts\view_alerts_screen.dart:372:66 - require_trailing_commas
   info - Missing a required trailing comma - lib\screens\repository\alerts\view_alerts_screen.dart:372:67 - require_trailing_commas
   info - 'withOpacity' is deprecated and shouldn't be used. Use .withValues() to avoid precision loss -
          lib\screens\repository\alerts\view_alerts_screen.dart:384:48 - deprecated_member_use
   info - Missing a required trailing comma - lib\screens\repository\alerts\view_alerts_screen.dart:442:62 - require_trailing_commas
   info - Use 'package:' imports for files in the 'lib' directory - lib\screens\repository\items\add_item_screen.dart:10:8 -
          always_use_package_imports
   info - Use 'package:' imports for files in the 'lib' directory - lib\screens\repository\items\add_item_screen.dart:11:8 -
          always_use_package_imports
   info - 'withOpacity' is deprecated and shouldn't be used. Use .withValues() to avoid precision loss -
          lib\screens\repository\items\add_item_screen.dart:65:51 - deprecated_member_use
   info - Missing a required trailing comma - lib\screens\repository\items\add_item_screen.dart:125:41 - require_trailing_commas
   info - Missing a required trailing comma - lib\screens\repository\items\add_item_screen.dart:128:41 - require_trailing_commas
   info - Don't use 'BuildContext's across async gaps - lib\screens\repository\items\add_item_screen.dart:134:20 -
          use_build_context_synchronously
   info - Don't use 'BuildContext's across async gaps - lib\screens\repository\items\add_item_screen.dart:156:20 -
          use_build_context_synchronously
   info - 'withOpacity' is deprecated and shouldn't be used. Use .withValues() to avoid precision loss -
          lib\screens\repository\items\add_item_screen.dart:290:62 - deprecated_member_use
   info - 'withOpacity' is deprecated and shouldn't be used. Use .withValues() to avoid precision loss -
          lib\screens\repository\items\add_item_screen.dart:293:43 - deprecated_member_use
   info - 'value' is deprecated and shouldn't be used. Use initialValue instead. This will set the initial value for the form field.
          This feature was deprecated after v3.33.0-1.0.pre - lib\screens\repository\items\add_item_screen.dart:321:23 -
          deprecated_member_use
   info - Missing a required trailing comma - lib\screens\repository\items\add_item_screen.dart:323:74 - require_trailing_commas
   info - Missing a required trailing comma - lib\screens\repository\items\add_item_screen.dart:357:77 - require_trailing_commas
   info - Missing a required trailing comma - lib\screens\repository\items\add_item_screen.dart:375:76 - require_trailing_commas
   info - Missing a required trailing comma - lib\screens\repository\items\add_item_screen.dart:394:73 - require_trailing_commas
   info - Missing a required trailing comma - lib\screens\repository\items\add_item_screen.dart:417:74 - require_trailing_commas
   info - Missing a required trailing comma - lib\screens\repository\items\add_item_screen.dart:432:74 - require_trailing_commas
   info - Missing a required trailing comma - lib\screens\repository\items\add_item_screen.dart:451:72 - require_trailing_commas
   info - Missing a required trailing comma - lib\screens\repository\items\add_item_screen.dart:454:52 - require_trailing_commas
   info - Missing a required trailing comma - lib\screens\repository\items\add_item_screen.dart:456:66 - require_trailing_commas
   info - Missing a required trailing comma - lib\screens\repository\items\add_item_screen.dart:460:70 - require_trailing_commas
   info - Use 'package:' imports for files in the 'lib' directory - lib\screens\repository\items\view_items_screen.dart:6:8 -
          always_use_package_imports
   info - Use 'package:' imports for files in the 'lib' directory - lib\screens\repository\items\view_items_screen.dart:7:8 -
          always_use_package_imports
   info - Use 'package:' imports for files in the 'lib' directory - lib\screens\repository\items\view_items_screen.dart:8:8 -
          always_use_package_imports
   info - Use 'package:' imports for files in the 'lib' directory - lib\screens\repository\items\view_items_screen.dart:9:8 -
          always_use_package_imports
   info - Missing a required trailing comma - lib\screens\repository\items\view_items_screen.dart:62:75 - require_trailing_commas
   info - Missing a required trailing comma - lib\screens\repository\items\view_items_screen.dart:83:60 - require_trailing_commas
   info - 'withOpacity' is deprecated and shouldn't be used. Use .withValues() to avoid precision loss -
          lib\screens\repository\items\view_items_screen.dart:156:53 - deprecated_member_use
   info - Missing a required trailing comma - lib\screens\repository\items\view_items_screen.dart:156:69 - require_trailing_commas
   info - Missing a required trailing comma - lib\screens\repository\items\view_items_screen.dart:170:45 - require_trailing_commas
   info - Missing a required trailing comma - lib\screens\repository\items\view_items_screen.dart:289:43 - require_trailing_commas
   info - Missing a required trailing comma - lib\screens\repository\items\view_items_screen.dart:306:8 - require_trailing_commas
   info - Don't use 'BuildContext's across async gaps - lib\screens\repository\items\view_items_screen.dart:307:28 -
          use_build_context_synchronously
   info - Missing a required trailing comma - lib\screens\repository\items\view_items_screen.dart:325:43 - require_trailing_commas
   info - Don't use 'BuildContext's across async gaps - lib\screens\repository\items\view_items_screen.dart:337:28 -
          use_build_context_synchronously
   info - Missing a required trailing comma - lib\screens\repository\items\view_items_screen.dart:361:43 - require_trailing_commas
   info - Missing a required trailing comma - lib\screens\repository\items\view_items_screen.dart:364:43 - require_trailing_commas
   info - Don't use 'BuildContext's across async gaps - lib\screens\repository\items\view_items_screen.dart:373:28 -
          use_build_context_synchronously
   info - Missing a required trailing comma - lib\screens\repository\items\view_items_screen.dart:375:76 - require_trailing_commas
   info - Don't use 'BuildContext's across async gaps - lib\screens\repository\items\view_items_screen.dart:382:26 -
          use_build_context_synchronously
   info - 'withOpacity' is deprecated and shouldn't be used. Use .withValues() to avoid precision loss -
          lib\screens\repository\items\view_items_screen.dart:407:62 - deprecated_member_use
   info - 'withOpacity' is deprecated and shouldn't be used. Use .withValues() to avoid precision loss -
          lib\screens\repository\items\view_items_screen.dart:411:39 - deprecated_member_use
   info - Missing a required trailing comma - lib\screens\repository\items\view_items_screen.dart:413:45 - require_trailing_commas
   info - 'withOpacity' is deprecated and shouldn't be used. Use .withValues() to avoid precision loss -
          lib\screens\repository\items\view_items_screen.dart:423:41 - deprecated_member_use
   info - Missing a required trailing comma - lib\screens\repository\items\view_items_screen.dart:434:68 - require_trailing_commas
   info - 'withOpacity' is deprecated and shouldn't be used. Use .withValues() to avoid precision loss -
          lib\screens\repository\items\view_items_screen.dart:531:52 - deprecated_member_use
   info - 'withOpacity' is deprecated and shouldn't be used. Use .withValues() to avoid precision loss -
          lib\screens\repository\items\view_items_screen.dart:534:35 - deprecated_member_use
   info - Missing a required trailing comma - lib\screens\repository\items\view_items_screen.dart:536:41 - require_trailing_commas
   info - Missing a required trailing comma - lib\screens\repository\items\view_items_screen.dart:537:9 - require_trailing_commas
   info - Missing a required trailing comma - lib\screens\repository\items\view_items_screen.dart:544:35 - require_trailing_commas
   info - Missing a required trailing comma - lib\screens\repository\items\view_items_screen.dart:549:35 - require_trailing_commas
   info - 'withOpacity' is deprecated and shouldn't be used. Use .withValues() to avoid precision loss -
          lib\screens\repository\items\view_items_screen.dart:583:20 - deprecated_member_use
   info - 'withOpacity' is deprecated and shouldn't be used. Use .withValues() to avoid precision loss -
          lib\screens\repository\items\view_items_screen.dart:585:39 - deprecated_member_use
   info - Missing a required trailing comma - lib\screens\repository\items\view_items_screen.dart:593:72 - require_trailing_commas
   info - Missing a required trailing comma - lib\screens\repository\items\view_items_screen.dart:595:72 - require_trailing_commas
   info - Missing a required trailing comma - lib\screens\repository\items\view_items_screen.dart:642:76 - require_trailing_commas
   info - Missing a required trailing comma - lib\screens\repository\items\view_items_screen.dart:649:44 - require_trailing_commas
   info - Missing a required trailing comma - lib\screens\repository\items\view_items_screen.dart:666:59 - require_trailing_commas
   info - Missing a required trailing comma - lib\screens\repository\items\view_items_screen.dart:668:79 - require_trailing_commas
   info - Missing a required trailing comma - lib\screens\repository\items\view_items_screen.dart:680:72 - require_trailing_commas
   info - Missing a required trailing comma - lib\screens\repository\items\view_items_screen.dart:682:73 - require_trailing_commas
   info - 'withOpacity' is deprecated and shouldn't be used. Use .withValues() to avoid precision loss -
          lib\screens\repository\items\view_items_screen.dart:692:41 - deprecated_member_use
   info - 'withOpacity' is deprecated and shouldn't be used. Use .withValues() to avoid precision loss -
          lib\screens\repository\items\view_items_screen.dart:734:52 - deprecated_member_use
   info - Missing a required trailing comma - lib\screens\repository\items\view_items_screen.dart:747:9 - require_trailing_commas
   info - 'withOpacity' is deprecated and shouldn't be used. Use .withValues() to avoid precision loss -
          lib\screens\repository\items\view_items_screen.dart:763:22 - deprecated_member_use
   info - 'withOpacity' is deprecated and shouldn't be used. Use .withValues() to avoid precision loss -
          lib\screens\repository\items\view_items_screen.dart:765:41 - deprecated_member_use
   info - Missing a required trailing comma - lib\screens\repository\items\view_items_screen.dart:768:76 - require_trailing_commas
   info - 'withOpacity' is deprecated and shouldn't be used. Use .withValues() to avoid precision loss -
          lib\screens\repository\items\view_items_screen.dart:785:52 - deprecated_member_use
   info - Use 'package:' imports for files in the 'lib' directory - lib\screens\repository\low_stock\low_stock_screen.dart:6:8 -
          always_use_package_imports
   info - Use 'package:' imports for files in the 'lib' directory - lib\screens\repository\low_stock\low_stock_screen.dart:7:8 -
          always_use_package_imports
   info - Use 'package:' imports for files in the 'lib' directory - lib\screens\repository\low_stock\low_stock_screen.dart:8:8 -
          always_use_package_imports
   info - Missing a required trailing comma - lib\screens\repository\low_stock\low_stock_screen.dart:46:75 - require_trailing_commas
   info - Missing a required trailing comma - lib\screens\repository\low_stock\low_stock_screen.dart:76:60 - require_trailing_commas
   info - Missing a required trailing comma - lib\screens\repository\low_stock\low_stock_screen.dart:121:53 - require_trailing_commas
   info - 'withOpacity' is deprecated and shouldn't be used. Use .withValues() to avoid precision loss -
          lib\screens\repository\low_stock\low_stock_screen.dart:145:49 - deprecated_member_use
   info - 'withOpacity' is deprecated and shouldn't be used. Use .withValues() to avoid precision loss -
          lib\screens\repository\low_stock\low_stock_screen.dart:191:52 - deprecated_member_use
   info - 'withOpacity' is deprecated and shouldn't be used. Use .withValues() to avoid precision loss -
          lib\screens\repository\low_stock\low_stock_screen.dart:194:33 - deprecated_member_use
   info - Missing a required trailing comma - lib\screens\repository\low_stock\low_stock_screen.dart:203:79 - require_trailing_commas
   info - Missing a required trailing comma - lib\screens\repository\low_stock\low_stock_screen.dart:206:79 - require_trailing_commas
   info - 'withOpacity' is deprecated and shouldn't be used. Use .withValues() to avoid precision loss -
          lib\screens\repository\low_stock\low_stock_screen.dart:240:20 - deprecated_member_use
   info - 'withOpacity' is deprecated and shouldn't be used. Use .withValues() to avoid precision loss -
          lib\screens\repository\low_stock\low_stock_screen.dart:242:39 - deprecated_member_use
   info - Missing a required trailing comma - lib\screens\repository\low_stock\low_stock_screen.dart:250:72 - require_trailing_commas
   info - Missing a required trailing comma - lib\screens\repository\low_stock\low_stock_screen.dart:252:72 - require_trailing_commas
   info - 'withOpacity' is deprecated and shouldn't be used. Use .withValues() to avoid precision loss -
          lib\screens\repository\low_stock\low_stock_screen.dart:272:52 - deprecated_member_use
   info - Missing a required trailing comma - lib\screens\repository\low_stock\low_stock_screen.dart:282:67 - require_trailing_commas
   info - 'withOpacity' is deprecated and shouldn't be used. Use .withValues() to avoid precision loss -
          lib\screens\repository\low_stock\low_stock_screen.dart:305:52 - deprecated_member_use
   info - 'withOpacity' is deprecated and shouldn't be used. Use .withValues() to avoid precision loss -
          lib\screens\repository\low_stock\low_stock_screen.dart:326:58 - deprecated_member_use
   info - 'withOpacity' is deprecated and shouldn't be used. Use .withValues() to avoid precision loss -
          lib\screens\repository\low_stock\low_stock_screen.dart:330:35 - deprecated_member_use
   info - Missing a required trailing comma - lib\screens\repository\low_stock\low_stock_screen.dart:332:41 - require_trailing_commas
   info - 'withOpacity' is deprecated and shouldn't be used. Use .withValues() to avoid precision loss -
          lib\screens\repository\low_stock\low_stock_screen.dart:340:55 - deprecated_member_use
   info - Missing a required trailing comma - lib\screens\repository\low_stock\low_stock_screen.dart:347:64 - require_trailing_commas
   info - Missing a required trailing comma - lib\screens\repository\low_stock\low_stock_screen.dart:366:44 - require_trailing_commas
   info - Use 'package:' imports for files in the 'lib' directory - lib\screens\repository\menu\repository_menu_screen.dart:7:8 -
          always_use_package_imports
   info - Use 'package:' imports for files in the 'lib' directory - lib\screens\repository\menu\repository_menu_screen.dart:8:8 -
          always_use_package_imports
   info - Use 'package:' imports for files in the 'lib' directory - lib\screens\repository\menu\repository_menu_screen.dart:10:8 -
          always_use_package_imports
   info - Missing a required trailing comma - lib\screens\repository\menu\repository_menu_screen.dart:76:61 - require_trailing_commas
   info - Missing a required trailing comma - lib\screens\repository\menu\repository_menu_screen.dart:82:62 - require_trailing_commas
   info - Missing a required trailing comma - lib\screens\repository\menu\repository_menu_screen.dart:94:62 - require_trailing_commas
   info - 'withOpacity' is deprecated and shouldn't be used. Use .withValues() to avoid precision loss -
          lib\screens\repository\menu\repository_menu_screen.dart:147:40 - deprecated_member_use
   info - Use 'package:' imports for files in the 'lib' directory -
          lib\screens\repository\purchases_consumptions\new_purchase_screen.dart:6:8 - always_use_package_imports
   info - Use 'package:' imports for files in the 'lib' directory -
          lib\screens\repository\purchases_consumptions\new_purchase_screen.dart:7:8 - always_use_package_imports
   info - Use 'package:' imports for files in the 'lib' directory -
          lib\screens\repository\purchases_consumptions\new_purchase_screen.dart:8:8 - always_use_package_imports
   info - 'value' is deprecated and shouldn't be used. Use initialValue instead. This will set the initial value for the form field.
          This feature was deprecated after v3.33.0-1.0.pre -
          lib\screens\repository\purchases_consumptions\new_purchase_screen.dart:171:19 - deprecated_member_use
   info - Missing a required trailing comma - lib\screens\repository\purchases_consumptions\new_purchase_screen.dart:175:74 -
          require_trailing_commas
   info - 'value' is deprecated and shouldn't be used. Use initialValue instead. This will set the initial value for the form field.
          This feature was deprecated after v3.33.0-1.0.pre -
          lib\screens\repository\purchases_consumptions\new_purchase_screen.dart:187:19 - deprecated_member_use
   info - Missing a required trailing comma - lib\screens\repository\purchases_consumptions\new_purchase_screen.dart:191:76 -
          require_trailing_commas
   info - 'withOpacity' is deprecated and shouldn't be used. Use .withValues() to avoid precision loss -
          lib\screens\repository\purchases_consumptions\new_purchase_screen.dart:203:51 - deprecated_member_use
   info - Missing a required trailing comma - lib\screens\repository\purchases_consumptions\new_purchase_screen.dart:207:56 -
          require_trailing_commas
   info - Missing a required trailing comma - lib\screens\repository\purchases_consumptions\new_purchase_screen.dart:211:61 -
          require_trailing_commas
   info - Missing a required trailing comma - lib\screens\repository\purchases_consumptions\new_purchase_screen.dart:215:64 -
          require_trailing_commas
   info - Missing a required trailing comma - lib\screens\repository\purchases_consumptions\new_purchase_screen.dart:215:65 -
          require_trailing_commas
   info - 'withOpacity' is deprecated and shouldn't be used. Use .withValues() to avoid precision loss -
          lib\screens\repository\purchases_consumptions\new_purchase_screen.dart:222:47 - deprecated_member_use
   info - Missing a required trailing comma - lib\screens\repository\purchases_consumptions\new_purchase_screen.dart:226:56 -
          require_trailing_commas
   info - Missing a required trailing comma - lib\screens\repository\purchases_consumptions\new_purchase_screen.dart:230:62 -
          require_trailing_commas
   info - Missing a required trailing comma - lib\screens\repository\purchases_consumptions\new_purchase_screen.dart:234:64 -
          require_trailing_commas
   info - Missing a required trailing comma - lib\screens\repository\purchases_consumptions\new_purchase_screen.dart:234:65 -
          require_trailing_commas
   info - 'withOpacity' is deprecated and shouldn't be used. Use .withValues() to avoid precision loss -
          lib\screens\repository\purchases_consumptions\new_purchase_screen.dart:281:57 - deprecated_member_use
   info - 'withOpacity' is deprecated and shouldn't be used. Use .withValues() to avoid precision loss -
          lib\screens\repository\purchases_consumptions\new_purchase_screen.dart:285:51 - deprecated_member_use
   info - 'withOpacity' is deprecated and shouldn't be used. Use .withValues() to avoid precision loss -
          lib\screens\repository\purchases_consumptions\new_purchase_screen.dart:388:33 - deprecated_member_use
   info - Missing a required trailing comma - lib\screens\repository\purchases_consumptions\new_purchase_screen.dart:396:60 -
          require_trailing_commas
   info - Use 'package:' imports for files in the 'lib' directory -
          lib\screens\repository\purchases_consumptions\pc_menu_screen.dart:7:8 - always_use_package_imports
   info - Use 'package:' imports for files in the 'lib' directory -
          lib\screens\repository\purchases_consumptions\pc_menu_screen.dart:8:8 - always_use_package_imports
   info - 'withOpacity' is deprecated and shouldn't be used. Use .withValues() to avoid precision loss -
          lib\screens\repository\purchases_consumptions\pc_menu_screen.dart:51:46 - deprecated_member_use
   info - Missing a required trailing comma - lib\screens\repository\purchases_consumptions\pc_menu_screen.dart:56:57 -
          require_trailing_commas
   info - 'withOpacity' is deprecated and shouldn't be used. Use .withValues() to avoid precision loss -
          lib\screens\repository\purchases_consumptions\pc_menu_screen.dart:63:51 - deprecated_member_use
   info - 'withOpacity' is deprecated and shouldn't be used. Use .withValues() to avoid precision loss -
          lib\screens\repository\purchases_consumptions\pc_menu_screen.dart:132:38 - deprecated_member_use
   info - Missing a required trailing comma - lib\screens\repository\purchases_consumptions\pc_menu_screen.dart:148:68 -
          require_trailing_commas
   info - Missing a required trailing comma - lib\screens\repository\purchases_consumptions\pc_menu_screen.dart:148:69 -
          require_trailing_commas
   info - 'withOpacity' is deprecated and shouldn't be used. Use .withValues() to avoid precision loss -
          lib\screens\repository\purchases_consumptions\pc_menu_screen.dart:155:47 - deprecated_member_use
   info - 'withOpacity' is deprecated and shouldn't be used. Use .withValues() to avoid precision loss -
          lib\screens\repository\purchases_consumptions\pc_menu_screen.dart:165:41 - deprecated_member_use
   info - Missing a required trailing comma - lib\screens\repository\purchases_consumptions\pc_menu_screen.dart:165:56 -
          require_trailing_commas
   info - Use 'package:' imports for files in the 'lib' directory -
          lib\screens\repository\purchases_consumptions\view_pc_screen.dart:7:8 - always_use_package_imports
   info - Use 'package:' imports for files in the 'lib' directory -
          lib\screens\repository\purchases_consumptions\view_pc_screen.dart:8:8 - always_use_package_imports
   info - Use 'package:' imports for files in the 'lib' directory -
          lib\screens\repository\purchases_consumptions\view_pc_screen.dart:9:8 - always_use_package_imports
   info - Use 'package:' imports for files in the 'lib' directory -
          lib\screens\repository\purchases_consumptions\view_pc_screen.dart:10:8 - always_use_package_imports
   info - Use 'package:' imports for files in the 'lib' directory -
          lib\screens\repository\purchases_consumptions\view_pc_screen.dart:11:8 - always_use_package_imports
   info - Use 'package:' imports for files in the 'lib' directory -
          lib\screens\repository\purchases_consumptions\view_pc_screen.dart:12:8 - always_use_package_imports
   info - Missing a required trailing comma - lib\screens\repository\purchases_consumptions\view_pc_screen.dart:33:60 -
          require_trailing_commas
   info - Missing a required trailing comma - lib\screens\repository\purchases_consumptions\view_pc_screen.dart:61:64 -
          require_trailing_commas
   info - Missing a required trailing comma - lib\screens\repository\purchases_consumptions\view_pc_screen.dart:84:76 -
          require_trailing_commas
   info - Missing a required trailing comma - lib\screens\repository\purchases_consumptions\view_pc_screen.dart:89:13 -
          require_trailing_commas
   info - Missing a required trailing comma - lib\screens\repository\purchases_consumptions\view_pc_screen.dart:108:21 -
          require_trailing_commas
   info - Missing a required trailing comma - lib\screens\repository\purchases_consumptions\view_pc_screen.dart:140:68 -
          require_trailing_commas
   info - Missing a required trailing comma - lib\screens\repository\purchases_consumptions\view_pc_screen.dart:146:68 -
          require_trailing_commas
   info - Missing a required trailing comma - lib\screens\repository\purchases_consumptions\view_pc_screen.dart:180:26 -
          require_trailing_commas
   info - Missing a required trailing comma - lib\screens\repository\purchases_consumptions\view_pc_screen.dart:188:14 -
          require_trailing_commas
   info - Missing a required trailing comma - lib\screens\repository\purchases_consumptions\view_pc_screen.dart:208:43 -
          require_trailing_commas
   info - Missing a required trailing comma - lib\screens\repository\purchases_consumptions\view_pc_screen.dart:257:66 -
          require_trailing_commas
   info - Missing a required trailing comma - lib\screens\repository\purchases_consumptions\view_pc_screen.dart:285:66 -
          require_trailing_commas
   info - Missing a required trailing comma - lib\screens\repository\purchases_consumptions\view_pc_screen.dart:296:64 -
          require_trailing_commas
   info - Missing a required trailing comma - lib\screens\repository\purchases_consumptions\view_pc_screen.dart:300:45 -
          require_trailing_commas
   info - Missing a required trailing comma - lib\screens\repository\purchases_consumptions\view_pc_screen.dart:302:78 -
          require_trailing_commas
   info - Use 'package:' imports for files in the 'lib' directory -
          lib\screens\repository\statistics\repository_statistics_screen.dart:7:8 - always_use_package_imports
   info - Use 'package:' imports for files in the 'lib' directory -
          lib\screens\repository\statistics\repository_statistics_screen.dart:8:8 - always_use_package_imports
   info - Use 'package:' imports for files in the 'lib' directory -
          lib\screens\repository\statistics\repository_statistics_screen.dart:9:8 - always_use_package_imports
   info - Use 'package:' imports for files in the 'lib' directory -
          lib\screens\repository\statistics\repository_statistics_screen.dart:11:8 - always_use_package_imports
   info - Use 'package:' imports for files in the 'lib' directory -
          lib\screens\repository\statistics\repository_statistics_screen.dart:12:8 - always_use_package_imports
   info - Use 'package:' imports for files in the 'lib' directory -
          lib\screens\repository\statistics\repository_statistics_screen.dart:13:8 - always_use_package_imports
   info - Use 'package:' imports for files in the 'lib' directory -
          lib\screens\repository\statistics\repository_statistics_screen.dart:14:8 - always_use_package_imports
   info - Use 'package:' imports for files in the 'lib' directory -
          lib\screens\repository\statistics\repository_statistics_screen.dart:15:8 - always_use_package_imports
   info - 'withOpacity' is deprecated and shouldn't be used. Use .withValues() to avoid precision loss -
          lib\screens\repository\statistics\repository_statistics_screen.dart:183:60 - deprecated_member_use
   info - Missing a required trailing comma - lib\screens\repository\statistics\repository_statistics_screen.dart:188:71 -
          require_trailing_commas
   info - Missing a required trailing comma - lib\screens\repository\statistics\repository_statistics_screen.dart:196:53 -
          require_trailing_commas
   info - 'withOpacity' is deprecated and shouldn't be used. Use .withValues() to avoid precision loss -
          lib\screens\repository\statistics\repository_statistics_screen.dart:204:62 - deprecated_member_use
   info - Missing a required trailing comma - lib\screens\repository\statistics\repository_statistics_screen.dart:204:78 -
          require_trailing_commas
   info - Missing a required trailing comma - lib\screens\repository\statistics\repository_statistics_screen.dart:221:64 -
          require_trailing_commas
   info - Missing a required trailing comma - lib\screens\repository\statistics\repository_statistics_screen.dart:252:67 -
          require_trailing_commas
   info - 'withOpacity' is deprecated and shouldn't be used. Use .withValues() to avoid precision loss -
          lib\screens\repository\statistics\repository_statistics_screen.dart:257:60 - deprecated_member_use
   info - Missing a required trailing comma - lib\screens\repository\statistics\repository_statistics_screen.dart:257:75 -
          require_trailing_commas
   info - Missing a required trailing comma - lib\screens\repository\statistics\repository_statistics_screen.dart:265:70 -
          require_trailing_commas
   info - Missing a required trailing comma - lib\screens\repository\statistics\repository_statistics_screen.dart:270:70 -
          require_trailing_commas
   info - Missing a required trailing comma - lib\screens\repository\statistics\repository_statistics_screen.dart:299:76 -
          require_trailing_commas
   info - Missing a required trailing comma - lib\screens\repository\statistics\repository_statistics_screen.dart:306:76 -
          require_trailing_commas
   info - Missing a required trailing comma - lib\screens\repository\statistics\repository_statistics_screen.dart:313:82 -
          require_trailing_commas
   info - Missing a required trailing comma - lib\screens\repository\statistics\repository_statistics_screen.dart:318:76 -
          require_trailing_commas
   info - Missing a required trailing comma - lib\screens\repository\statistics\repository_statistics_screen.dart:328:74 -
          require_trailing_commas
   info - Missing a required trailing comma - lib\screens\repository\statistics\repository_statistics_screen.dart:333:82 -
          require_trailing_commas
   info - Missing a required trailing comma - lib\screens\repository\statistics\repository_statistics_screen.dart:343:80 -
          require_trailing_commas
   info - 'withOpacity' is deprecated and shouldn't be used. Use .withValues() to avoid precision loss -
          lib\screens\repository\statistics\repository_statistics_screen.dart:350:70 - deprecated_member_use
   info - Missing a required trailing comma - lib\screens\repository\statistics\repository_statistics_screen.dart:351:76 -
          require_trailing_commas
   info - Missing a required trailing comma - lib\screens\repository\statistics\repository_statistics_screen.dart:361:52 -
          require_trailing_commas
   info - 'withOpacity' is deprecated and shouldn't be used. Use .withValues() to avoid precision loss -
          lib\screens\repository\statistics\repository_statistics_screen.dart:402:38 - deprecated_member_use
   info - 'withOpacity' is deprecated and shouldn't be used. Use .withValues() to avoid precision loss -
          lib\screens\repository\statistics\repository_statistics_screen.dart:417:49 - deprecated_member_use
   info - Missing a required trailing comma - lib\screens\repository\statistics\repository_statistics_screen.dart:420:24 -
          require_trailing_commas
   info - Use 'package:' imports for files in the 'lib' directory - lib\screens\returns\edit_return_screen.dart:7:8 -
          always_use_package_imports
   info - Use 'package:' imports for files in the 'lib' directory - lib\screens\returns\edit_return_screen.dart:8:8 -
          always_use_package_imports
   info - Use 'package:' imports for files in the 'lib' directory - lib\screens\returns\edit_return_screen.dart:9:8 -
          always_use_package_imports
   info - Use 'package:' imports for files in the 'lib' directory - lib\screens\returns\edit_return_screen.dart:11:8 -
          always_use_package_imports
   info - Use 'package:' imports for files in the 'lib' directory - lib\screens\returns\edit_return_screen.dart:12:8 -
          always_use_package_imports
   info - Use 'package:' imports for files in the 'lib' directory - lib\screens\returns\edit_return_screen.dart:13:8 -
          always_use_package_imports
   info - Missing a required trailing comma - lib\screens\returns\edit_return_screen.dart:252:61 - require_trailing_commas
   info - Use 'package:' imports for files in the 'lib' directory - lib\screens\returns\list_returns_screen.dart:16:8 -
          always_use_package_imports
   info - Use 'package:' imports for files in the 'lib' directory - lib\screens\returns\list_returns_screen.dart:17:8 -
          always_use_package_imports
   info - Use 'package:' imports for files in the 'lib' directory - lib\screens\returns\list_returns_screen.dart:18:8 -
          always_use_package_imports
   info - Use 'package:' imports for files in the 'lib' directory - lib\screens\returns\list_returns_screen.dart:20:8 -
          always_use_package_imports
   info - Use 'package:' imports for files in the 'lib' directory - lib\screens\returns\list_returns_screen.dart:21:8 -
          always_use_package_imports
   info - Use 'package:' imports for files in the 'lib' directory - lib\screens\returns\list_returns_screen.dart:22:8 -
          always_use_package_imports
   info - Use 'package:' imports for files in the 'lib' directory - lib\screens\returns\list_returns_screen.dart:23:8 -
          always_use_package_imports
   info - Use 'package:' imports for files in the 'lib' directory - lib\screens\returns\list_returns_screen.dart:24:8 -
          always_use_package_imports
   info - Use 'package:' imports for files in the 'lib' directory - lib\screens\returns\list_returns_screen.dart:25:8 -
          always_use_package_imports
   info - Use 'package:' imports for files in the 'lib' directory - lib\screens\returns\list_returns_screen.dart:26:8 -
          always_use_package_imports
   info - Use 'package:' imports for files in the 'lib' directory - lib\screens\returns\list_returns_screen.dart:27:8 -
          always_use_package_imports
   info - Don't use 'BuildContext's across async gaps - lib\screens\returns\list_returns_screen.dart:91:40 -
          use_build_context_synchronously
   info - Don't use 'BuildContext's across async gaps - lib\screens\returns\list_returns_screen.dart:177:40 -
          use_build_context_synchronously
   info - 'Share' is deprecated and shouldn't be used. Use SharePlus instead - lib\screens\returns\list_returns_screen.dart:197:13 -
          deprecated_member_use
   info - 'shareXFiles' is deprecated and shouldn't be used. Use SharePlus.instance.share() instead -
          lib\screens\returns\list_returns_screen.dart:197:19 - deprecated_member_use
   info - Don't use 'BuildContext's across async gaps - lib\screens\returns\list_returns_screen.dart:199:28 -
          use_build_context_synchronously
   info - Don't use 'BuildContext's across async gaps - lib\screens\returns\list_returns_screen.dart:216:28 -
          use_build_context_synchronously
   info - Missing a required trailing comma - lib\screens\returns\list_returns_screen.dart:287:69 - require_trailing_commas
   info - Missing a required trailing comma - lib\screens\returns\list_returns_screen.dart:384:68 - require_trailing_commas
   info - Missing a required trailing comma - lib\screens\returns\list_returns_screen.dart:393:63 - require_trailing_commas
   info - Missing a required trailing comma - lib\screens\returns\list_returns_screen.dart:400:75 - require_trailing_commas
   info - Missing a required trailing comma - lib\screens\returns\list_returns_screen.dart:409:78 - require_trailing_commas
   info - Missing a required trailing comma - lib\screens\returns\list_returns_screen.dart:419:74 - require_trailing_commas
   info - 'withOpacity' is deprecated and shouldn't be used. Use .withValues() to avoid precision loss -
          lib\screens\returns\list_returns_screen.dart:427:50 - deprecated_member_use
   info - Missing a required trailing comma - lib\screens\returns\list_returns_screen.dart:443:78 - require_trailing_commas
   info - Missing a required trailing comma - lib\screens\returns\list_returns_screen.dart:450:71 - require_trailing_commas
   info - Missing a required trailing comma - lib\screens\returns\list_returns_screen.dart:470:53 - require_trailing_commas
   info - Use 'package:' imports for files in the 'lib' directory - lib\screens\returns\new_return_screen.dart:5:8 -
          always_use_package_imports
   info - Use 'package:' imports for files in the 'lib' directory - lib\screens\returns\new_return_screen.dart:6:8 -
          always_use_package_imports
   info - Use 'package:' imports for files in the 'lib' directory - lib\screens\returns\new_return_screen.dart:7:8 -
          always_use_package_imports
   info - Use 'package:' imports for files in the 'lib' directory - lib\screens\returns\new_return_screen.dart:8:8 -
          always_use_package_imports
   info - Use 'package:' imports for files in the 'lib' directory - lib\screens\returns\new_return_screen.dart:9:8 -
          always_use_package_imports
   info - Use 'package:' imports for files in the 'lib' directory - lib\screens\returns\new_return_screen.dart:10:8 -
          always_use_package_imports
   info - Use 'package:' imports for files in the 'lib' directory - lib\screens\returns\new_return_screen.dart:11:8 -
          always_use_package_imports
   info - Missing a required trailing comma - lib\screens\returns\new_return_screen.dart:103:43 - require_trailing_commas
   info - Missing a required trailing comma - lib\screens\returns\new_return_screen.dart:125:100 - require_trailing_commas
   info - Missing a required trailing comma - lib\screens\returns\new_return_screen.dart:129:41 - require_trailing_commas
warning - The left operand can't be null, so the right operand is never executed - lib\screens\returns\new_return_screen.dart:170:50
       - dead_null_aware_expression
warning - The left operand can't be null, so the right operand is never executed - lib\screens\returns\new_return_screen.dart:171:52
       - dead_null_aware_expression
warning - The left operand can't be null, so the right operand is never executed - lib\screens\returns\new_return_screen.dart:172:40
       - dead_null_aware_expression
   info - Missing a required trailing comma - lib\screens\returns\new_return_screen.dart:300:61 - require_trailing_commas
warning - The left operand can't be null, so the right operand is never executed - lib\screens\returns\new_return_screen.dart:392:41
       - dead_null_aware_expression
   info - Missing a required trailing comma - lib\screens\returns\new_return_screen.dart:451:65 - require_trailing_commas
   info - Missing a required trailing comma - lib\screens\returns\new_return_screen.dart:455:54 - require_trailing_commas
   info - 'withOpacity' is deprecated and shouldn't be used. Use .withValues() to avoid precision loss -
          lib\screens\returns\new_return_screen.dart:458:62 - deprecated_member_use
   info - Missing a required trailing comma - lib\screens\returns\new_return_screen.dart:463:73 - require_trailing_commas
   info - Missing a required trailing comma - lib\screens\returns\new_return_screen.dart:470:70 - require_trailing_commas
warning - The left operand can't be null, so the right operand is never executed - lib\screens\returns\new_return_screen.dart:473:66
       - dead_null_aware_expression
   info - 'withOpacity' is deprecated and shouldn't be used. Use .withValues() to avoid precision loss -
          lib\screens\returns\new_return_screen.dart:478:48 - deprecated_member_use
   info - Missing a required trailing comma - lib\screens\returns\new_return_screen.dart:478:64 - require_trailing_commas
   info - Use 'package:' imports for files in the 'lib' directory - lib\screens\returns\view_returns_screen.dart:8:8 -
          always_use_package_imports
   info - Use 'package:' imports for files in the 'lib' directory - lib\screens\returns\view_returns_screen.dart:9:8 -
          always_use_package_imports
   info - Use 'package:' imports for files in the 'lib' directory - lib\screens\returns\view_returns_screen.dart:11:8 -
          always_use_package_imports
   info - Use 'package:' imports for files in the 'lib' directory - lib\screens\returns\view_returns_screen.dart:12:8 -
          always_use_package_imports
   info - Use 'package:' imports for files in the 'lib' directory - lib\screens\settings\theme_settings_screen.dart:8:8 -
          always_use_package_imports
   info - Use 'package:' imports for files in the 'lib' directory - lib\screens\settings\theme_settings_screen.dart:9:8 -
          always_use_package_imports
   info - Use 'package:' imports for files in the 'lib' directory - lib\screens\settings\theme_settings_screen.dart:10:8 -
          always_use_package_imports
   info - Use 'package:' imports for files in the 'lib' directory - lib\screens\settings\theme_settings_screen.dart:12:8 -
          always_use_package_imports
   info - 'value' is deprecated and shouldn't be used. Use component accessors like .r or .g, or toARGB32 for an explicit conversion
          - lib\screens\settings\theme_settings_screen.dart:18:13 - deprecated_member_use
   info - 'withOpacity' is deprecated and shouldn't be used. Use .withValues() to avoid precision loss -
          lib\screens\settings\theme_settings_screen.dart:59:44 - deprecated_member_use
   info - 'withOpacity' is deprecated and shouldn't be used. Use .withValues() to avoid precision loss -
          lib\screens\settings\theme_settings_screen.dart:77:62 - deprecated_member_use
   info - 'withOpacity' is deprecated and shouldn't be used. Use .withValues() to avoid precision loss -
          lib\screens\settings\theme_settings_screen.dart:156:38 - deprecated_member_use
   info - 'withOpacity' is deprecated and shouldn't be used. Use .withValues() to avoid precision loss -
          lib\screens\settings\theme_settings_screen.dart:171:49 - deprecated_member_use
   info - Missing a required trailing comma - lib\screens\settings\theme_settings_screen.dart:174:24 - require_trailing_commas
   info - Use 'package:' imports for files in the 'lib' directory - lib\screens\settings\tower_commission_settings_screen.dart:8:8 -
          always_use_package_imports
   info - Use 'package:' imports for files in the 'lib' directory - lib\screens\settings\tower_commission_settings_screen.dart:9:8 -
          always_use_package_imports
   info - Missing a required trailing comma - lib\screens\settings\tower_commission_settings_screen.dart:124:16 -
          require_trailing_commas
   info - 'withOpacity' is deprecated and shouldn't be used. Use .withValues() to avoid precision loss -
          lib\screens\settings\tower_commission_settings_screen.dart:220:41 - deprecated_member_use
   info - 'withOpacity' is deprecated and shouldn't be used. Use .withValues() to avoid precision loss -
          lib\screens\settings\tower_commission_settings_screen.dart:282:63 - deprecated_member_use
   info - Missing a required trailing comma - lib\screens\settings\tower_commission_settings_screen.dart:291:76 -
          require_trailing_commas
   info - Use 'package:' imports for files in the 'lib' directory - lib\screens\statistics\statistics_overview_screen.dart:13:8 -
          always_use_package_imports
   info - Use 'package:' imports for files in the 'lib' directory - lib\screens\statistics\statistics_overview_screen.dart:14:8 -
          always_use_package_imports
   info - Use 'package:' imports for files in the 'lib' directory - lib\screens\statistics\statistics_overview_screen.dart:16:8 -
          always_use_package_imports
   info - Use 'package:' imports for files in the 'lib' directory - lib\screens\statistics\statistics_overview_screen.dart:17:8 -
          always_use_package_imports
   info - Use 'package:' imports for files in the 'lib' directory - lib\screens\statistics\statistics_overview_screen.dart:18:8 -
          always_use_package_imports
   info - Use 'package:' imports for files in the 'lib' directory - lib\screens\statistics\statistics_overview_screen.dart:21:8 -
          always_use_package_imports
   info - Use 'package:' imports for files in the 'lib' directory - lib\screens\statistics\statistics_overview_screen.dart:22:8 -
          always_use_package_imports
   info - Use 'package:' imports for files in the 'lib' directory - lib\screens\statistics\statistics_overview_screen.dart:23:8 -
          always_use_package_imports
   info - Use 'package:' imports for files in the 'lib' directory - lib\screens\statistics\statistics_overview_screen.dart:24:8 -
          always_use_package_imports
   info - Use 'package:' imports for files in the 'lib' directory - lib\screens\statistics\statistics_overview_screen.dart:25:8 -
          always_use_package_imports
   info - Use 'package:' imports for files in the 'lib' directory - lib\screens\statistics\statistics_overview_screen.dart:26:8 -
          always_use_package_imports
   info - Use 'package:' imports for files in the 'lib' directory - lib\screens\statistics\statistics_overview_screen.dart:27:8 -
          always_use_package_imports
   info - Use 'package:' imports for files in the 'lib' directory - lib\screens\statistics\statistics_overview_screen.dart:28:8 -
          always_use_package_imports
   info - Use 'package:' imports for files in the 'lib' directory - lib\screens\statistics\statistics_overview_screen.dart:29:8 -
          always_use_package_imports
   info - Use 'package:' imports for files in the 'lib' directory - lib\screens\statistics\statistics_overview_screen.dart:30:8 -
          always_use_package_imports
   info - Use 'package:' imports for files in the 'lib' directory - lib\screens\statistics\statistics_overview_screen.dart:31:8 -
          always_use_package_imports
   info - Use 'package:' imports for files in the 'lib' directory - lib\screens\statistics\statistics_overview_screen.dart:32:8 -
          always_use_package_imports
   info - Use 'package:' imports for files in the 'lib' directory - lib\screens\statistics\statistics_overview_screen.dart:33:8 -
          always_use_package_imports
   info - Use 'package:' imports for files in the 'lib' directory - lib\screens\statistics\statistics_overview_screen.dart:36:8 -
          always_use_package_imports
   info - Use 'package:' imports for files in the 'lib' directory - lib\screens\statistics\statistics_overview_screen.dart:39:8 -
          always_use_package_imports
   info - Use 'package:' imports for files in the 'lib' directory - lib\screens\statistics\statistics_overview_screen.dart:40:8 -
          always_use_package_imports
   info - Use 'package:' imports for files in the 'lib' directory - lib\screens\statistics\statistics_overview_screen.dart:43:8 -
          always_use_package_imports
   info - Use 'package:' imports for files in the 'lib' directory - lib\screens\statistics\statistics_overview_screen.dart:44:8 -
          always_use_package_imports
   info - Use 'package:' imports for files in the 'lib' directory - lib\screens\statistics\statistics_overview_screen.dart:47:8 -
          always_use_package_imports
   info - Use 'package:' imports for files in the 'lib' directory - lib\screens\statistics\statistics_overview_screen.dart:50:8 -
          always_use_package_imports
   info - Use 'package:' imports for files in the 'lib' directory - lib\screens\statistics\statistics_overview_screen.dart:51:8 -
          always_use_package_imports
   info - The local variable '_parse' starts with an underscore - lib\screens\statistics\statistics_overview_screen.dart:152:17 -
          no_leading_underscores_for_local_identifiers
   info - Missing a required trailing comma - lib\screens\statistics\statistics_overview_screen.dart:198:32 - require_trailing_commas
   info - Missing a required trailing comma - lib\screens\statistics\statistics_overview_screen.dart:269:68 - require_trailing_commas
   info - Missing a required trailing comma - lib\screens\statistics\statistics_overview_screen.dart:277:66 - require_trailing_commas
   info - Missing a required trailing comma - lib\screens\statistics\statistics_overview_screen.dart:294:68 - require_trailing_commas
   info - Missing a required trailing comma - lib\screens\statistics\statistics_overview_screen.dart:301:68 - require_trailing_commas
   info - Missing a required trailing comma - lib\screens\statistics\statistics_overview_screen.dart:341:66 - require_trailing_commas
   info - Missing a required trailing comma - lib\screens\statistics\statistics_overview_screen.dart:358:66 - require_trailing_commas
   info - Missing a required trailing comma - lib\screens\statistics\statistics_overview_screen.dart:365:75 - require_trailing_commas
   info - Missing a required trailing comma - lib\screens\statistics\statistics_overview_screen.dart:376:66 - require_trailing_commas
   info - Missing a required trailing comma - lib\screens\statistics\statistics_overview_screen.dart:383:71 - require_trailing_commas
   info - Missing a required trailing comma - lib\screens\statistics\statistics_overview_screen.dart:388:12 - require_trailing_commas
   info - 'withOpacity' is deprecated and shouldn't be used. Use .withValues() to avoid precision loss -
          lib\screens\statistics\statistics_overview_screen.dart:405:28 - deprecated_member_use
   info - 'withOpacity' is deprecated and shouldn't be used. Use .withValues() to avoid precision loss -
          lib\screens\statistics\statistics_overview_screen.dart:406:28 - deprecated_member_use
   info - 'withOpacity' is deprecated and shouldn't be used. Use .withValues() to avoid precision loss -
          lib\screens\statistics\statistics_overview_screen.dart:411:60 - deprecated_member_use
   info - Missing a required trailing comma - lib\screens\statistics\statistics_overview_screen.dart:529:67 - require_trailing_commas
   info - Missing a required trailing comma - lib\screens\statistics\statistics_overview_screen.dart:557:74 - require_trailing_commas
   info - Missing a required trailing comma - lib\screens\statistics\statistics_overview_screen.dart:573:73 - require_trailing_commas
   info - Missing a required trailing comma - lib\screens\statistics\statistics_overview_screen.dart:590:68 - require_trailing_commas
   info - Missing a required trailing comma - lib\screens\statistics\statistics_overview_screen.dart:606:71 - require_trailing_commas
   info - Missing a required trailing comma - lib\screens\statistics\statistics_overview_screen.dart:622:75 - require_trailing_commas
   info - Missing a required trailing comma - lib\screens\statistics\statistics_overview_screen.dart:650:69 - require_trailing_commas
   info - Missing a required trailing comma - lib\screens\statistics\statistics_overview_screen.dart:666:74 - require_trailing_commas
   info - 'withOpacity' is deprecated and shouldn't be used. Use .withValues() to avoid precision loss -
          lib\screens\statistics\statistics_overview_screen.dart:674:53 - deprecated_member_use
   info - Missing a required trailing comma - lib\screens\statistics\statistics_overview_screen.dart:684:68 - require_trailing_commas
   info - Missing a required trailing comma - lib\screens\statistics\statistics_overview_screen.dart:696:74 - require_trailing_commas
   info - Missing a required trailing comma - lib\screens\statistics\statistics_overview_screen.dart:708:72 - require_trailing_commas
   info - Missing a required trailing comma - lib\screens\statistics\statistics_overview_screen.dart:723:44 - require_trailing_commas
   info - Missing a required trailing comma - lib\screens\statistics\statistics_overview_screen.dart:807:71 - require_trailing_commas
   info - Missing a required trailing comma - lib\screens\statistics\statistics_overview_screen.dart:819:59 - require_trailing_commas
   info - Missing a required trailing comma - lib\screens\statistics\statistics_overview_screen.dart:825:60 - require_trailing_commas
   info - Missing a required trailing comma - lib\screens\statistics\statistics_overview_screen.dart:866:71 - require_trailing_commas
   info - Missing a required trailing comma - lib\screens\statistics\statistics_overview_screen.dart:897:73 - require_trailing_commas
   info - Missing a required trailing comma - lib\screens\statistics\statistics_overview_screen.dart:931:53 - require_trailing_commas
   info - Missing a required trailing comma - lib\screens\statistics\statistics_overview_screen.dart:955:53 - require_trailing_commas
   info - Missing a required trailing comma - lib\screens\statistics\statistics_overview_screen.dart:1051:71 -
          require_trailing_commas
   info - Missing a required trailing comma - lib\screens\statistics\statistics_overview_screen.dart:1075:75 -
          require_trailing_commas
   info - Missing a required trailing comma - lib\screens\statistics\statistics_overview_screen.dart:1089:73 -
          require_trailing_commas
   info - Missing a required trailing comma - lib\screens\statistics\statistics_overview_screen.dart:1145:53 -
          require_trailing_commas
   info - 'withOpacity' is deprecated and shouldn't be used. Use .withValues() to avoid precision loss -
          lib\screens\statistics\statistics_overview_screen.dart:1163:53 - deprecated_member_use
   info - 'withOpacity' is deprecated and shouldn't be used. Use .withValues() to avoid precision loss -
          lib\screens\statistics\statistics_overview_screen.dart:1173:53 - deprecated_member_use
   info - Missing a required trailing comma - lib\screens\statistics\statistics_overview_screen.dart:1185:69 -
          require_trailing_commas
   info - Missing a required trailing comma - lib\screens\statistics\statistics_overview_screen.dart:1191:77 -
          require_trailing_commas
   info - Missing a required trailing comma - lib\screens\statistics\statistics_overview_screen.dart:1202:75 -
          require_trailing_commas
   info - Missing a required trailing comma - lib\screens\statistics\statistics_overview_screen.dart:1214:71 -
          require_trailing_commas
   info - Missing a required trailing comma - lib\screens\statistics\statistics_overview_screen.dart:1221:70 -
          require_trailing_commas
   info - Missing a required trailing comma - lib\screens\statistics\statistics_overview_screen.dart:1227:79 -
          require_trailing_commas
   info - 'withOpacity' is deprecated and shouldn't be used. Use .withValues() to avoid precision loss -
          lib\screens\statistics\statistics_overview_screen.dart:1246:50 - deprecated_member_use
   info - Missing a required trailing comma - lib\screens\statistics\statistics_overview_screen.dart:1251:51 -
          require_trailing_commas
   info - 'withOpacity' is deprecated and shouldn't be used. Use .withValues() to avoid precision loss -
          lib\screens\statistics\statistics_overview_screen.dart:1259:55 - deprecated_member_use
   info - 'withOpacity' is deprecated and shouldn't be used. Use .withValues() to avoid precision loss -
          lib\screens\statistics\statistics_overview_screen.dart:1349:40 - deprecated_member_use
   info - 'withOpacity' is deprecated and shouldn't be used. Use .withValues() to avoid precision loss -
          lib\screens\statistics\statistics_overview_screen.dart:1362:41 - deprecated_member_use
   info - 'withOpacity' is deprecated and shouldn't be used. Use .withValues() to avoid precision loss -
          lib\screens\statistics\statistics_overview_screen.dart:1403:34 - deprecated_member_use
   info - Use 'package:' imports for files in the 'lib' directory - lib\screens\statistics\statistics_screen.dart:16:8 -
          always_use_package_imports
   info - Use 'package:' imports for files in the 'lib' directory - lib\screens\statistics\statistics_screen.dart:17:8 -
          always_use_package_imports
   info - Use 'package:' imports for files in the 'lib' directory - lib\screens\statistics\statistics_screen.dart:18:8 -
          always_use_package_imports
   info - Use 'package:' imports for files in the 'lib' directory - lib\screens\statistics\statistics_screen.dart:20:8 -
          always_use_package_imports
   info - Use 'package:' imports for files in the 'lib' directory - lib\screens\statistics\statistics_screen.dart:21:8 -
          always_use_package_imports
   info - Use 'package:' imports for files in the 'lib' directory - lib\screens\statistics\statistics_screen.dart:22:8 -
          always_use_package_imports
   info - Missing a required trailing comma - lib\screens\statistics\statistics_screen.dart:83:71 - require_trailing_commas
   info - Missing a required trailing comma - lib\screens\statistics\statistics_screen.dart:83:72 - require_trailing_commas
   info - Missing a required trailing comma - lib\screens\statistics\statistics_screen.dart:88:67 - require_trailing_commas
   info - Missing a required trailing comma - lib\screens\statistics\statistics_screen.dart:88:68 - require_trailing_commas
   info - Missing a required trailing comma - lib\screens\statistics\statistics_screen.dart:117:74 - require_trailing_commas
   info - Missing a required trailing comma - lib\screens\statistics\statistics_screen.dart:128:51 - require_trailing_commas
   info - Missing a required trailing comma - lib\screens\statistics\statistics_screen.dart:216:77 - require_trailing_commas
   info - Missing a required trailing comma - lib\screens\statistics\statistics_screen.dart:271:77 - require_trailing_commas
   info - 'Share' is deprecated and shouldn't be used. Use SharePlus instead - lib\screens\statistics\statistics_screen.dart:305:11 -
          deprecated_member_use
   info - 'shareXFiles' is deprecated and shouldn't be used. Use SharePlus.instance.share() instead -
          lib\screens\statistics\statistics_screen.dart:305:17 - deprecated_member_use
   info - Missing a required trailing comma - lib\screens\statistics\statistics_screen.dart:310:59 - require_trailing_commas
   info - 'withOpacity' is deprecated and shouldn't be used. Use .withValues() to avoid precision loss -
          lib\screens\statistics\statistics_screen.dart:374:42 - deprecated_member_use
   info - Missing a required trailing comma - lib\screens\statistics\statistics_screen.dart:379:53 - require_trailing_commas
   info - 'withOpacity' is deprecated and shouldn't be used. Use .withValues() to avoid precision loss -
          lib\screens\statistics\statistics_screen.dart:485:52 - deprecated_member_use
   info - Missing a required trailing comma - lib\screens\statistics\statistics_screen.dart:540:66 - require_trailing_commas
   info - Missing a required trailing comma - lib\screens\statistics\statistics_screen.dart:544:74 - require_trailing_commas
   info - Missing a required trailing comma - lib\screens\statistics\statistics_screen.dart:606:73 - require_trailing_commas
   info - Missing a required trailing comma - lib\screens\statistics\statistics_screen.dart:609:66 - require_trailing_commas
   info - Missing a required trailing comma - lib\screens\statistics\statistics_screen.dart:612:44 - require_trailing_commas
   info - Don't use 'BuildContext's across async gaps - lib\screens\statistics\statistics_screen.dart:628:33 -
          use_build_context_synchronously
   info - Missing a required trailing comma - lib\screens\statistics\statistics_screen.dart:681:72 - require_trailing_commas
   info - Missing a required trailing comma - lib\screens\statistics\statistics_screen.dart:737:72 - require_trailing_commas
   info - Missing a required trailing comma - lib\screens\statistics\statistics_screen.dart:746:27 - require_trailing_commas
   info - Missing a required trailing comma - lib\screens\statistics\statistics_screen.dart:791:79 - require_trailing_commas
   info - Missing a required trailing comma - lib\screens\statistics\statistics_screen.dart:795:73 - require_trailing_commas
   info - Missing a required trailing comma - lib\screens\statistics\statistics_screen.dart:857:73 - require_trailing_commas
   info - Missing a required trailing comma - lib\screens\statistics\statistics_screen.dart:860:66 - require_trailing_commas
   info - Missing a required trailing comma - lib\screens\statistics\statistics_screen.dart:863:48 - require_trailing_commas
   info - Missing a required trailing comma - lib\screens\statistics\statistics_screen.dart:866:65 - require_trailing_commas
   info - Don't use 'BuildContext's across async gaps - lib\screens\statistics\statistics_screen.dart:880:33 -
          use_build_context_synchronously
   info - Missing a required trailing comma - lib\screens\statistics\statistics_screen.dart:930:72 - require_trailing_commas
   info - Missing a required trailing comma - lib\screens\statistics\statistics_screen.dart:984:72 - require_trailing_commas
   info - Missing a required trailing comma - lib\screens\statistics\statistics_screen.dart:1038:66 - require_trailing_commas
   info - Missing a required trailing comma - lib\screens\statistics\statistics_screen.dart:1042:74 - require_trailing_commas
   info - Missing a required trailing comma - lib\screens\statistics\statistics_screen.dart:1106:73 - require_trailing_commas
   info - Missing a required trailing comma - lib\screens\statistics\statistics_screen.dart:1109:66 - require_trailing_commas
   info - Missing a required trailing comma - lib\screens\statistics\statistics_screen.dart:1112:48 - require_trailing_commas
   info - Don't use 'BuildContext's across async gaps - lib\screens\statistics\statistics_screen.dart:1128:33 -
          use_build_context_synchronously
   info - Missing a required trailing comma - lib\screens\statistics\statistics_screen.dart:1178:72 - require_trailing_commas
   info - Missing a required trailing comma - lib\screens\statistics\statistics_screen.dart:1232:72 - require_trailing_commas
   info - Missing a required trailing comma - lib\screens\statistics\statistics_screen.dart:1286:79 - require_trailing_commas
   info - Missing a required trailing comma - lib\screens\statistics\statistics_screen.dart:1290:73 - require_trailing_commas
   info - Missing a required trailing comma - lib\screens\statistics\statistics_screen.dart:1351:73 - require_trailing_commas
   info - Missing a required trailing comma - lib\screens\statistics\statistics_screen.dart:1354:66 - require_trailing_commas
   info - Missing a required trailing comma - lib\screens\statistics\statistics_screen.dart:1357:47 - require_trailing_commas
   info - Don't use 'BuildContext's across async gaps - lib\screens\statistics\statistics_screen.dart:1373:33 -
          use_build_context_synchronously
   info - Missing a required trailing comma - lib\screens\statistics\statistics_screen.dart:1423:72 - require_trailing_commas
   info - Missing a required trailing comma - lib\screens\statistics\statistics_screen.dart:1477:72 - require_trailing_commas
   info - Missing a required trailing comma - lib\screens\statistics\statistics_screen.dart:1532:66 - require_trailing_commas
   info - Missing a required trailing comma - lib\screens\statistics\statistics_screen.dart:1536:74 - require_trailing_commas
warning - The left operand can't be null, so the right operand is never executed -
       lib\screens\statistics\statistics_screen.dart:1542:46 - dead_null_aware_expression
   info - Missing a required trailing comma - lib\screens\statistics\statistics_screen.dart:1598:73 - require_trailing_commas
   info - Missing a required trailing comma - lib\screens\statistics\statistics_screen.dart:1601:66 - require_trailing_commas
   info - Missing a required trailing comma - lib\screens\statistics\statistics_screen.dart:1604:41 - require_trailing_commas
   info - Don't use 'BuildContext's across async gaps - lib\screens\statistics\statistics_screen.dart:1620:33 -
          use_build_context_synchronously
   info - Missing a required trailing comma - lib\screens\statistics\statistics_screen.dart:1670:72 - require_trailing_commas
   info - Missing a required trailing comma - lib\screens\statistics\statistics_screen.dart:1752:65 - require_trailing_commas
warning - The left operand can't be null, so the right operand is never executed -
       lib\screens\statistics\statistics_screen.dart:1755:54 - dead_null_aware_expression
   info - Missing a required trailing comma - lib\screens\statistics\statistics_screen.dart:1761:57 - require_trailing_commas
   info - Missing a required trailing comma - lib\screens\statistics\statistics_screen.dart:1846:73 - require_trailing_commas
   info - Missing a required trailing comma - lib\screens\statistics\statistics_screen.dart:1849:66 - require_trailing_commas
   info - Missing a required trailing comma - lib\screens\statistics\statistics_screen.dart:1852:42 - require_trailing_commas
   info - Missing a required trailing comma - lib\screens\statistics\statistics_screen.dart:1855:62 - require_trailing_commas
   info - Don't use 'BuildContext's across async gaps - lib\screens\statistics\statistics_screen.dart:1869:33 -
          use_build_context_synchronously
   info - Missing a required trailing comma - lib\screens\statistics\statistics_screen.dart:1921:72 - require_trailing_commas
   info - Use 'package:' imports for files in the 'lib' directory - lib\screens\users\users_screen.dart:6:8 -
          always_use_package_imports
   info - Use 'package:' imports for files in the 'lib' directory - lib\screens\users\users_screen.dart:7:8 -
          always_use_package_imports
   info - Use 'package:' imports for files in the 'lib' directory - lib\screens\users\users_screen.dart:8:8 -
          always_use_package_imports
   info - Missing a required trailing comma - lib\screens\users\users_screen.dart:47:16 - require_trailing_commas
   info - Don't use 'BuildContext's across async gaps - lib\screens\users\users_screen.dart:103:25 - use_build_context_synchronously
   info - The import of 'dart:typed_data' is unnecessary because all of the used elements are also provided by the import of
          'package:flutter/foundation.dart' - lib\services\attachment_cache.dart:27:8 - unnecessary_import
   info - Angle brackets will be interpreted as HTML - lib\services\attachment_cache.dart:39:34 - unintended_html_in_doc_comment
   info - The local variable '_offset' starts with an underscore - lib\services\attachment_cache.dart:375:15 -
          no_leading_underscores_for_local_identifiers
   info - The local variable '_prime' starts with an underscore - lib\services\attachment_cache.dart:376:15 -
          no_leading_underscores_for_local_identifiers
   info - Statements in an if should be enclosed in a block - lib\services\attachment_cache.dart:440:29 -
          curly_braces_in_flow_control_structures
   info - Statements in an if should be enclosed in a block - lib\services\attachment_cache.dart:451:30 -
          curly_braces_in_flow_control_structures
   info - Statements in an if should be enclosed in a block - lib\services\attachment_cache.dart:456:29 -
          curly_braces_in_flow_control_structures
   info - The local variable '_p' starts with an underscore - lib\services\attachment_cache.dart:504:15 -
          no_leading_underscores_for_local_identifiers
   info - The import of 'package:postgrest/postgrest.dart' is unnecessary because all of the used elements are also provided by the
          import of 'package:supabase_flutter/supabase_flutter.dart' - lib\services\auth_supabase_service.dart:28:8 -
          unnecessary_import
   info - The imported package 'postgrest' isn't a dependency of the importing package - lib\services\auth_supabase_service.dart:28:8
          - depend_on_referenced_packages
   info - Use 'package:' imports for files in the 'lib' directory - lib\services\auth_supabase_service.dart:30:8 -
          always_use_package_imports
   info - Use 'package:' imports for files in the 'lib' directory - lib\services\auth_supabase_service.dart:31:8 -
          always_use_package_imports
   info - Use 'package:' imports for files in the 'lib' directory - lib\services\auth_supabase_service.dart:33:8 -
          always_use_package_imports
   info - Use 'package:' imports for files in the 'lib' directory - lib\services\auth_supabase_service.dart:34:8 -
          always_use_package_imports
   info - Use 'package:' imports for files in the 'lib' directory - lib\services\auth_supabase_service.dart:35:8 -
          always_use_package_imports
   info - Use 'package:' imports for files in the 'lib' directory - lib\services\auth_supabase_service.dart:36:8 -
          always_use_package_imports
warning - Unnecessary cast - lib\services\auth_supabase_service.dart:93:39 - unnecessary_cast
warning - The left operand can't be null, so the right operand is never executed - lib\services\auth_supabase_service.dart:291:47 -
       dead_null_aware_expression
warning - The left operand can't be null, so the right operand is never executed - lib\services\auth_supabase_service.dart:318:47 -
       dead_null_aware_expression
warning - The left operand can't be null, so the right operand is never executed - lib\services\auth_supabase_service.dart:346:42 -
       dead_null_aware_expression
   info - Missing a required trailing comma - lib\services\auth_supabase_service.dart:478:37 - require_trailing_commas
   info - 'userDeleted' is deprecated and shouldn't be used. Was never in use and might be removed in the future -
          lib\services\auth_supabase_service.dart:560:66 - deprecated_member_use
   info - Missing a required trailing comma - lib\services\auth_supabase_service.dart:832:8 - require_trailing_commas
   info - Missing a required trailing comma - lib\services\auth_supabase_service.dart:842:35 - require_trailing_commas
   info - Missing a required trailing comma - lib\services\auth_supabase_service.dart:927:8 - require_trailing_commas
   info - Missing a required trailing comma - lib\services\auth_supabase_service.dart:938:35 - require_trailing_commas
   info - Missing a required trailing comma - lib\services\auth_supabase_service.dart:1008:37 - require_trailing_commas
   info - Missing a required trailing comma - lib\services\auth_supabase_service.dart:1088:8 - require_trailing_commas
   info - Missing a required trailing comma - lib\services\auth_supabase_service.dart:1124:8 - require_trailing_commas
   info - The local variable '_mapRows' starts with an underscore - lib\services\auth_supabase_service.dart:1144:32 -
          no_leading_underscores_for_local_identifiers
warning - Unnecessary cast - lib\services\auth_supabase_service.dart:1148:47 - unnecessary_cast
   info - Missing a required trailing comma - lib\services\auth_supabase_service.dart:1169:59 - require_trailing_commas
   info - Missing a required trailing comma - lib\services\auth_supabase_service.dart:1176:8 - require_trailing_commas
   info - Missing a required trailing comma - lib\services\auth_supabase_service.dart:1183:21 - require_trailing_commas
   info - Missing a required trailing comma - lib\services\auth_supabase_service.dart:1186:35 - require_trailing_commas
   info - Missing a required trailing comma - lib\services\auth_supabase_service.dart:1259:59 - require_trailing_commas
   info - Missing a required trailing comma - lib\services\auth_supabase_service.dart:1278:8 - require_trailing_commas
   info - Missing a required trailing comma - lib\services\auth_supabase_service.dart:1294:8 - require_trailing_commas
warning - Unnecessary type check; the result is always 'true' - lib\services\auth_supabase_service.dart:1360:11 -
       unnecessary_type_check
   info - Missing a required trailing comma - lib\services\auth_supabase_service.dart:1367:18 - require_trailing_commas
warning - Unnecessary cast - lib\services\auth_supabase_service.dart:1390:41 - unnecessary_cast
warning - Unnecessary cast - lib\services\auth_supabase_service.dart:1460:56 - unnecessary_cast
   info - Missing a required trailing comma - lib\services\auth_supabase_service.dart:1482:8 - require_trailing_commas
   info - Missing a required trailing comma - lib\services\auth_supabase_service.dart:1534:43 - require_trailing_commas
warning - Unused import: 'package:flutter/foundation.dart' - lib\services\backup_restore_service.dart:13:8 - unused_import
   info - Use 'package:' imports for files in the 'lib' directory - lib\services\backup_restore_service.dart:22:8 -
          always_use_package_imports
   info - Use 'package:' imports for files in the 'lib' directory - lib\services\backup_restore_service.dart:23:8 -
          always_use_package_imports
   info - Use 'package:' imports for files in the 'lib' directory - lib\services\backup_restore_service.dart:24:8 -
          always_use_package_imports
   info - Angle brackets will be interpreted as HTML - lib\services\chat_attachment_signer.dart:11:57 -
          unintended_html_in_doc_comment
   info - Angle brackets will be interpreted as HTML - lib\services\chat_attachment_signer.dart:11:64 -
          unintended_html_in_doc_comment
   info - Angle brackets will be interpreted as HTML - lib\services\chat_attachment_signer.dart:11:70 -
          unintended_html_in_doc_comment
   info - Use 'package:' imports for files in the 'lib' directory - lib\services\chat_realtime_notifier.dart:20:8 -
          always_use_package_imports
   info - Use 'package:' imports for files in the 'lib' directory - lib\services\chat_realtime_notifier.dart:21:8 -
          always_use_package_imports
   info - Missing a required trailing comma - lib\services\chat_realtime_notifier.dart:235:40 - require_trailing_commas
   info - Missing a required trailing comma - lib\services\chat_realtime_notifier.dart:250:114 - require_trailing_commas
   info - Use 'package:' imports for files in the 'lib' directory - lib\services\chat_service.dart:25:8 - always_use_package_imports
   info - Use 'package:' imports for files in the 'lib' directory - lib\services\chat_service.dart:26:8 - always_use_package_imports
   info - Use 'package:' imports for files in the 'lib' directory - lib\services\chat_service.dart:35:8 - always_use_package_imports
   info - Use 'package:' imports for files in the 'lib' directory - lib\services\chat_service.dart:36:8 - always_use_package_imports
   info - Use 'package:' imports for files in the 'lib' directory - lib\services\chat_service.dart:37:8 - always_use_package_imports
warning - The declaration '_insertWithFallback' isn't referenced - lib\services\chat_service.dart:253:32 - unused_element
   info - Unnecessary braces in a string interpolation - lib\services\chat_service.dart:343:18 - unnecessary_brace_in_string_interps
   info - Missing a required trailing comma - lib\services\chat_service.dart:447:46 - require_trailing_commas
   info - Missing a required trailing comma - lib\services\chat_service.dart:452:109 - require_trailing_commas
   info - Missing a required trailing comma - lib\services\chat_service.dart:498:77 - require_trailing_commas
   info - Missing a required trailing comma - lib\services\chat_service.dart:538:109 - require_trailing_commas
   info - Missing a required trailing comma - lib\services\chat_service.dart:586:109 - require_trailing_commas
   info - Missing a required trailing comma - lib\services\chat_service.dart:652:8 - require_trailing_commas
   info - Unnecessary braces in a string interpolation - lib\services\chat_service.dart:670:21 - unnecessary_brace_in_string_interps
   info - Missing a required trailing comma - lib\services\chat_service.dart:685:190 - require_trailing_commas
   info - Unnecessary braces in a string interpolation - lib\services\chat_service.dart:710:21 - unnecessary_brace_in_string_interps
   info - Missing a required trailing comma - lib\services\chat_service.dart:725:190 - require_trailing_commas
   info - Missing a required trailing comma - lib\services\chat_service.dart:799:34 - require_trailing_commas
   info - Missing a required trailing comma - lib\services\chat_service.dart:828:7 - require_trailing_commas
   info - Missing a required trailing comma - lib\services\chat_service.dart:1108:12 - require_trailing_commas
   info - Missing a required trailing comma - lib\services\chat_service.dart:1287:46 - require_trailing_commas
warning - Unnecessary type check; the result is always 'false' - lib\services\chat_service.dart:1308:13 - unnecessary_type_check
   info - Uses 'await' on an instance of 'RealtimeChannel', which is not a subtype of 'Future' -
          lib\services\chat_service.dart:1322:7 - await_only_futures
   info - Missing a required trailing comma - lib\services\chat_service.dart:1366:6 - require_trailing_commas
   info - Missing a required trailing comma - lib\services\chat_service.dart:1430:75 - require_trailing_commas
   info - Missing a required trailing comma - lib\services\chat_service.dart:1435:81 - require_trailing_commas
   info - Uses 'await' on an instance of 'RealtimeChannel', which is not a subtype of 'Future' -
          lib\services\chat_service.dart:1448:7 - await_only_futures
   info - Missing a required trailing comma - lib\services\db_parity_v3.dart:169:99 - require_trailing_commas
   info - Missing a required trailing comma - lib\services\db_parity_v3.dart:171:99 - require_trailing_commas
   info - Missing a required trailing comma - lib\services\db_parity_v3.dart:174:79 - require_trailing_commas
   info - Missing a required trailing comma - lib\services\db_parity_v3.dart:330:106 - require_trailing_commas
   info - Missing a required trailing comma - lib\services\db_parity_v3.dart:332:96 - require_trailing_commas
   info - Library names are not necessary - lib\services\db_service.dart:1:9 - unnecessary_library_name
   info - The imported package 'meta' isn't a dependency of the importing package - lib\services\db_service.dart:19:8 -
          depend_on_referenced_packages
   info - Use 'package:' imports for files in the 'lib' directory - lib\services\db_service.dart:22:8 - always_use_package_imports
   info - Use 'package:' imports for files in the 'lib' directory - lib\services\db_service.dart:23:8 - always_use_package_imports
   info - Use 'package:' imports for files in the 'lib' directory - lib\services\db_service.dart:24:8 - always_use_package_imports
   info - Use 'package:' imports for files in the 'lib' directory - lib\services\db_service.dart:25:8 - always_use_package_imports
   info - Use 'package:' imports for files in the 'lib' directory - lib\services\db_service.dart:26:8 - always_use_package_imports
   info - Use 'package:' imports for files in the 'lib' directory - lib\services\db_service.dart:27:8 - always_use_package_imports
   info - Use 'package:' imports for files in the 'lib' directory - lib\services\db_service.dart:28:8 - always_use_package_imports
   info - Use 'package:' imports for files in the 'lib' directory - lib\services\db_service.dart:29:8 - always_use_package_imports
   info - Use 'package:' imports for files in the 'lib' directory - lib\services\db_service.dart:30:8 - always_use_package_imports
   info - Use 'package:' imports for files in the 'lib' directory - lib\services\db_service.dart:31:8 - always_use_package_imports
   info - Use 'package:' imports for files in the 'lib' directory - lib\services\db_service.dart:32:8 - always_use_package_imports
   info - Use 'package:' imports for files in the 'lib' directory - lib\services\db_service.dart:33:8 - always_use_package_imports
   info - Use 'package:' imports for files in the 'lib' directory - lib\services\db_service.dart:34:8 - always_use_package_imports
   info - Use 'package:' imports for files in the 'lib' directory - lib\services\db_service.dart:35:8 - always_use_package_imports
   info - Use 'package:' imports for files in the 'lib' directory - lib\services\db_service.dart:36:8 - always_use_package_imports
   info - Use 'package:' imports for files in the 'lib' directory - lib\services\db_service.dart:39:8 - always_use_package_imports
   info - Missing a required trailing comma - lib\services\db_service.dart:278:5 - require_trailing_commas
   info - Missing a required trailing comma - lib\services\db_service.dart:300:72 - require_trailing_commas
   info - The local variable '_ensureColumn' starts with an underscore - lib\services\db_service.dart:303:20 -
          no_leading_underscores_for_local_identifiers
warning - The declaration '_migrateAlertThresholdToReal' isn't referenced - lib\services\db_service.dart:377:16 - unused_element
   info - Missing a required trailing comma - lib\services\db_service.dart:381:76 - require_trailing_commas
   info - Missing a required trailing comma - lib\services\db_service.dart:396:90 - require_trailing_commas
   info - Missing a required trailing comma - lib\services\db_service.dart:403:82 - require_trailing_commas
   info - Missing a required trailing comma - lib\services\db_service.dart:417:76 - require_trailing_commas
   info - Missing a required trailing comma - lib\services\db_service.dart:520:5 - require_trailing_commas
   info - Missing a required trailing comma - lib\services\db_service.dart:1200:58 - require_trailing_commas
   info - Missing a required trailing comma - lib\services\db_service.dart:1232:41 - require_trailing_commas
   info - Missing a required trailing comma - lib\services\db_service.dart:1297:19 - require_trailing_commas
   info - Missing a required trailing comma - lib\services\db_service.dart:1331:11 - require_trailing_commas
   info - Missing a required trailing comma - lib\services\db_service.dart:1414:25 - require_trailing_commas
   info - Missing a required trailing comma - lib\services\db_service.dart:1425:69 - require_trailing_commas
warning - The value of the local variable 'db' isn't used - lib\services\db_service.dart:1457:11 - unused_local_variable
   info - Missing a required trailing comma - lib\services\db_service.dart:1486:43 - require_trailing_commas
warning - The value of the local variable 'db' isn't used - lib\services\db_service.dart:1493:11 - unused_local_variable
warning - The value of the local variable 'db' isn't used - lib\services\db_service.dart:1549:11 - unused_local_variable
   info - Missing a required trailing comma - lib\services\db_service.dart:1647:59 - require_trailing_commas
   info - Missing a required trailing comma - lib\services\db_service.dart:1683:48 - require_trailing_commas
warning - The value of the local variable 'db' isn't used - lib\services\db_service.dart:1689:11 - unused_local_variable
   info - Missing a required trailing comma - lib\services\db_service.dart:1712:47 - require_trailing_commas
   info - Missing a required trailing comma - lib\services\db_service.dart:1720:47 - require_trailing_commas
   info - Missing a required trailing comma - lib\services\db_service.dart:1725:55 - require_trailing_commas
   info - Missing a required trailing comma - lib\services\db_service.dart:1728:57 - require_trailing_commas
   info - Missing a required trailing comma - lib\services\db_service.dart:1847:41 - require_trailing_commas
   info - Missing a required trailing comma - lib\services\db_service.dart:1864:41 - require_trailing_commas
   info - Missing a required trailing comma - lib\services\db_service.dart:1880:18 - require_trailing_commas
   info - Missing a required trailing comma - lib\services\db_service.dart:1924:20 - require_trailing_commas
   info - Missing a required trailing comma - lib\services\db_service.dart:1979:66 - require_trailing_commas
   info - Missing a required trailing comma - lib\services\db_service.dart:2000:31 - require_trailing_commas
   info - Missing a required trailing comma - lib\services\db_service.dart:2028:59 - require_trailing_commas
   info - Missing a required trailing comma - lib\services\db_service.dart:2078:17 - require_trailing_commas
   info - Missing a required trailing comma - lib\services\db_service.dart:2122:69 - require_trailing_commas
   info - Missing a required trailing comma - lib\services\db_service.dart:2128:45 - require_trailing_commas
   info - Missing a required trailing comma - lib\services\db_service.dart:2152:75 - require_trailing_commas
   info - Missing a required trailing comma - lib\services\db_service.dart:2168:59 - require_trailing_commas
   info - Missing a required trailing comma - lib\services\db_service.dart:2174:47 - require_trailing_commas
   info - Missing a required trailing comma - lib\services\db_service.dart:2215:49 - require_trailing_commas
warning - The value of the local variable 'db' isn't used - lib\services\db_service.dart:2221:11 - unused_local_variable
   info - Missing a required trailing comma - lib\services\db_service.dart:2231:77 - require_trailing_commas
   info - Missing a required trailing comma - lib\services\db_service.dart:2238:101 - require_trailing_commas
   info - Missing a required trailing comma - lib\services\db_service.dart:2245:103 - require_trailing_commas
   info - Missing a required trailing comma - lib\services\db_service.dart:2252:84 - require_trailing_commas
   info - Missing a required trailing comma - lib\services\db_service.dart:2332:58 - require_trailing_commas
   info - Missing a required trailing comma - lib\services\db_service.dart:2345:58 - require_trailing_commas
   info - Missing a required trailing comma - lib\services\db_service.dart:2358:58 - require_trailing_commas
   info - Missing a required trailing comma - lib\services\db_service.dart:2388:66 - require_trailing_commas
   info - Missing a required trailing comma - lib\services\db_service.dart:2393:47 - require_trailing_commas
   info - Missing a required trailing comma - lib\services\db_service.dart:2453:76 - require_trailing_commas
   info - Missing a required trailing comma - lib\services\db_service.dart:2483:56 - require_trailing_commas
   info - Missing a required trailing comma - lib\services\db_service.dart:2505:56 - require_trailing_commas
   info - Missing a required trailing comma - lib\services\db_service.dart:2537:56 - require_trailing_commas
   info - Missing a required trailing comma - lib\services\db_service.dart:2544:52 - require_trailing_commas
   info - Missing a required trailing comma - lib\services\db_service.dart:2552:58 - require_trailing_commas
   info - The part-of directive uses a library name - lib\services\db_service_parts\patient_local_repository.dart:1:1 -
          use_string_in_part_of_directives
warning - The value of the field '_uuidV4Pattern' isn't used - lib\services\device_id_service.dart:22:23 - unused_field
warning - The '!' will have no effect because the receiver can't be null - lib\services\device_id_service.dart:52:25 -
       unnecessary_non_null_assertion
warning - The '!' will have no effect because the receiver can't be null - lib\services\device_id_service.dart:59:24 -
       unnecessary_non_null_assertion
   info - Use 'package:' imports for files in the 'lib' directory - lib\services\doctor_services_detail_screen.dart:10:8 -
          always_use_package_imports
   info - Use 'package:' imports for files in the 'lib' directory - lib\services\doctor_services_detail_screen.dart:11:8 -
          always_use_package_imports
   info - Use 'package:' imports for files in the 'lib' directory - lib\services\doctor_services_detail_screen.dart:12:8 -
          always_use_package_imports
   info - Use 'package:' imports for files in the 'lib' directory - lib\services\doctor_services_detail_screen.dart:14:8 -
          always_use_package_imports
   info - Use 'package:' imports for files in the 'lib' directory - lib\services\doctor_services_detail_screen.dart:15:8 -
          always_use_package_imports
warning - The '!' will have no effect because the receiver can't be null - lib\services\doctor_services_detail_screen.dart:218:36 -
       unnecessary_non_null_assertion
   info - Don't use 'BuildContext's across async gaps, guarded by an unrelated 'mounted' check -
          lib\services\doctor_services_detail_screen.dart:244:33 - use_build_context_synchronously
   info - Missing a required trailing comma - lib\services\doctor_services_detail_screen.dart:324:40 - require_trailing_commas
   info - Missing a required trailing comma - lib\services\doctor_services_detail_screen.dart:361:45 - require_trailing_commas
   info - Missing a required trailing comma - lib\services\doctor_services_detail_screen.dart:383:53 - require_trailing_commas
   info - 'withOpacity' is deprecated and shouldn't be used. Use .withValues() to avoid precision loss -
          lib\services\doctor_services_detail_screen.dart:388:50 - deprecated_member_use
   info - Missing a required trailing comma - lib\services\doctor_services_detail_screen.dart:393:61 - require_trailing_commas
   info - Missing a required trailing comma - lib\services\doctor_services_detail_screen.dart:402:74 - require_trailing_commas
   info - 'withOpacity' is deprecated and shouldn't be used. Use .withValues() to avoid precision loss -
          lib\services\doctor_services_detail_screen.dart:461:49 - deprecated_member_use
   info - Missing a required trailing comma - lib\services\doctor_services_detail_screen.dart:465:57 - require_trailing_commas
   info - 'withOpacity' is deprecated and shouldn't be used. Use .withValues() to avoid precision loss -
          lib\services\doctor_services_detail_screen.dart:511:48 - deprecated_member_use
   info - Missing a required trailing comma - lib\services\doctor_services_detail_screen.dart:549:65 - require_trailing_commas
   info - 'withOpacity' is deprecated and shouldn't be used. Use .withValues() to avoid precision loss -
          lib\services\doctor_services_detail_screen.dart:575:41 - deprecated_member_use
   info - Use 'package:' imports for files in the 'lib' directory - lib\services\doctors_services_home_screen.dart:7:8 -
          always_use_package_imports
   info - Use 'package:' imports for files in the 'lib' directory - lib\services\doctors_services_home_screen.dart:8:8 -
          always_use_package_imports
   info - Use 'package:' imports for files in the 'lib' directory - lib\services\doctors_services_home_screen.dart:9:8 -
          always_use_package_imports
   info - Use 'package:' imports for files in the 'lib' directory - lib\services\doctors_services_home_screen.dart:11:8 -
          always_use_package_imports
   info - Use 'package:' imports for files in the 'lib' directory - lib\services\doctors_services_home_screen.dart:12:8 -
          always_use_package_imports
warning - The value of the local variable 'scheme' isn't used - lib\services\doctors_services_home_screen.dart:19:11 -
       unused_local_variable
   info - 'withOpacity' is deprecated and shouldn't be used. Use .withValues() to avoid precision loss -
          lib\services\doctors_services_home_screen.dart:52:46 - deprecated_member_use
   info - Missing a required trailing comma - lib\services\doctors_services_home_screen.dart:57:57 - require_trailing_commas
   info - Missing a required trailing comma - lib\services\doctors_services_home_screen.dart:92:78 - require_trailing_commas
   info - Missing a required trailing comma - lib\services\doctors_services_home_screen.dart:104:76 - require_trailing_commas
   info - 'withOpacity' is deprecated and shouldn't be used. Use .withValues() to avoid precision loss -
          lib\services\doctors_services_home_screen.dart:146:38 - deprecated_member_use
   info - Missing a required trailing comma - lib\services\doctors_services_home_screen.dart:164:66 - require_trailing_commas
   info - 'withOpacity' is deprecated and shouldn't be used. Use .withValues() to avoid precision loss -
          lib\services\doctors_services_home_screen.dart:172:47 - deprecated_member_use
   info - 'withOpacity' is deprecated and shouldn't be used. Use .withValues() to avoid precision loss -
          lib\services\doctors_services_home_screen.dart:183:41 - deprecated_member_use
   info - Missing a required trailing comma - lib\services\doctors_services_home_screen.dart:183:56 - require_trailing_commas
   info - Use 'package:' imports for files in the 'lib' directory - lib\services\doctors_services_list_screen.dart:6:8 -
          always_use_package_imports
   info - Use 'package:' imports for files in the 'lib' directory - lib\services\doctors_services_list_screen.dart:7:8 -
          always_use_package_imports
   info - Use 'package:' imports for files in the 'lib' directory - lib\services\doctors_services_list_screen.dart:8:8 -
          always_use_package_imports
   info - Use 'package:' imports for files in the 'lib' directory - lib\services\doctors_services_list_screen.dart:11:8 -
          always_use_package_imports
   info - Use 'package:' imports for files in the 'lib' directory - lib\services\doctors_services_list_screen.dart:12:8 -
          always_use_package_imports
   info - Use 'package:' imports for files in the 'lib' directory - lib\services\doctors_services_list_screen.dart:15:8 -
          always_use_package_imports
   info - 'withOpacity' is deprecated and shouldn't be used. Use .withValues() to avoid precision loss -
          lib\services\doctors_services_list_screen.dart:114:37 - deprecated_member_use
   info - 'withOpacity' is deprecated and shouldn't be used. Use .withValues() to avoid precision loss -
          lib\services\doctors_services_list_screen.dart:135:52 - deprecated_member_use
   info - 'withOpacity' is deprecated and shouldn't be used. Use .withValues() to avoid precision loss -
          lib\services\doctors_services_list_screen.dart:157:60 - deprecated_member_use
   info - 'withOpacity' is deprecated and shouldn't be used. Use .withValues() to avoid precision loss -
          lib\services\doctors_services_list_screen.dart:224:48 - deprecated_member_use
   info - Missing a required trailing comma - lib\services\doctors_services_list_screen.dart:229:59 - require_trailing_commas
   info - Missing a required trailing comma - lib\services\doctors_services_list_screen.dart:238:72 - require_trailing_commas
   info - Missing a required trailing comma - lib\services\doctors_services_list_screen.dart:300:54 - require_trailing_commas
   info - Missing a required trailing comma - lib\services\doctors_services_list_screen.dart:304:58 - require_trailing_commas
   info - Use 'package:' imports for files in the 'lib' directory - lib\services\doctors_shares_list_screen.dart:6:8 -
          always_use_package_imports
   info - Use 'package:' imports for files in the 'lib' directory - lib\services\doctors_shares_list_screen.dart:7:8 -
          always_use_package_imports
   info - Use 'package:' imports for files in the 'lib' directory - lib\services\doctors_shares_list_screen.dart:8:8 -
          always_use_package_imports
   info - Use 'package:' imports for files in the 'lib' directory - lib\services\doctors_shares_list_screen.dart:11:8 -
          always_use_package_imports
   info - Use 'package:' imports for files in the 'lib' directory - lib\services\doctors_shares_list_screen.dart:12:8 -
          always_use_package_imports
   info - Missing a required trailing comma - lib\services\doctors_shares_list_screen.dart:89:64 - require_trailing_commas
   info - 'withOpacity' is deprecated and shouldn't be used. Use .withValues() to avoid precision loss -
          lib\services\doctors_shares_list_screen.dart:150:37 - deprecated_member_use
   info - 'withOpacity' is deprecated and shouldn't be used. Use .withValues() to avoid precision loss -
          lib\services\doctors_shares_list_screen.dart:172:54 - deprecated_member_use
   info - 'withOpacity' is deprecated and shouldn't be used. Use .withValues() to avoid precision loss -
          lib\services\doctors_shares_list_screen.dart:194:62 - deprecated_member_use
   info - 'withOpacity' is deprecated and shouldn't be used. Use .withValues() to avoid precision loss -
          lib\services\doctors_shares_list_screen.dart:253:48 - deprecated_member_use
   info - Missing a required trailing comma - lib\services\doctors_shares_list_screen.dart:258:59 - require_trailing_commas
   info - Missing a required trailing comma - lib\services\doctors_shares_list_screen.dart:267:72 - require_trailing_commas
   info - Don't use 'BuildContext's across async gaps, guarded by an unrelated 'mounted' check -
          lib\services\doctors_shares_list_screen.dart:419:31 - use_build_context_synchronously
   info - 'withOpacity' is deprecated and shouldn't be used. Use .withValues() to avoid precision loss -
          lib\services\doctors_shares_list_screen.dart:481:46 - deprecated_member_use
   info - Missing a required trailing comma - lib\services\doctors_shares_list_screen.dart:494:79 - require_trailing_commas
   info - 'withOpacity' is deprecated and shouldn't be used. Use .withValues() to avoid precision loss -
          lib\services\doctors_shares_list_screen.dart:497:59 - deprecated_member_use
   info - Missing a required trailing comma - lib\services\doctors_shares_list_screen.dart:497:75 - require_trailing_commas
   info - Missing a required trailing comma - lib\services\doctors_shares_list_screen.dart:497:76 - require_trailing_commas
   info - 'withOpacity' is deprecated and shouldn't be used. Use .withValues() to avoid precision loss -
          lib\services\doctors_shares_list_screen.dart:529:61 - deprecated_member_use
   info - Missing a required trailing comma - lib\services\doctors_shares_list_screen.dart:529:78 - require_trailing_commas
   info - Missing a required trailing comma - lib\services\doctors_shares_list_screen.dart:560:76 - require_trailing_commas
   info - Missing a required trailing comma - lib\services\doctors_shares_list_screen.dart:651:54 - require_trailing_commas
   info - Missing a required trailing comma - lib\services\doctors_shares_list_screen.dart:655:58 - require_trailing_commas
   info - Use 'package:' imports for files in the 'lib' directory - lib\services\export_service.dart:5:8 - always_use_package_imports
   info - Use 'package:' imports for files in the 'lib' directory - lib\services\export_service.dart:6:8 - always_use_package_imports
   info - Use 'package:' imports for files in the 'lib' directory - lib\services\export_service.dart:7:8 - always_use_package_imports
   info - Use 'package:' imports for files in the 'lib' directory - lib\services\export_service.dart:8:8 - always_use_package_imports
   info - Missing a required trailing comma - lib\services\export_service.dart:29:5 - require_trailing_commas
warning - The left operand can't be null, so the right operand is never executed - lib\services\export_service.dart:42:25 -
       dead_null_aware_expression
   info - Missing a required trailing comma - lib\services\export_service.dart:54:30 - require_trailing_commas
   info - Missing a required trailing comma - lib\services\export_service.dart:74:32 - require_trailing_commas
   info - Missing a required trailing comma - lib\services\export_service.dart:120:5 - require_trailing_commas
   info - Missing a required trailing comma - lib\services\export_service.dart:139:43 - require_trailing_commas
   info - Use 'package:' imports for files in the 'lib' directory - lib\services\lab_and_radiology_home_screen.dart:7:8 -
          always_use_package_imports
   info - Use 'package:' imports for files in the 'lib' directory - lib\services\lab_and_radiology_home_screen.dart:8:8 -
          always_use_package_imports
   info - Use 'package:' imports for files in the 'lib' directory - lib\services\lab_and_radiology_home_screen.dart:11:8 -
          always_use_package_imports
   info - Use 'package:' imports for files in the 'lib' directory - lib\services\lab_and_radiology_home_screen.dart:12:8 -
          always_use_package_imports
warning - The value of the local variable 'scheme' isn't used - lib\services\lab_and_radiology_home_screen.dart:43:11 -
       unused_local_variable
   info - 'withOpacity' is deprecated and shouldn't be used. Use .withValues() to avoid precision loss -
          lib\services\lab_and_radiology_home_screen.dart:76:46 - deprecated_member_use
   info - Missing a required trailing comma - lib\services\lab_and_radiology_home_screen.dart:81:57 - require_trailing_commas
   info - Missing a required trailing comma - lib\services\lab_and_radiology_home_screen.dart:90:70 - require_trailing_commas
   info - 'withOpacity' is deprecated and shouldn't be used. Use .withValues() to avoid precision loss -
          lib\services\lab_and_radiology_home_screen.dart:161:38 - deprecated_member_use
   info - Missing a required trailing comma - lib\services\lab_and_radiology_home_screen.dart:177:68 - require_trailing_commas
   info - Missing a required trailing comma - lib\services\lab_and_radiology_home_screen.dart:177:69 - require_trailing_commas
   info - 'withOpacity' is deprecated and shouldn't be used. Use .withValues() to avoid precision loss -
          lib\services\lab_and_radiology_home_screen.dart:184:47 - deprecated_member_use
   info - 'withOpacity' is deprecated and shouldn't be used. Use .withValues() to avoid precision loss -
          lib\services\lab_and_radiology_home_screen.dart:194:41 - deprecated_member_use
   info - Missing a required trailing comma - lib\services\lab_and_radiology_home_screen.dart:194:56 - require_trailing_commas
   info - Use 'package:' imports for files in the 'lib' directory - lib\services\lab_services_screen.dart:13:8 -
          always_use_package_imports
   info - Use 'package:' imports for files in the 'lib' directory - lib\services\lab_services_screen.dart:14:8 -
          always_use_package_imports
   info - Use 'package:' imports for files in the 'lib' directory - lib\services\lab_services_screen.dart:15:8 -
          always_use_package_imports
   info - Use 'package:' imports for files in the 'lib' directory - lib\services\lab_services_screen.dart:18:8 -
          always_use_package_imports
   info - Use 'package:' imports for files in the 'lib' directory - lib\services\lab_services_screen.dart:21:8 -
          always_use_package_imports
   info - Missing a required trailing comma - lib\services\lab_services_screen.dart:97:53 - require_trailing_commas
   info - Missing a required trailing comma - lib\services\lab_services_screen.dart:131:27 - require_trailing_commas
   info - Missing a required trailing comma - lib\services\lab_services_screen.dart:175:43 - require_trailing_commas
   info - Don't use 'BuildContext's across async gaps, guarded by an unrelated 'mounted' check -
          lib\services\lab_services_screen.dart:204:33 - use_build_context_synchronously
   info - Missing a required trailing comma - lib\services\lab_services_screen.dart:231:41 - require_trailing_commas
   info - Don't use 'BuildContext's across async gaps - lib\services\lab_services_screen.dart:340:28 -
          use_build_context_synchronously
   info - Missing a required trailing comma - lib\services\lab_services_screen.dart:382:65 - require_trailing_commas
   info - Missing a required trailing comma - lib\services\lab_services_screen.dart:450:66 - require_trailing_commas
   info - 'withOpacity' is deprecated and shouldn't be used. Use .withValues() to avoid precision loss -
          lib\services\lab_services_screen.dart:568:48 - deprecated_member_use
   info - Missing a required trailing comma - lib\services\lab_services_screen.dart:573:59 - require_trailing_commas
   info - Missing a required trailing comma - lib\services\lab_services_screen.dart:582:72 - require_trailing_commas
   info - Missing a required trailing comma - lib\services\lab_services_screen.dart:669:54 - require_trailing_commas
   info - Missing a required trailing comma - lib\services\lab_services_screen.dart:673:58 - require_trailing_commas
   info - Use 'package:' imports for files in the 'lib' directory - lib\services\logging_service.dart:3:8 -
          always_use_package_imports
   info - Missing a required trailing comma - lib\services\notification_service.dart:91:80 - require_trailing_commas
   info - Missing a required trailing comma - lib\services\notification_service.dart:286:84 - require_trailing_commas
   info - Missing a required trailing comma - lib\services\notification_service.dart:315:94 - require_trailing_commas
   info - Missing a required trailing comma - lib\services\notification_service.dart:354:84 - require_trailing_commas
   info - 'androidAllowWhileIdle' is deprecated and shouldn't be used. Deprecated in favor of the androidScheduleMode parameter -
          lib\services\notification_service.dart:389:9 - deprecated_member_use
   info - Use 'package:' imports for files in the 'lib' directory - lib\services\prescription_pdf_service.dart:12:8 -
          always_use_package_imports
   info - Use 'package:' imports for files in the 'lib' directory - lib\services\prescription_pdf_service.dart:13:8 -
          always_use_package_imports
   info - Use 'package:' imports for files in the 'lib' directory - lib\services\prescription_pdf_service.dart:14:8 -
          always_use_package_imports
   info - Missing a required trailing comma - lib\services\prescription_pdf_service.dart:105:39 - require_trailing_commas
   info - Missing a required trailing comma - lib\services\prescription_pdf_service.dart:105:40 - require_trailing_commas
   info - 'Table.fromTextArray' is deprecated and shouldn't be used. Use TableHelper.fromTextArray() instead -
          lib\services\prescription_pdf_service.dart:107:17 - deprecated_member_use
   info - Missing a required trailing comma - lib\services\prescription_pdf_service.dart:113:53 - require_trailing_commas
   info - Missing a required trailing comma - lib\services\prescription_pdf_service.dart:128:9 - require_trailing_commas
   info - Missing a required trailing comma - lib\services\prescription_pdf_service.dart:182:39 - require_trailing_commas
   info - Missing a required trailing comma - lib\services\prescription_pdf_service.dart:182:40 - require_trailing_commas
   info - Missing a required trailing comma - lib\services\prescription_pdf_service.dart:184:66 - require_trailing_commas
   info - Missing a required trailing comma - lib\services\prescription_pdf_service.dart:186:66 - require_trailing_commas
   info - Missing a required trailing comma - lib\services\prescription_pdf_service.dart:203:39 - require_trailing_commas
   info - Missing a required trailing comma - lib\services\prescription_pdf_service.dart:203:40 - require_trailing_commas
   info - Missing a required trailing comma - lib\services\prescription_pdf_service.dart:205:66 - require_trailing_commas
   info - Missing a required trailing comma - lib\services\prescription_pdf_service.dart:207:66 - require_trailing_commas
   info - Missing a required trailing comma - lib\services\prescription_pdf_service.dart:232:78 - require_trailing_commas
   info - Missing a required trailing comma - lib\services\prescription_pdf_service.dart:232:79 - require_trailing_commas
   info - Missing a required trailing comma - lib\services\prescription_pdf_service.dart:234:63 - require_trailing_commas
   info - Missing a required trailing comma - lib\services\prescription_pdf_service.dart:237:65 - require_trailing_commas
   info - Missing a required trailing comma - lib\services\prescription_pdf_service.dart:239:63 - require_trailing_commas
   info - 'Table.fromTextArray' is deprecated and shouldn't be used. Use TableHelper.fromTextArray() instead -
          lib\services\prescription_pdf_service.dart:257:12 - deprecated_member_use
   info - Missing a required trailing comma - lib\services\prescription_pdf_service.dart:261:68 - require_trailing_commas
   info - Use 'package:' imports for files in the 'lib' directory - lib\services\radiology_services_screen.dart:12:8 -
          always_use_package_imports
   info - Use 'package:' imports for files in the 'lib' directory - lib\services\radiology_services_screen.dart:13:8 -
          always_use_package_imports
   info - Use 'package:' imports for files in the 'lib' directory - lib\services\radiology_services_screen.dart:14:8 -
          always_use_package_imports
   info - Use 'package:' imports for files in the 'lib' directory - lib\services\radiology_services_screen.dart:17:8 -
          always_use_package_imports
   info - Use 'package:' imports for files in the 'lib' directory - lib\services\radiology_services_screen.dart:20:8 -
          always_use_package_imports
   info - Missing a required trailing comma - lib\services\radiology_services_screen.dart:100:53 - require_trailing_commas
   info - Missing a required trailing comma - lib\services\radiology_services_screen.dart:134:27 - require_trailing_commas
   info - Missing a required trailing comma - lib\services\radiology_services_screen.dart:178:43 - require_trailing_commas
   info - Don't use 'BuildContext's across async gaps, guarded by an unrelated 'mounted' check -
          lib\services\radiology_services_screen.dart:209:33 - use_build_context_synchronously
   info - Missing a required trailing comma - lib\services\radiology_services_screen.dart:236:41 - require_trailing_commas
   info - Don't use 'BuildContext's across async gaps - lib\services\radiology_services_screen.dart:345:28 -
          use_build_context_synchronously
   info - Missing a required trailing comma - lib\services\radiology_services_screen.dart:387:65 - require_trailing_commas
   info - Missing a required trailing comma - lib\services\radiology_services_screen.dart:455:66 - require_trailing_commas
   info - 'withOpacity' is deprecated and shouldn't be used. Use .withValues() to avoid precision loss -
          lib\services\radiology_services_screen.dart:574:48 - deprecated_member_use
   info - Missing a required trailing comma - lib\services\radiology_services_screen.dart:579:59 - require_trailing_commas
   info - Missing a required trailing comma - lib\services\radiology_services_screen.dart:588:72 - require_trailing_commas
   info - Missing a required trailing comma - lib\services\radiology_services_screen.dart:677:54 - require_trailing_commas
   info - Missing a required trailing comma - lib\services\radiology_services_screen.dart:681:58 - require_trailing_commas
warning - The member 'topic' can only be used within its package - lib\services\realtime_hub.dart:85:27 -
       invalid_use_of_internal_member
   info - Use 'package:' imports for files in the 'lib' directory - lib\services\repository_service.dart:5:8 -
          always_use_package_imports
   info - Use 'package:' imports for files in the 'lib' directory - lib\services\repository_service.dart:6:8 -
          always_use_package_imports
   info - Use 'package:' imports for files in the 'lib' directory - lib\services\repository_service.dart:7:8 -
          always_use_package_imports
   info - Use 'package:' imports for files in the 'lib' directory - lib\services\repository_service.dart:8:8 -
          always_use_package_imports
   info - Use 'package:' imports for files in the 'lib' directory - lib\services\repository_service.dart:9:8 -
          always_use_package_imports
   info - Use 'package:' imports for files in the 'lib' directory - lib\services\repository_service.dart:10:8 -
          always_use_package_imports
   info - Use 'package:' imports for files in the 'lib' directory - lib\services\repository_service.dart:11:8 -
          always_use_package_imports
   info - Use 'package:' imports for files in the 'lib' directory - lib\services\service_doctor_share_screen.dart:7:8 -
          always_use_package_imports
   info - Use 'package:' imports for files in the 'lib' directory - lib\services\service_doctor_share_screen.dart:8:8 -
          always_use_package_imports
   info - Use 'package:' imports for files in the 'lib' directory - lib\services\service_doctor_share_screen.dart:9:8 -
          always_use_package_imports
   info - Use 'package:' imports for files in the 'lib' directory - lib\services\service_doctor_share_screen.dart:10:8 -
          always_use_package_imports
   info - Use 'package:' imports for files in the 'lib' directory - lib\services\service_doctor_share_screen.dart:13:8 -
          always_use_package_imports
   info - Use 'package:' imports for files in the 'lib' directory - lib\services\service_doctor_share_screen.dart:14:8 -
          always_use_package_imports
   info - The constant name '_EPS' isn't a lowerCamelCase identifier - lib\services\service_doctor_share_screen.dart:42:23 -
          constant_identifier_names
   info - Don't use 'BuildContext's across async gaps - lib\services\service_doctor_share_screen.dart:117:7 -
          use_build_context_synchronously
   info - Don't use 'BuildContext's across async gaps - lib\services\service_doctor_share_screen.dart:119:33 -
          use_build_context_synchronously
   info - 'withOpacity' is deprecated and shouldn't be used. Use .withValues() to avoid precision loss -
          lib\services\service_doctor_share_screen.dart:144:48 - deprecated_member_use
   info - Missing a required trailing comma - lib\services\service_doctor_share_screen.dart:149:59 - require_trailing_commas
   info - Missing a required trailing comma - lib\services\service_doctor_share_screen.dart:155:74 - require_trailing_commas
   info - Missing a required trailing comma - lib\services\service_doctor_share_screen.dart:155:75 - require_trailing_commas
   info - Missing a required trailing comma - lib\services\service_doctor_share_screen.dart:197:59 - require_trailing_commas
   info - Missing a required trailing comma - lib\services\service_doctor_share_screen.dart:207:64 - require_trailing_commas
   info - Missing a required trailing comma - lib\services\service_doctor_share_screen.dart:207:65 - require_trailing_commas
   info - 'withOpacity' is deprecated and shouldn't be used. Use .withValues() to avoid precision loss -
          lib\services\service_doctor_share_screen.dart:212:61 - deprecated_member_use
   info - Missing a required trailing comma - lib\services\service_doctor_share_screen.dart:212:77 - require_trailing_commas
   info - Missing a required trailing comma - lib\services\service_doctor_share_screen.dart:212:78 - require_trailing_commas
   info - Missing a required trailing comma - lib\services\service_doctor_share_screen.dart:248:62 - require_trailing_commas
   info - Missing a required trailing comma - lib\services\service_doctor_share_screen.dart:250:62 - require_trailing_commas
   info - Missing a required trailing comma - lib\services\service_doctor_share_screen.dart:286:43 - require_trailing_commas
   info - Missing a required trailing comma - lib\services\service_doctor_share_screen.dart:295:60 - require_trailing_commas
   info - Missing a required trailing comma - lib\services\service_doctor_share_screen.dart:297:72 - require_trailing_commas
   info - Missing a required trailing comma - lib\services\service_doctor_share_screen.dart:305:57 - require_trailing_commas
   info - 'withOpacity' is deprecated and shouldn't be used. Use .withValues() to avoid precision loss -
          lib\services\service_doctor_share_screen.dart:310:54 - deprecated_member_use
   info - Missing a required trailing comma - lib\services\service_doctor_share_screen.dart:315:65 - require_trailing_commas
   info - Missing a required trailing comma - lib\services\service_doctor_share_screen.dart:324:64 - require_trailing_commas
   info - Missing a required trailing comma - lib\services\service_doctor_share_screen.dart:335:42 - require_trailing_commas
   info - Missing a required trailing comma - lib\services\service_doctor_share_screen.dart:346:42 - require_trailing_commas
   info - Missing a required trailing comma - lib\services\service_doctor_share_screen.dart:364:68 - require_trailing_commas
   info - Missing a required trailing comma - lib\services\service_doctor_share_screen.dart:364:69 - require_trailing_commas
   info - Missing a required trailing comma - lib\services\service_doctor_share_screen.dart:366:24 - require_trailing_commas
   info - Missing a required trailing comma - lib\services\service_doctor_share_screen.dart:373:49 - require_trailing_commas
   info - Missing a required trailing comma - lib\services\service_doctor_share_screen.dart:384:66 - require_trailing_commas
   info - Missing a required trailing comma - lib\services\service_doctor_share_screen.dart:387:66 - require_trailing_commas
   info - Missing a required trailing comma - lib\services\service_doctor_share_screen.dart:404:51 - require_trailing_commas
   info - Don't use 'BuildContext's across async gaps, guarded by an unrelated 'mounted' check -
          lib\services\service_doctor_share_screen.dart:436:39 - use_build_context_synchronously
   info - Missing a required trailing comma - lib\services\service_doctor_share_screen.dart:465:41 - require_trailing_commas
   info - Missing a required trailing comma - lib\services\service_doctor_share_screen.dart:468:39 - require_trailing_commas
   info - Missing a required trailing comma - lib\services\service_doctor_share_screen.dart:480:74 - require_trailing_commas
   info - Missing a required trailing comma - lib\services\service_doctor_share_screen.dart:482:79 - require_trailing_commas
   info - 'withOpacity' is deprecated and shouldn't be used. Use .withValues() to avoid precision loss -
          lib\services\service_doctor_share_screen.dart:509:36 - deprecated_member_use
   info - Missing a required trailing comma - lib\services\service_doctor_share_screen.dart:514:47 - require_trailing_commas
   info - 'withOpacity' is deprecated and shouldn't be used. Use .withValues() to avoid precision loss -
          lib\services\service_doctor_share_screen.dart:523:41 - deprecated_member_use
   info - 'withOpacity' is deprecated and shouldn't be used. Use .withValues() to avoid precision loss -
          lib\services\service_doctor_share_screen.dart:581:46 - deprecated_member_use
   info - Missing a required trailing comma - lib\services\service_doctor_share_screen.dart:586:57 - require_trailing_commas
   info - Missing a required trailing comma - lib\services\service_doctor_share_screen.dart:595:70 - require_trailing_commas
   info - 'withOpacity' is deprecated and shouldn't be used. Use .withValues() to avoid precision loss -
          lib\services\service_doctor_share_screen.dart:702:48 - deprecated_member_use
   info - Missing a required trailing comma - lib\services\service_doctor_share_screen.dart:707:59 - require_trailing_commas
   info - Missing a required trailing comma - lib\services\service_doctor_share_screen.dart:718:78 - require_trailing_commas
   info - Missing a required trailing comma - lib\services\service_doctor_share_screen.dart:718:79 - require_trailing_commas
   info - 'withOpacity' is deprecated and shouldn't be used. Use .withValues() to avoid precision loss -
          lib\services\service_doctor_share_screen.dart:723:61 - deprecated_member_use
   info - Missing a required trailing comma - lib\services\service_doctor_share_screen.dart:724:64 - require_trailing_commas
   info - Missing a required trailing comma - lib\services\service_doctor_share_screen.dart:724:65 - require_trailing_commas
   info - Missing a required trailing comma - lib\services\service_doctor_share_screen.dart:794:71 - require_trailing_commas
   info - Missing a required trailing comma - lib\services\service_doctor_share_screen.dart:802:54 - require_trailing_commas
   info - Missing a required trailing comma - lib\services\service_doctor_share_screen.dart:806:58 - require_trailing_commas
warning - Unused import: 'package:supabase_flutter/supabase_flutter.dart' - lib\services\sync_orchestrator.dart:3:8 - unused_import
   info - Use 'package:' imports for files in the 'lib' directory - lib\services\sync_orchestrator.dart:5:8 -
          always_use_package_imports
   info - Use 'package:' imports for files in the 'lib' directory - lib\services\sync_orchestrator.dart:6:8 -
          always_use_package_imports
   info - Use 'package:' imports for files in the 'lib' directory - lib\services\sync_orchestrator.dart:7:8 -
          always_use_package_imports
   info - Use 'package:' imports for files in the 'lib' directory - lib\services\sync_orchestrator.dart:8:8 -
          always_use_package_imports
   info - Invalid use of a private type in a public API - lib\services\sync_service.dart:82:10 - library_private_types_in_public_api
   info - Missing a required trailing comma - lib\services\sync_service.dart:254:5 - require_trailing_commas
   info - 'NAMESPACE_URL' is deprecated and shouldn't be used. Please use the Namespace enum in enums.dart instead -
          lib\services\sync_service.dart:688:16 - deprecated_member_use
warning - The declaration '_getRecordIdForUuid' isn't referenced - lib\services\sync_service.dart:702:16 - unused_element
warning - The declaration '_chunkify' isn't referenced - lib\services\sync_service.dart:757:17 - unused_element
warning - The left operand can't be null, so the right operand is never executed - lib\services\sync_service.dart:1523:55 -
       dead_null_aware_expression
   info - 'NAMESPACE_URL' is deprecated and shouldn't be used. Please use the Namespace enum in enums.dart instead -
          lib\services\sync_service.dart:1575:16 - deprecated_member_use
warning - The value of the local variable 'fkParents' isn't used - lib\services\sync_service.dart:1630:11 - unused_local_variable
  error - The name 'fkParents' is already defined - lib\services\sync_service.dart:1630:11 - duplicate_definition
   info - Unnecessary braces in a string interpolation - lib\services\sync_service.dart:1643:29 - unnecessary_brace_in_string_interps
warning - Unnecessary type check; the result is always 'true' - lib\services\sync_service.dart:1795:15 - unnecessary_type_check
   info - Missing a required trailing comma - lib\services\sync_service.dart:1833:49 - require_trailing_commas
warning - The value of the local variable 'remoteUuid' isn't used - lib\services\sync_service.dart:2174:22 - unused_local_variable
  error - The name 'remoteUuid' is already defined - lib\services\sync_service.dart:2174:22 - duplicate_definition
warning - The value of the local variable 'localId' isn't used - lib\services\sync_service.dart:2176:14 - unused_local_variable
  error - The name 'localId' is already defined - lib\services\sync_service.dart:2176:14 - duplicate_definition
  error - Undefined name 'sourceLocalId' - lib\services\sync_service.dart:2180:26 - undefined_identifier
warning - The operand can't be 'null', so the condition is always 'false' - lib\services\sync_service.dart:2183:21 -
       unnecessary_null_comparison
  error - Undefined name 'sourceLocalId' - lib\services\sync_service.dart:2184:21 - undefined_identifier
  error - Undefined name 'sourceLocalId' - lib\services\sync_service.dart:2188:61 - undefined_identifier
warning - The value of the local variable 'remoteUuid' isn't used - lib\services\sync_service.dart:2393:22 - unused_local_variable
  error - The name 'remoteUuid' is already defined - lib\services\sync_service.dart:2393:22 - duplicate_definition
warning - The value of the local variable 'localId' isn't used - lib\services\sync_service.dart:2395:14 - unused_local_variable
  error - The name 'localId' is already defined - lib\services\sync_service.dart:2395:14 - duplicate_definition
  error - Undefined name 'sourceLocalId' - lib\services\sync_service.dart:2399:26 - undefined_identifier
warning - The operand can't be 'null', so the condition is always 'false' - lib\services\sync_service.dart:2402:21 -
       unnecessary_null_comparison
  error - Undefined name 'sourceLocalId' - lib\services\sync_service.dart:2403:21 - undefined_identifier
  error - Undefined name 'sourceLocalId' - lib\services\sync_service.dart:2407:61 - undefined_identifier
warning - The value of the local variable 'remoteUuid' isn't used - lib\services\sync_service.dart:2615:18 - unused_local_variable
  error - The name 'remoteUuid' is already defined - lib\services\sync_service.dart:2615:18 - duplicate_definition
warning - The value of the local variable 'localId' isn't used - lib\services\sync_service.dart:2617:10 - unused_local_variable
  error - The name 'localId' is already defined - lib\services\sync_service.dart:2617:10 - duplicate_definition
  error - Undefined name 'sourceLocalId' - lib\services\sync_service.dart:2621:22 - undefined_identifier
warning - The operand can't be 'null', so the condition is always 'false' - lib\services\sync_service.dart:2624:17 -
       unnecessary_null_comparison
  error - Undefined name 'sourceLocalId' - lib\services\sync_service.dart:2625:17 - undefined_identifier
  error - Undefined name 'sourceLocalId' - lib\services\sync_service.dart:2629:57 - undefined_identifier
warning - The value of the local variable 'remoteUuid' isn't used - lib\services\sync_service.dart:2739:18 - unused_local_variable
  error - The name 'remoteUuid' is already defined - lib\services\sync_service.dart:2739:18 - duplicate_definition
warning - The operand can't be 'null', so the condition is always 'false' - lib\services\sync_service.dart:2757:17 -
       unnecessary_null_comparison
   info - Missing a required trailing comma - lib\services\sync_service.dart:2814:103 - require_trailing_commas
   info - Missing a required trailing comma - lib\services\sync_service.dart:2822:97 - require_trailing_commas
   info - Use 'package:' imports for files in the 'lib' directory - lib\utils\excel_export_helper.dart:8:8 -
          always_use_package_imports
   info - Use 'package:' imports for files in the 'lib' directory - lib\utils\excel_export_helper.dart:9:8 -
          always_use_package_imports
   info - Use 'package:' imports for files in the 'lib' directory - lib\utils\excel_export_helper.dart:10:8 -
          always_use_package_imports
   info - Use 'package:' imports for files in the 'lib' directory - lib\utils\excel_export_helper.dart:11:8 -
          always_use_package_imports
   info - Missing a required trailing comma - lib\utils\logger.dart:135:57 - require_trailing_commas
   info - Missing a required trailing comma - lib\utils\logger.dart:139:58 - require_trailing_commas
   info - Use 'package:' imports for files in the 'lib' directory - lib\utils\notifications_helper.dart:26:8 -
          always_use_package_imports
   info - The constant name '__' isn't a lowerCamelCase identifier - lib\utils\notifications_helper.dart:194:19 -
          constant_identifier_names
   info - The variable name '__' isn't a lowerCamelCase identifier - lib\utils\notifications_helper.dart:194:19 -
          non_constant_identifier_names
warning - The left operand can't be null, so the right operand is never executed - lib\utils\notifications_helper.dart:230:32 -
       dead_null_aware_expression
warning - The left operand can't be null, so the right operand is never executed - lib\utils\notifications_helper.dart:231:34 -
       dead_null_aware_expression
   info - Library names are not necessary - lib\utils\text_direction.dart:21:9 - unnecessary_library_name
   info - Use interpolation to compose strings and values - lib\utils\text_direction.dart:177:10 -
          prefer_interpolation_to_compose_strings
   info - Library names are not necessary - lib\utils\time.dart:16:9 - unnecessary_library_name
   info - The local variable '_now' starts with an underscore - lib\utils\time.dart:83:9 -
          no_leading_underscores_for_local_identifiers
   info - The local variable '_now' starts with an underscore - lib\utils\time.dart:92:9 -
          no_leading_underscores_for_local_identifiers
   info - The local variable '_now' starts with an underscore - lib\utils\time.dart:102:9 -
          no_leading_underscores_for_local_identifiers
   info - The local variable '_now' starts with an underscore - lib\utils\time.dart:182:9 -
          no_leading_underscores_for_local_identifiers
   info - The local variable '_now' starts with an underscore - lib\utils\time.dart:231:9 -
          no_leading_underscores_for_local_identifiers
   info - Unnecessary braces in a string interpolation - lib\utils\time.dart:267:11 - unnecessary_brace_in_string_interps
   info - Use 'package:' imports for files in the 'lib' directory - lib\widgets\activation_listener.dart:4:8 -
          always_use_package_imports
   info - Use 'package:' imports for files in the 'lib' directory - lib\widgets\chat\attachment_chip.dart:18:8 -
          always_use_package_imports
   info - Use 'package:' imports for files in the 'lib' directory - lib\widgets\chat\attachment_chip.dart:19:8 -
          always_use_package_imports
   info - 'withOpacity' is deprecated and shouldn't be used. Use .withValues() to avoid precision loss -
          lib\widgets\chat\attachment_chip.dart:174:59 - deprecated_member_use
   info - 'withOpacity' is deprecated and shouldn't be used. Use .withValues() to avoid precision loss -
          lib\widgets\chat\attachment_chip.dart:198:63 - deprecated_member_use
   info - 'withOpacity' is deprecated and shouldn't be used. Use .withValues() to avoid precision loss -
          lib\widgets\chat\attachment_chip.dart:199:71 - deprecated_member_use
   info - 'withOpacity' is deprecated and shouldn't be used. Use .withValues() to avoid precision loss -
          lib\widgets\chat\attachment_chip.dart:257:34 - deprecated_member_use
   info - 'withOpacity' is deprecated and shouldn't be used. Use .withValues() to avoid precision loss -
          lib\widgets\chat\attachment_chip.dart:298:36 - deprecated_member_use
   info - 'withOpacity' is deprecated and shouldn't be used. Use .withValues() to avoid precision loss -
          lib\widgets\chat\attachment_chip.dart:301:37 - deprecated_member_use
   info - 'withOpacity' is deprecated and shouldn't be used. Use .withValues() to avoid precision loss -
          lib\widgets\chat\attachment_chip.dart:304:37 - deprecated_member_use
   info - 'withOpacity' is deprecated and shouldn't be used. Use .withValues() to avoid precision loss -
          lib\widgets\chat\attachment_chip.dart:307:38 - deprecated_member_use
   info - 'withOpacity' is deprecated and shouldn't be used. Use .withValues() to avoid precision loss -
          lib\widgets\chat\attachment_chip.dart:325:37 - deprecated_member_use
   info - Missing a required trailing comma - lib\widgets\chat\attachment_chip.dart:329:13 - require_trailing_commas
   info - 'withOpacity' is deprecated and shouldn't be used. Use .withValues() to avoid precision loss -
          lib\widgets\chat\attachment_chip.dart:339:41 - deprecated_member_use
   info - 'withOpacity' is deprecated and shouldn't be used. Use .withValues() to avoid precision loss -
          lib\widgets\chat\attachment_chip.dart:346:37 - deprecated_member_use
   info - Use 'package:' imports for files in the 'lib' directory - lib\widgets\chat\chat_composer.dart:27:8 -
          always_use_package_imports
   info - Use 'package:' imports for files in the 'lib' directory - lib\widgets\chat\chat_composer.dart:28:8 -
          always_use_package_imports
   info - Use 'package:' imports for files in the 'lib' directory - lib\widgets\chat\chat_composer.dart:29:8 -
          always_use_package_imports
   info - Use 'package:' imports for files in the 'lib' directory - lib\widgets\chat\chat_composer.dart:30:8 -
          always_use_package_imports
   info - Use 'package:' imports for files in the 'lib' directory - lib\widgets\chat\chat_composer.dart:31:8 -
          always_use_package_imports
   info - Use 'package:' imports for files in the 'lib' directory - lib\widgets\chat\chat_composer.dart:32:8 -
          always_use_package_imports
   info - Missing a required trailing comma - lib\widgets\chat\chat_composer.dart:98:58 - require_trailing_commas
   info - Missing a required trailing comma - lib\widgets\chat\chat_composer.dart:121:59 - require_trailing_commas
   info - Missing a required trailing comma - lib\widgets\chat\chat_composer.dart:129:60 - require_trailing_commas
   info - Missing a required trailing comma - lib\widgets\chat\chat_composer.dart:135:62 - require_trailing_commas
   info - Don't use 'BuildContext's across async gaps - lib\widgets\chat\chat_composer.dart:154:28 - use_build_context_synchronously
   info - Don't use 'BuildContext's across async gaps - lib\widgets\chat\chat_composer.dart:193:17 - use_build_context_synchronously
   info - Don't use 'BuildContext's across async gaps - lib\widgets\chat\chat_composer.dart:215:28 - use_build_context_synchronously
   info - Missing a required trailing comma - lib\widgets\chat\chat_composer.dart:265:62 - require_trailing_commas
   info - 'withOpacity' is deprecated and shouldn't be used. Use .withValues() to avoid precision loss -
          lib\widgets\chat\chat_composer.dart:267:54 - deprecated_member_use
   info - Missing a required trailing comma - lib\widgets\chat\chat_composer.dart:270:74 - require_trailing_commas
   info - 'withOpacity' is deprecated and shouldn't be used. Use .withValues() to avoid precision loss -
          lib\widgets\chat\chat_composer.dart:340:53 - deprecated_member_use
   info - 'withOpacity' is deprecated and shouldn't be used. Use .withValues() to avoid precision loss -
          lib\widgets\chat\chat_composer.dart:363:63 - deprecated_member_use
   info - Missing a required trailing comma - lib\widgets\chat\chat_composer.dart:443:65 - require_trailing_commas
   info - Use 'package:' imports for files in the 'lib' directory - lib\widgets\chat\conversation_tile.dart:30:8 -
          always_use_package_imports
   info - Use 'package:' imports for files in the 'lib' directory - lib\widgets\chat\conversation_tile.dart:31:8 -
          always_use_package_imports
   info - Use 'package:' imports for files in the 'lib' directory - lib\widgets\chat\conversation_tile.dart:32:8 -
          always_use_package_imports
   info - Use 'package:' imports for files in the 'lib' directory - lib\widgets\chat\conversation_tile.dart:33:8 -
          always_use_package_imports
   info - Use 'package:' imports for files in the 'lib' directory - lib\widgets\chat\conversation_tile.dart:34:8 -
          always_use_package_imports
   info - 'withOpacity' is deprecated and shouldn't be used. Use .withValues() to avoid precision loss -
          lib\widgets\chat\conversation_tile.dart:166:49 - deprecated_member_use
   info - 'withOpacity' is deprecated and shouldn't be used. Use .withValues() to avoid precision loss -
          lib\widgets\chat\conversation_tile.dart:176:49 - deprecated_member_use
   info - 'withOpacity' is deprecated and shouldn't be used. Use .withValues() to avoid precision loss -
          lib\widgets\chat\conversation_tile.dart:221:42 - deprecated_member_use
warning - This default clause is covered by the previous cases - lib\widgets\chat\conversation_tile.dart:247:7 -
       unreachable_switch_default
   info - 'withOpacity' is deprecated and shouldn't be used. Use .withValues() to avoid precision loss -
          lib\widgets\chat\conversation_tile.dart:324:60 - deprecated_member_use
   info - 'withOpacity' is deprecated and shouldn't be used. Use .withValues() to avoid precision loss -
          lib\widgets\chat\conversation_tile.dart:341:30 - deprecated_member_use
   info - 'withOpacity' is deprecated and shouldn't be used. Use .withValues() to avoid precision loss -
          lib\widgets\chat\conversation_tile.dart:348:35 - deprecated_member_use
   info - 'withOpacity' is deprecated and shouldn't be used. Use .withValues() to avoid precision loss -
          lib\widgets\chat\conversation_tile.dart:375:33 - deprecated_member_use
   info - The import of 'dart:typed_data' is unnecessary because all of the used elements are also provided by the import of
          'package:flutter/services.dart' - lib\widgets\chat\image_viewer_screen.dart:15:8 - unnecessary_import
   info - Use 'package:' imports for files in the 'lib' directory - lib\widgets\chat\image_viewer_screen.dart:20:8 -
          always_use_package_imports
   info - Use 'package:' imports for files in the 'lib' directory - lib\widgets\chat\image_viewer_screen.dart:21:8 -
          always_use_package_imports
   info - Use 'package:' imports for files in the 'lib' directory - lib\widgets\chat\image_viewer_screen.dart:22:8 -
          always_use_package_imports
   info - Use 'package:' imports for files in the 'lib' directory - lib\widgets\chat\image_viewer_screen.dart:23:8 -
          always_use_package_imports
warning - The receiver can't be null, so the null-aware operator '?.' is unnecessary -
       lib\widgets\chat\image_viewer_screen.dart:59:52 - invalid_null_aware_operator
   info - Invalid use of a private type in a public API - lib\widgets\chat\image_viewer_screen.dart:72:14 -
          library_private_types_in_public_api
   info - Invalid use of a private type in a public API - lib\widgets\chat\image_viewer_screen.dart:80:42 -
          library_private_types_in_public_api
   info - Invalid use of a private type in a public API - lib\widgets\chat\image_viewer_screen.dart:97:32 -
          library_private_types_in_public_api
   info - Invalid use of a private type in a public API - lib\widgets\chat\image_viewer_screen.dart:123:32 -
          library_private_types_in_public_api
   info - Missing a required trailing comma - lib\widgets\chat\image_viewer_screen.dart:213:9 - require_trailing_commas
   info - Missing a required trailing comma - lib\widgets\chat\image_viewer_screen.dart:225:10 - require_trailing_commas
   info - Missing a required trailing comma - lib\widgets\chat\image_viewer_screen.dart:397:30 - require_trailing_commas
   info - Missing a required trailing comma - lib\widgets\chat\image_viewer_screen.dart:407:30 - require_trailing_commas
   info - 'WillPopScope' is deprecated and shouldn't be used. Use PopScope instead. The Android predictive back feature will not work
          with WillPopScope. This feature was deprecated after v3.12.0-1.0.pre - lib\widgets\chat\image_viewer_screen.dart:602:23 -
          deprecated_member_use
   info - 'translate' is deprecated and shouldn't be used. Use translateByVector3, translateByVector4, or translateByDouble instead -
          lib\widgets\chat\image_viewer_screen.dart:651:37 - deprecated_member_use
   info - 'scale' is deprecated and shouldn't be used. Use scaleByVector3, scaleByVector4, or scaleByDouble instead -
          lib\widgets\chat\image_viewer_screen.dart:651:54 - deprecated_member_use
   info - Use 'package:' imports for files in the 'lib' directory - lib\widgets\chat\message_actions_sheet.dart:23:8 -
          always_use_package_imports
   info - Use 'package:' imports for files in the 'lib' directory - lib\widgets\chat\message_actions_sheet.dart:24:8 -
          always_use_package_imports
   info - Use 'package:' imports for files in the 'lib' directory - lib\widgets\chat\message_actions_sheet.dart:25:8 -
          always_use_package_imports
warning - The left operand can't be null, so the right operand is never executed - lib\widgets\chat\message_actions_sheet.dart:182:60
       - dead_null_aware_expression
warning - The operand can't be 'null', so the condition is always 'true' - lib\widgets\chat\message_actions_sheet.dart:188:16 -
       unnecessary_null_comparison
warning - The operand can't be 'null', so the condition is always 'true' - lib\widgets\chat\message_actions_sheet.dart:190:15 -
       unnecessary_null_comparison
   info - Unnecessary 'this.' qualifier - lib\widgets\chat\message_actions_sheet.dart:218:24 - unnecessary_this
   info - Missing a required trailing comma - lib\widgets\chat\message_actions_sheet.dart:246:36 - require_trailing_commas
   info - Use 'package:' imports for files in the 'lib' directory - lib\widgets\chat\message_bubble.dart:27:8 -
          always_use_package_imports
   info - Use 'package:' imports for files in the 'lib' directory - lib\widgets\chat\message_bubble.dart:28:8 -
          always_use_package_imports
   info - Use 'package:' imports for files in the 'lib' directory - lib\widgets\chat\message_bubble.dart:29:8 -
          always_use_package_imports
   info - Use 'package:' imports for files in the 'lib' directory - lib\widgets\chat\message_bubble.dart:30:8 -
          always_use_package_imports
   info - Use 'package:' imports for files in the 'lib' directory - lib\widgets\chat\message_bubble.dart:31:8 -
          always_use_package_imports
   info - Use 'package:' imports for files in the 'lib' directory - lib\widgets\chat\message_bubble.dart:32:8 -
          always_use_package_imports
   info - Use 'package:' imports for files in the 'lib' directory - lib\widgets\chat\message_bubble.dart:33:8 -
          always_use_package_imports
   info - Use 'package:' imports for files in the 'lib' directory - lib\widgets\chat\message_bubble.dart:34:8 -
          always_use_package_imports
   info - 'withOpacity' is deprecated and shouldn't be used. Use .withValues() to avoid precision loss -
          lib\widgets\chat\message_bubble.dart:91:39 - deprecated_member_use
   info - 'withOpacity' is deprecated and shouldn't be used. Use .withValues() to avoid precision loss -
          lib\widgets\chat\message_bubble.dart:127:47 - deprecated_member_use
   info - 'withOpacity' is deprecated and shouldn't be used. Use .withValues() to avoid precision loss -
          lib\widgets\chat\message_bubble.dart:178:49 - deprecated_member_use
warning - The left operand can't be null, so the right operand is never executed - lib\widgets\chat\message_bubble.dart:239:57 -
       dead_null_aware_expression
warning - The left operand can't be null, so the right operand is never executed - lib\widgets\chat\message_bubble.dart:255:31 -
       dead_null_aware_expression
   info - 'withOpacity' is deprecated and shouldn't be used. Use .withValues() to avoid precision loss -
          lib\widgets\chat\message_bubble.dart:367:43 - deprecated_member_use
   info - 'withOpacity' is deprecated and shouldn't be used. Use .withValues() to avoid precision loss -
          lib\widgets\chat\message_bubble.dart:535:51 - deprecated_member_use
   info - 'withOpacity' is deprecated and shouldn't be used. Use .withValues() to avoid precision loss -
          lib\widgets\chat\message_bubble.dart:576:70 - deprecated_member_use
   info - 'withOpacity' is deprecated and shouldn't be used. Use .withValues() to avoid precision loss -
          lib\widgets\chat\message_bubble.dart:581:39 - deprecated_member_use
   info - 'withOpacity' is deprecated and shouldn't be used. Use .withValues() to avoid precision loss -
          lib\widgets\chat\message_bubble.dart:641:39 - deprecated_member_use
   info - 'withOpacity' is deprecated and shouldn't be used. Use .withValues() to avoid precision loss -
          lib\widgets\chat\message_bubble.dart:652:30 - deprecated_member_use
   info - 'withOpacity' is deprecated and shouldn't be used. Use .withValues() to avoid precision loss -
          lib\widgets\chat\message_bubble.dart:696:36 - deprecated_member_use
   info - 'withOpacity' is deprecated and shouldn't be used. Use .withValues() to avoid precision loss -
          lib\widgets\chat\message_bubble.dart:701:34 - deprecated_member_use
   info - 'withOpacity' is deprecated and shouldn't be used. Use .withValues() to avoid precision loss -
          lib\widgets\chat\message_bubble.dart:705:34 - deprecated_member_use
   info - 'withOpacity' is deprecated and shouldn't be used. Use .withValues() to avoid precision loss -
          lib\widgets\chat\message_bubble.dart:709:34 - deprecated_member_use
warning - The value of the local variable 'scheme' isn't used - lib\widgets\chat\message_bubble.dart:747:11 - unused_local_variable
   info - Missing a required trailing comma - lib\widgets\chat\message_bubble.dart:786:12 - require_trailing_commas
   info - 'withOpacity' is deprecated and shouldn't be used. Use .withValues() to avoid precision loss -
          lib\widgets\chat\message_bubble.dart:818:41 - deprecated_member_use
   info - 'withOpacity' is deprecated and shouldn't be used. Use .withValues() to avoid precision loss -
          lib\widgets\chat\message_bubble.dart:819:42 - deprecated_member_use
   info - 'withOpacity' is deprecated and shouldn't be used. Use .withValues() to avoid precision loss -
          lib\widgets\chat\message_bubble.dart:842:43 - deprecated_member_use
   info - Use 'package:' imports for files in the 'lib' directory - lib\widgets\chat\reply_preview.dart:26:8 -
          always_use_package_imports
   info - Use 'package:' imports for files in the 'lib' directory - lib\widgets\chat\reply_preview.dart:27:8 -
          always_use_package_imports
   info - 'surfaceVariant' is deprecated and shouldn't be used. Use surfaceContainerHighest instead. This feature was deprecated
          after v3.18.0-0.1.pre - lib\widgets\chat\reply_preview.dart:95:24 - deprecated_member_use
   info - 'withOpacity' is deprecated and shouldn't be used. Use .withValues() to avoid precision loss -
          lib\widgets\chat\reply_preview.dart:95:39 - deprecated_member_use
   info - 'withOpacity' is deprecated and shouldn't be used. Use .withValues() to avoid precision loss -
          lib\widgets\chat\reply_preview.dart:135:46 - deprecated_member_use
warning - The left operand can't be null, so the right operand is never executed - lib\widgets\chat\reply_preview.dart:216:38 -
       dead_null_aware_expression
warning - The left operand can't be null, so the right operand is never executed - lib\widgets\chat\reply_preview.dart:227:38 -
       dead_null_aware_expression
warning - The left operand can't be null, so the right operand is never executed - lib\widgets\chat\reply_preview.dart:238:36 -
       dead_null_aware_expression
   info - 'withOpacity' is deprecated and shouldn't be used. Use .withValues() to avoid precision loss -
          lib\widgets\chat\reply_preview.dart:266:40 - deprecated_member_use
   info - 'withOpacity' is deprecated and shouldn't be used. Use .withValues() to avoid precision loss -
          lib\widgets\chat\reply_preview.dart:279:44 - deprecated_member_use
   info - 'withOpacity' is deprecated and shouldn't be used. Use .withValues() to avoid precision loss -
          lib\widgets\chat\reply_preview.dart:291:48 - deprecated_member_use
   info - 'withOpacity' is deprecated and shouldn't be used. Use .withValues() to avoid precision loss -
          lib\widgets\chat\reply_preview.dart:304:38 - deprecated_member_use
   info - 'withOpacity' is deprecated and shouldn't be used. Use .withValues() to avoid precision loss -
          lib\widgets\chat\reply_preview.dart:312:38 - deprecated_member_use
   info - 'withOpacity' is deprecated and shouldn't be used. Use .withValues() to avoid precision loss -
          lib\widgets\chat\reply_preview.dart:325:36 - deprecated_member_use
   info - Use 'package:' imports for files in the 'lib' directory - lib\widgets\chat\typing_indicator.dart:20:8 -
          always_use_package_imports
   info - Use 'package:' imports for files in the 'lib' directory - lib\widgets\chat\typing_indicator.dart:21:8 -
          always_use_package_imports
   info - 'withOpacity' is deprecated and shouldn't be used. Use .withValues() to avoid precision loss -
          lib\widgets\chat\typing_indicator.dart:154:45 - deprecated_member_use
   info - 'withOpacity' is deprecated and shouldn't be used. Use .withValues() to avoid precision loss -
          lib\widgets\chat\typing_indicator.dart:162:37 - deprecated_member_use
   info - 'withOpacity' is deprecated and shouldn't be used. Use .withValues() to avoid precision loss -
          lib\widgets\chat\typing_indicator.dart:175:45 - deprecated_member_use
   info - 'withOpacity' is deprecated and shouldn't be used. Use .withValues() to avoid precision loss -
          lib\widgets\chat\typing_indicator.dart:280:48 - deprecated_member_use
   info - 'withOpacity' is deprecated and shouldn't be used. Use .withValues() to avoid precision loss -
          lib\widgets\chat\typing_indicator.dart:282:48 - deprecated_member_use
   info - 'withOpacity' is deprecated and shouldn't be used. Use .withValues() to avoid precision loss -
          lib\widgets\chat\typing_indicator.dart:284:48 - deprecated_member_use
   info - 'withOpacity' is deprecated and shouldn't be used. Use .withValues() to avoid precision loss -
          lib\widgets\chat\typing_indicator.dart:317:34 - deprecated_member_use
   info - Use 'package:' imports for files in the 'lib' directory - lib\widgets\user_account_picker_dialog.dart:5:8 -
          always_use_package_imports
   info - Use 'package:' imports for files in the 'lib' directory - lib\widgets\user_account_picker_dialog.dart:6:8 -
          always_use_package_imports
warning - Unnecessary type check; the result is always 'true' - lib\widgets\user_account_picker_dialog.dart:138:11 -
       unnecessary_type_check
   info - Missing a required trailing comma - lib\widgets\user_account_picker_dialog.dart:178:52 - require_trailing_commas
   info - Missing a required trailing comma - lib\widgets\user_account_picker_dialog.dart:233:57 - require_trailing_commas
   info - The import of 'package:sqflite_common/sqlite_api.dart' is unnecessary because all of the used elements are also provided by
          the import of 'package:sqflite_common_ffi/sqflite_ffi.dart' - test\sync_fk_mapping_test.dart:6:8 - unnecessary_import
   info - The imported package 'sqflite_common' isn't a dependency of the importing package - test\sync_fk_mapping_test.dart:6:8 -
          depend_on_referenced_packages
   info - The local variable '_randSuffix' starts with an underscore - tool\insert_random_drugs.dart:10:10 -
          no_leading_underscores_for_local_identifiers
warning - Unused import: 'dart:math' - tool\sync_cross_device_smoke_test.dart:6:8 - unused_import
warning - The value of the local variable 'ownerLocal' isn't used - tool\sync_cross_device_smoke_test.dart:86:9 -
       unused_local_variable

2565 issues found. (ran in 11.6s)
PS C:\Users\zidan\AndroidStudioProjects\aelmamclinic>